Archive member included to satisfy reference by file (symbol)

C:/ST/STM32CubeIDE_1.17.0/STM32CubeIDE/plugins/com.st.stm32cube.ide.mcu.externaltools.gnu-tools-for-stm32.12.3.rel1.win32_1.1.0.202410251130/tools/bin/../lib/gcc/arm-none-eabi/12.3.1/../../../../arm-none-eabi/lib/thumb/v6-m/nofp\libc.a(libc_a-atof.o)
                              BOS\BOS_CLI.o (atof)
C:/ST/STM32CubeIDE_1.17.0/STM32CubeIDE/plugins/com.st.stm32cube.ide.mcu.externaltools.gnu-tools-for-stm32.12.3.rel1.win32_1.1.0.202410251130/tools/bin/../lib/gcc/arm-none-eabi/12.3.1/../../../../arm-none-eabi/lib/thumb/v6-m/nofp\libc.a(libc_a-atoi.o)
                              BOS\BOS_CLIcommands.o (atoi)
C:/ST/STM32CubeIDE_1.17.0/STM32CubeIDE/plugins/com.st.stm32cube.ide.mcu.externaltools.gnu-tools-for-stm32.12.3.rel1.win32_1.1.0.202410251130/tools/bin/../lib/gcc/arm-none-eabi/12.3.1/../../../../arm-none-eabi/lib/thumb/v6-m/nofp\libc.a(libc_a-atol.o)
                              BOS\BOS.o (atol)
C:/ST/STM32CubeIDE_1.17.0/STM32CubeIDE/plugins/com.st.stm32cube.ide.mcu.externaltools.gnu-tools-for-stm32.12.3.rel1.win32_1.1.0.202410251130/tools/bin/../lib/gcc/arm-none-eabi/12.3.1/../../../../arm-none-eabi/lib/thumb/v6-m/nofp\libc.a(libc_a-exit.o)
                              C:/ST/STM32CubeIDE_1.17.0/STM32CubeIDE/plugins/com.st.stm32cube.ide.mcu.externaltools.gnu-tools-for-stm32.12.3.rel1.win32_1.1.0.202410251130/tools/bin/../lib/gcc/arm-none-eabi/12.3.1/../../../../arm-none-eabi/lib/thumb/v6-m/nofp/crt0.o (exit)
C:/ST/STM32CubeIDE_1.17.0/STM32CubeIDE/plugins/com.st.stm32cube.ide.mcu.externaltools.gnu-tools-for-stm32.12.3.rel1.win32_1.1.0.202410251130/tools/bin/../lib/gcc/arm-none-eabi/12.3.1/../../../../arm-none-eabi/lib/thumb/v6-m/nofp\libc.a(libc_a-malloc.o)
                              BOS\BOS.o (malloc)
C:/ST/STM32CubeIDE_1.17.0/STM32CubeIDE/plugins/com.st.stm32cube.ide.mcu.externaltools.gnu-tools-for-stm32.12.3.rel1.win32_1.1.0.202410251130/tools/bin/../lib/gcc/arm-none-eabi/12.3.1/../../../../arm-none-eabi/lib/thumb/v6-m/nofp\libc.a(libc_a-mallocr.o)
                              C:/ST/STM32CubeIDE_1.17.0/STM32CubeIDE/plugins/com.st.stm32cube.ide.mcu.externaltools.gnu-tools-for-stm32.12.3.rel1.win32_1.1.0.202410251130/tools/bin/../lib/gcc/arm-none-eabi/12.3.1/../../../../arm-none-eabi/lib/thumb/v6-m/nofp\libc.a(libc_a-malloc.o) (_malloc_r)
C:/ST/STM32CubeIDE_1.17.0/STM32CubeIDE/plugins/com.st.stm32cube.ide.mcu.externaltools.gnu-tools-for-stm32.12.3.rel1.win32_1.1.0.202410251130/tools/bin/../lib/gcc/arm-none-eabi/12.3.1/../../../../arm-none-eabi/lib/thumb/v6-m/nofp\libc.a(libc_a-mlock.o)
                              C:/ST/STM32CubeIDE_1.17.0/STM32CubeIDE/plugins/com.st.stm32cube.ide.mcu.externaltools.gnu-tools-for-stm32.12.3.rel1.win32_1.1.0.202410251130/tools/bin/../lib/gcc/arm-none-eabi/12.3.1/../../../../arm-none-eabi/lib/thumb/v6-m/nofp\libc.a(libc_a-mallocr.o) (__malloc_lock)
C:/ST/STM32CubeIDE_1.17.0/STM32CubeIDE/plugins/com.st.stm32cube.ide.mcu.externaltools.gnu-tools-for-stm32.12.3.rel1.win32_1.1.0.202410251130/tools/bin/../lib/gcc/arm-none-eabi/12.3.1/../../../../arm-none-eabi/lib/thumb/v6-m/nofp\libc.a(libc_a-rand.o)
                              BOS\BOS_CLIcommands.o (rand)
C:/ST/STM32CubeIDE_1.17.0/STM32CubeIDE/plugins/com.st.stm32cube.ide.mcu.externaltools.gnu-tools-for-stm32.12.3.rel1.win32_1.1.0.202410251130/tools/bin/../lib/gcc/arm-none-eabi/12.3.1/../../../../arm-none-eabi/lib/thumb/v6-m/nofp\libc.a(libc_a-realloc.o)
                              BOS\BOS_CLI.o (realloc)
C:/ST/STM32CubeIDE_1.17.0/STM32CubeIDE/plugins/com.st.stm32cube.ide.mcu.externaltools.gnu-tools-for-stm32.12.3.rel1.win32_1.1.0.202410251130/tools/bin/../lib/gcc/arm-none-eabi/12.3.1/../../../../arm-none-eabi/lib/thumb/v6-m/nofp\libc.a(libc_a-reallocr.o)
                              C:/ST/STM32CubeIDE_1.17.0/STM32CubeIDE/plugins/com.st.stm32cube.ide.mcu.externaltools.gnu-tools-for-stm32.12.3.rel1.win32_1.1.0.202410251130/tools/bin/../lib/gcc/arm-none-eabi/12.3.1/../../../../arm-none-eabi/lib/thumb/v6-m/nofp\libc.a(libc_a-realloc.o) (_realloc_r)
C:/ST/STM32CubeIDE_1.17.0/STM32CubeIDE/plugins/com.st.stm32cube.ide.mcu.externaltools.gnu-tools-for-stm32.12.3.rel1.win32_1.1.0.202410251130/tools/bin/../lib/gcc/arm-none-eabi/12.3.1/../../../../arm-none-eabi/lib/thumb/v6-m/nofp\libc.a(libc_a-strtod.o)
                              C:/ST/STM32CubeIDE_1.17.0/STM32CubeIDE/plugins/com.st.stm32cube.ide.mcu.externaltools.gnu-tools-for-stm32.12.3.rel1.win32_1.1.0.202410251130/tools/bin/../lib/gcc/arm-none-eabi/12.3.1/../../../../arm-none-eabi/lib/thumb/v6-m/nofp\libc.a(libc_a-atof.o) (strtod)
C:/ST/STM32CubeIDE_1.17.0/STM32CubeIDE/plugins/com.st.stm32cube.ide.mcu.externaltools.gnu-tools-for-stm32.12.3.rel1.win32_1.1.0.202410251130/tools/bin/../lib/gcc/arm-none-eabi/12.3.1/../../../../arm-none-eabi/lib/thumb/v6-m/nofp\libc.a(libc_a-strtol.o)
[...]
Memory Configuration

Name             Origin             Length             Attributes
RAM              0x20000000         0x00024000         xrw
FLASH            0x08000000         0x00080000         xr
*default*        0x00000000         0xffffffff

Linker script and memory map

LOAD C:/ST/STM32CubeIDE_1.17.0/STM32CubeIDE/plugins/com.st.stm32cube.ide.mcu.externaltools.gnu-tools-for-stm32.12.3.rel1.win32_1.1.0.202410251130/tools/bin/../lib/gcc/arm-none-eabi/12.3.1/thumb/v6-m/nofp/crti.o
LOAD C:/ST/STM32CubeIDE_1.17.0/STM32CubeIDE/plugins/com.st.stm32cube.ide.mcu.externaltools.gnu-tools-for-stm32.12.3.rel1.win32_1.1.0.202410251130/tools/bin/../lib/gcc/arm-none-eabi/12.3.1/thumb/v6-m/nofp/crtbegin.o
LOAD C:/ST/STM32CubeIDE_1.17.0/STM32CubeIDE/plugins/com.st.stm32cube.ide.mcu.externaltools.gnu-tools-for-stm32.12.3.rel1.win32_1.1.0.202410251130/tools/bin/../lib/gcc/arm-none-eabi/12.3.1/../../../../arm-none-eabi/lib/thumb/v6-m/nofp/crt0.o
LOAD BOS\BOS.o
LOAD BOS\BOS_CLI.o
LOAD BOS\BOS_CLIcommands.o
LOAD BOS\BOS_dma.o
LOAD BOS\BOS_freertos.o
LOAD BOS\BOS_messaging.o
LOAD BOS\BOS_msgparser.o
LOAD H17R1\H17R1.o
LOAD H17R1\H17R1_dma.o
LOAD H17R1\H17R1_eeprom.o
LOAD H17R1\H17R1_gpio.o
LOAD H17R1\H17R1_inputs.o
LOAD H17R1\H17R1_it.o
LOAD H17R1\H17R1_rtc.o
LOAD H17R1\H17R1_spi.o
LOAD H17R1\H17R1_timers.o
LOAD H17R1\H17R1_uart.o
LOAD H17R1\startup_stm32g0b1ceuxn.o
LOAD Thirdparty\CMSIS\STM32G0xx\Device\ST\STM32G0xx\Source\Templates\system_stm32g0xx.o
LOAD Thirdparty\EEPROM_Emul\Core\eeprom_emul.o
LOAD Thirdparty\EEPROM_Emul\Porting\STM32G0\flash_interface.o
LOAD Thirdparty\Middleware\STM32G0xx\FreeRTOS\Source\CMSIS_RTOS\cmsis_os.o
LOAD Thirdparty\Middleware\STM32G0xx\FreeRTOS\Source\FreeRTOS_CLI.o
LOAD Thirdparty\Middleware\STM32G0xx\FreeRTOS\Source\croutine.o
LOAD Thirdparty\Middleware\STM32G0xx\FreeRTOS\Source\event_groups.o
LOAD Thirdparty\Middleware\STM32G0xx\FreeRTOS\Source\list.o
LOAD Thirdparty\Middleware\STM32G0xx\FreeRTOS\Source\portable\GCC\ARM_CM0\port.o
LOAD Thirdparty\Middleware\STM32G0xx\FreeRTOS\Source\portable\MemMang\heap_4.o
LOAD Thirdparty\Middleware\STM32G0xx\FreeRTOS\Source\queue.o
LOAD Thirdparty\Middleware\STM32G0xx\FreeRTOS\Source\stream_buffer.o
LOAD Thirdparty\Middleware\STM32G0xx\FreeRTOS\Source\tasks.o
LOAD Thirdparty\Middleware\STM32G0xx\FreeRTOS\Source\timers.o
LOAD Thirdparty\PowerStep01-Stepper\powerstep01.o
LOAD Thirdparty\STM32G0xx_HAL_Driver\Src\stm32g0xx_hal.o
LOAD Thirdparty\STM32G0xx_HAL_Driver\Src\stm32g0xx_hal_adc.o
LOAD Thirdparty\STM32G0xx_HAL_Driver\Src\stm32g0xx_hal_adc_ex.o
LOAD Thirdparty\STM32G0xx_HAL_Driver\Src\stm32g0xx_hal_cec.o
LOAD Thirdparty\STM32G0xx_HAL_Driver\Src\stm32g0xx_hal_comp.o
LOAD Thirdparty\STM32G0xx_HAL_Driver\Src\stm32g0xx_hal_cortex.o
LOAD Thirdparty\STM32G0xx_HAL_Driver\Src\stm32g0xx_hal_crc.o
LOAD Thirdparty\STM32G0xx_HAL_Driver\Src\stm32g0xx_hal_crc_ex.o
LOAD Thirdparty\STM32G0xx_HAL_Driver\Src\stm32g0xx_hal_cryp.o
LOAD Thirdparty\STM32G0xx_HAL_Driver\Src\stm32g0xx_hal_cryp_ex.o
LOAD Thirdparty\STM32G0xx_HAL_Driver\Src\stm32g0xx_hal_dac.o
LOAD Thirdparty\STM32G0xx_HAL_Driver\Src\stm32g0xx_hal_dac_ex.o
LOAD Thirdparty\STM32G0xx_HAL_Driver\Src\stm32g0xx_hal_dma.o
LOAD Thirdparty\STM32G0xx_HAL_Driver\Src\stm32g0xx_hal_dma_ex.o
LOAD Thirdparty\STM32G0xx_HAL_Driver\Src\stm32g0xx_hal_exti.o
LOAD Thirdparty\STM32G0xx_HAL_Driver\Src\stm32g0xx_hal_fdcan.o
LOAD Thirdparty\STM32G0xx_HAL_Driver\Src\stm32g0xx_hal_flash.o
LOAD Thirdparty\STM32G0xx_HAL_Driver\Src\stm32g0xx_hal_flash_ex.o
LOAD Thirdparty\STM32G0xx_HAL_Driver\Src\stm32g0xx_hal_gpio.o
LOAD Thirdparty\STM32G0xx_HAL_Driver\Src\stm32g0xx_hal_hcd.o
LOAD Thirdparty\STM32G0xx_HAL_Driver\Src\stm32g0xx_hal_i2c.o
LOAD Thirdparty\STM32G0xx_HAL_Driver\Src\stm32g0xx_hal_i2c_ex.o
LOAD Thirdparty\STM32G0xx_HAL_Driver\Src\stm32g0xx_hal_i2s.o
LOAD Thirdparty\STM32G0xx_HAL_Driver\Src\stm32g0xx_hal_irda.o
LOAD Thirdparty\STM32G0xx_HAL_Driver\Src\stm32g0xx_hal_iwdg.o
LOAD Thirdparty\STM32G0xx_HAL_Driver\Src\stm32g0xx_hal_lptim.o
LOAD Thirdparty\STM32G0xx_HAL_Driver\Src\stm32g0xx_hal_msp_template.o
LOAD Thirdparty\STM32G0xx_HAL_Driver\Src\stm32g0xx_hal_pcd.o
LOAD Thirdparty\STM32G0xx_HAL_Driver\Src\stm32g0xx_hal_pcd_ex.o
LOAD Thirdparty\STM32G0xx_HAL_Driver\Src\stm32g0xx_hal_pwr.o
LOAD Thirdparty\STM32G0xx_HAL_Driver\Src\stm32g0xx_hal_pwr_ex.o
LOAD Thirdparty\STM32G0xx_HAL_Driver\Src\stm32g0xx_hal_rcc.o
LOAD Thirdparty\STM32G0xx_HAL_Driver\Src\stm32g0xx_hal_rcc_ex.o
LOAD Thirdparty\STM32G0xx_HAL_Driver\Src\stm32g0xx_hal_rng.o
LOAD Thirdparty\STM32G0xx_HAL_Driver\Src\stm32g0xx_hal_rtc.o
LOAD Thirdparty\STM32G0xx_HAL_Driver\Src\stm32g0xx_hal_rtc_ex.o
LOAD Thirdparty\STM32G0xx_HAL_Driver\Src\stm32g0xx_hal_smartcard.o
LOAD Thirdparty\STM32G0xx_HAL_Driver\Src\stm32g0xx_hal_smartcard_ex.o
LOAD Thirdparty\STM32G0xx_HAL_Driver\Src\stm32g0xx_hal_smbus.o
LOAD Thirdparty\STM32G0xx_HAL_Driver\Src\stm32g0xx_hal_smbus_ex.o
LOAD Thirdparty\STM32G0xx_HAL_Driver\Src\stm32g0xx_hal_spi.o
LOAD Thirdparty\STM32G0xx_HAL_Driver\Src\stm32g0xx_hal_spi_ex.o
LOAD Thirdparty\STM32G0xx_HAL_Driver\Src\stm32g0xx_hal_tim.o
LOAD Thirdparty\STM32G0xx_HAL_Driver\Src\stm32g0xx_hal_tim_ex.o
LOAD Thirdparty\STM32G0xx_HAL_Driver\Src\stm32g0xx_hal_uart.o
LOAD Thirdparty\STM32G0xx_HAL_Driver\Src\stm32g0xx_hal_uart_ex.o
LOAD Thirdparty\STM32G0xx_HAL_Driver\Src\stm32g0xx_hal_usart.o
LOAD Thirdparty\STM32G0xx_HAL_Driver\Src\stm32g0xx_hal_usart_ex.o
LOAD Thirdparty\STM32G0xx_HAL_Driver\Src\stm32g0xx_hal_wwdg.o
LOAD Thirdparty\STM32G0xx_HAL_Driver\Src\stm32g0xx_ll_adc.o
LOAD Thirdparty\STM32G0xx_HAL_Driver\Src\stm32g0xx_ll_comp.o
LOAD Thirdparty\STM32G0xx_HAL_Driver\Src\stm32g0xx_ll_crc.o
LOAD Thirdparty\STM32G0xx_HAL_Driver\Src\stm32g0xx_ll_crs.o
LOAD Thirdparty\STM32G0xx_HAL_Driver\Src\stm32g0xx_ll_dac.o
LOAD Thirdparty\STM32G0xx_HAL_Driver\Src\stm32g0xx_ll_dma.o
LOAD Thirdparty\STM32G0xx_HAL_Driver\Src\stm32g0xx_ll_exti.o
LOAD Thirdparty\STM32G0xx_HAL_Driver\Src\stm32g0xx_ll_gpio.o
LOAD Thirdparty\STM32G0xx_HAL_Driver\Src\stm32g0xx_ll_i2c.o
LOAD Thirdparty\STM32G0xx_HAL_Driver\Src\stm32g0xx_ll_lptim.o
LOAD Thirdparty\STM32G0xx_HAL_Driver\Src\stm32g0xx_ll_lpuart.o
LOAD Thirdparty\STM32G0xx_HAL_Driver\Src\stm32g0xx_ll_pwr.o
LOAD Thirdparty\STM32G0xx_HAL_Driver\Src\stm32g0xx_ll_rcc.o
LOAD Thirdparty\STM32G0xx_HAL_Driver\Src\stm32g0xx_ll_rng.o
LOAD Thirdparty\STM32G0xx_HAL_Driver\Src\stm32g0xx_ll_rtc.o
LOAD Thirdparty\STM32G0xx_HAL_Driver\Src\stm32g0xx_ll_spi.o
LOAD Thirdparty\STM32G0xx_HAL_Driver\Src\stm32g0xx_ll_tim.o
LOAD Thirdparty\STM32G0xx_HAL_Driver\Src\stm32g0xx_ll_ucpd.o
LOAD Thirdparty\STM32G0xx_HAL_Driver\Src\stm32g0xx_ll_usart.o
LOAD Thirdparty\STM32G0xx_HAL_Driver\Src\stm32g0xx_ll_usb.o
LOAD Thirdparty\STM32G0xx_HAL_Driver\Src\stm32g0xx_ll_utils.o
LOAD User\main.o
LOAD syscalls.o
START GROUP
LOAD C:/ST/STM32CubeIDE_1.17.0/STM32CubeIDE/plugins/com.st.stm32cube.ide.mcu.externaltools.gnu-tools-for-stm32.12.3.rel1.win32_1.1.0.202410251130/tools/bin/../lib/gcc/arm-none-eabi/12.3.1/../../../../arm-none-eabi/lib/thumb/v6-m/nofp\libc.a
LOAD C:/ST/STM32CubeIDE_1.17.0/STM32CubeIDE/plugins/com.st.stm32cube.ide.mcu.externaltools.gnu-tools-for-stm32.12.3.rel1.win32_1.1.0.202410251130/tools/bin/../lib/gcc/arm-none-eabi/12.3.1/../../../../arm-none-eabi/lib/thumb/v6-m/nofp\libm.a
END GROUP
START GROUP
LOAD C:/ST/STM32CubeIDE_1.17.0/STM32CubeIDE/plugins/com.st.stm32cube.ide.mcu.externaltools.gnu-tools-for-stm32.12.3.rel1.win32_1.1.0.202410251130/tools/bin/../lib/gcc/arm-none-eabi/12.3.1/thumb/v6-m/nofp\libgcc.a
LOAD C:/ST/STM32CubeIDE_1.17.0/STM32CubeIDE/plugins/com.st.stm32cube.ide.mcu.externaltools.gnu-tools-for-stm32.12.3.rel1.win32_1.1.0.202410251130/tools/bin/../lib/gcc/arm-none-eabi/12.3.1/../../../../arm-none-eabi/lib/thumb/v6-m/nofp\libc.a
END GROUP
START GROUP
LOAD C:/ST/STM32CubeIDE_1.17.0/STM32CubeIDE/plugins/com.st.stm32cube.ide.mcu.externaltools.gnu-tools-for-stm32.12.3.rel1.win32_1.1.0.202410251130/tools/bin/../lib/gcc/arm-none-eabi/12.3.1/thumb/v6-m/nofp\libgcc.a
LOAD C:/ST/STM32CubeIDE_1.17.0/STM32CubeIDE/plugins/com.st.stm32cube.ide.mcu.externaltools.gnu-tools-for-stm32.12.3.rel1.win32_1.1.0.202410251130/tools/bin/../lib/gcc/arm-none-eabi/12.3.1/../../../../arm-none-eabi/lib/thumb/v6-m/nofp\libc.a
LOAD C:/ST/STM32CubeIDE_1.17.0/STM32CubeIDE/plugins/com.st.stm32cube.ide.mcu.externaltools.gnu-tools-for-stm32.12.3.rel1.win32_1.1.0.202410251130/tools/bin/../lib/gcc/arm-none-eabi/12.3.1/../../../../arm-none-eabi/lib/thumb/v6-m/nofp\libnosys.a
END GROUP
LOAD C:/ST/STM32CubeIDE_1.17.0/STM32CubeIDE/plugins/com.st.stm32cube.ide.mcu.externaltools.gnu-tools-for-stm32.12.3.rel1.win32_1.1.0.202410251130/tools/bin/../lib/gcc/arm-none-eabi/12.3.1/thumb/v6-m/nofp/crtend.o
LOAD C:/ST/STM32CubeIDE_1.17.0/STM32CubeIDE/plugins/com.st.stm32cube.ide.mcu.externaltools.gnu-tools-for-stm32.12.3.rel1.win32_1.1.0.202410251130/tools/bin/../lib/gcc/arm-none-eabi/12.3.1/thumb/v6-m/nofp/crtn.o
                0x20024000                        _estack = (ORIGIN (RAM) + LENGTH (RAM))
                0x00000200                        _Min_Heap_Size = 0x200
                0x00000400                        _Min_Stack_Size = 0x400

.isr_vector     0x08000000       0xbc
                0x08000000                        . = ALIGN (0x4)
 *(.isr_vector)
 .isr_vector    0x08000000       0xbc H17R1\startup_stm32g0b1ceuxn.o
                0x08000000                g_pfnVectors
                0x080000bc                        . = ALIGN (0x4)

.text           0x080000c0    0x2c5e0
                0x080000c0                        . = ALIGN (0x4)
 *(.text)
 .text          0x080000c0       0x48 C:/ST/STM32CubeIDE_1.17.0/STM32CubeIDE/plugins/com.st.stm32cube.ide.mcu.externaltools.gnu-tools-for-stm32.12.3.rel1.win32_1.1.0.202410251130/tools/bin/../lib/gcc/arm-none-eabi/12.3.1/thumb/v6-m/nofp/crtbegin.o
 .text          0x08000108       0x14 C:/ST/STM32CubeIDE_1.17.0/STM32CubeIDE/plugins/com.st.stm32cube.ide.mcu.externaltools.gnu-tools-for-stm32.12.3.rel1.win32_1.1.0.202410251130/tools/bin/../lib/gcc/arm-none-eabi/12.3.1/../../../../arm-none-eabi/lib/thumb/v6-m/nofp\libc.a(libc_a-strcmp.o)
                0x08000108                strcmp
 .text          0x0800011c        0xe C:/ST/STM32CubeIDE_1.17.0/STM32CubeIDE/plugins/com.st.stm32cube.ide.mcu.externaltools.gnu-tools-for-stm32.12.3.rel1.win32_1.1.0.202410251130/tools/bin/../lib/gcc/arm-none-eabi/12.3.1/../../../../arm-none-eabi/lib/thumb/v6-m/nofp\libc.a(libc_a-strlen.o)
                0x0800011c                strlen
 *fill*         0x0800012a        0x2 
 .text          0x0800012c       0x14 C:/ST/STM32CubeIDE_1.17.0/STM32CubeIDE/plugins/com.st.stm32cube.ide.mcu.externaltools.gnu-tools-for-stm32.12.3.rel1.win32_1.1.0.202410251130/tools/bin/../lib/gcc/arm-none-eabi/12.3.1/thumb/v6-m/nofp\libgcc.a(_thumb1_case_uqi.o)
                0x0800012c                __gnu_thumb1_case_uqi
 .text          0x08000140       0x14 C:/ST/STM32CubeIDE_1.17.0/STM32CubeIDE/plugins/com.st.stm32cube.ide.mcu.externaltools.gnu-tools-for-stm32.12.3.rel1.win32_1.1.0.202410251130/tools/bin/../lib/gcc/arm-none-eabi/12.3.1/thumb/v6-m/nofp\libgcc.a(_thumb1_case_uhi.o)
                0x08000140                __gnu_thumb1_case_uhi
 .text          0x08000154      0x114 C:/ST/STM32CubeIDE_1.17.0/STM32CubeIDE/plugins/com.st.stm32cube.ide.mcu.externaltools.gnu-tools-for-stm32.12.3.rel1.win32_1.1.0.202410251130/tools/bin/../lib/gcc/arm-none-eabi/12.3.1/thumb/v6-m/nofp\libgcc.a(_udivsi3.o)
                0x08000154                __aeabi_uidiv
                0x08000154                __udivsi3
                0x08000260                __aeabi_uidivmod
 .text          0x08000268      0x1d4 C:/ST/STM32CubeIDE_1.17.0/STM32CubeIDE/plugins/com.st.stm32cube.ide.mcu.externaltools.gnu-tools-for-stm32.12.3.rel1.win32_1.1.0.202410251130/tools/bin/../lib/gcc/arm-none-eabi/12.3.1/thumb/v6-m/nofp\libgcc.a(_divsi3.o)
                0x08000268                __divsi3
                0x08000268                __aeabi_idiv
                0x08000434                __aeabi_idivmod
 .text          0x0800043c        0x4 C:/ST/STM32CubeIDE_1.17.0/STM32CubeIDE/plugins/com.st.stm32cube.ide.mcu.externaltools.gnu-tools-for-stm32.12.3.rel1.win32_1.1.0.202410251130/tools/bin/../lib/gcc/arm-none-eabi/12.3.1/thumb/v6-m/nofp\libgcc.a(_dvmd_tls.o)
                0x0800043c                __aeabi_idiv0
                0x0800043c                __aeabi_ldiv0
 .text          0x08000440       0x7c C:/ST/STM32CubeIDE_1.17.0/STM32CubeIDE/plugins/com.st.stm32cube.ide.mcu.externaltools.gnu-tools-for-stm32.12.3.rel1.win32_1.1.0.202410251130/tools/bin/../lib/gcc/arm-none-eabi/12.3.1/thumb/v6-m/nofp\libgcc.a(_arm_cmpdf2.o)
                0x08000440                __aeabi_cdrcmple
                0x08000450                __aeabi_cdcmple
                0x08000450                __aeabi_cdcmpeq
                0x08000460                __aeabi_dcmpeq
                0x0800046c                __aeabi_dcmplt
                0x08000480                __aeabi_dcmple
                0x08000494                __aeabi_dcmpgt
                0x080004a8                __aeabi_dcmpge
 .text          0x080004bc       0x74 C:/ST/STM32CubeIDE_1.17.0/STM32CubeIDE/plugins/com.st.stm32cube.ide.mcu.externaltools.gnu-tools-for-stm32.12.3.rel1.win32_1.1.0.202410251130/tools/bin/../lib/gcc/arm-none-eabi/12.3.1/thumb/v6-m/nofp\libgcc.a(_arm_cmpsf2.o)
                0x080004bc                __aeabi_cfrcmple
                0x080004c4                __aeabi_cfcmpeq
                0x080004c4                __aeabi_cfcmple
                0x080004d4                __aeabi_fcmpeq
                0x080004e0                __aeabi_fcmplt
                0x080004f4                __aeabi_fcmple
                0x08000508                __aeabi_fcmpgt
                0x0800051c                __aeabi_fcmpge
 .text          0x08000530       0x40 C:/ST/STM32CubeIDE_1.17.0/STM32CubeIDE/plugins/com.st.stm32cube.ide.mcu.externaltools.gnu-tools-for-stm32.12.3.rel1.win32_1.1.0.202410251130/tools/bin/../lib/gcc/arm-none-eabi/12.3.1/thumb/v6-m/nofp\libgcc.a(_aeabi_uldivmod.o)
                0x08000530                __aeabi_uldivmod
 .text          0x08000570       0x5c C:/ST/STM32CubeIDE_1.17.0/STM32CubeIDE/plugins/com.st.stm32cube.ide.mcu.externaltools.gnu-tools-for-stm32.12.3.rel1.win32_1.1.0.202410251130/tools/bin/../lib/gcc/arm-none-eabi/12.3.1/thumb/v6-m/nofp\libgcc.a(_muldi3.o)
                0x08000570                __muldi3
                0x08000570                __aeabi_lmul
 .text          0x080005cc       0x30 C:/ST/STM32CubeIDE_1.17.0/STM32CubeIDE/plugins/com.st.stm32cube.ide.mcu.externaltools.gnu-tools-for-stm32.12.3.rel1.win32_1.1.0.202410251130/tools/bin/../lib/gcc/arm-none-eabi/12.3.1/thumb/v6-m/nofp\libgcc.a(_fixunssfsi.o)
                0x080005cc                __fixunssfsi
                0x080005cc                __aeabi_f2uiz
 .text          0x080005fc       0x3c C:/ST/STM32CubeIDE_1.17.0/STM32CubeIDE/plugins/com.st.stm32cube.ide.mcu.externaltools.gnu-tools-for-stm32.12.3.rel1.win32_1.1.0.202410251130/tools/bin/../lib/gcc/arm-none-eabi/12.3.1/thumb/v6-m/nofp\libgcc.a(_fixunsdfsi.o)
                0x080005fc                __aeabi_d2uiz
                0x080005fc                __fixunsdfsi
 .text          0x08000638       0x38 C:/ST/STM32CubeIDE_1.17.0/STM32CubeIDE/plugins/com.st.stm32cube.ide.mcu.externaltools.gnu-tools-for-stm32.12.3.rel1.win32_1.1.0.202410251130/tools/bin/../lib/gcc/arm-none-eabi/12.3.1/thumb/v6-m/nofp\libgcc.a(_fixdfdi.o)
                0x08000638                __fixdfdi
                0x08000638                __aeabi_d2lz
 .text          0x08000670       0x3c C:/ST/STM32CubeIDE_1.17.0/STM32CubeIDE/plugins/com.st.stm32cube.ide.mcu.externaltools.gnu-tools-for-stm32.12.3.rel1.win32_1.1.0.202410251130/tools/bin/../lib/gcc/arm-none-eabi/12.3.1/thumb/v6-m/nofp\libgcc.a(_fixunsdfdi.o)
                0x08000670                __fixunsdfdi
                0x08000670                __aeabi_d2ulz
 .text          0x080006ac       0x2c C:/ST/STM32CubeIDE_1.17.0/STM32CubeIDE/plugins/com.st.stm32cube.ide.mcu.externaltools.gnu-tools-for-stm32.12.3.rel1.win32_1.1.0.202410251130/tools/bin/../lib/gcc/arm-none-eabi/12.3.1/thumb/v6-m/nofp\libgcc.a(_floatdidf.o)
                0x080006ac                __aeabi_l2d
                0x080006ac                __floatdidf
 .text          0x080006d8      0x198 C:/ST/STM32CubeIDE_1.17.0/STM32CubeIDE/plugins/com.st.stm32cube.ide.mcu.externaltools.gnu-tools-for-stm32.12.3.rel1.win32_1.1.0.202410251130/tools/bin/../lib/gcc/arm-none-eabi/12.3.1/thumb/v6-m/nofp\libgcc.a(_udivmoddi4.o)
                0x080006d8                __udivmoddi4
 .text          0x08000870      0x314 C:/ST/STM32CubeIDE_1.17.0/STM32CubeIDE/plugins/com.st.stm32cube.ide.mcu.externaltools.gnu-tools-for-stm32.12.3.rel1.win32_1.1.0.202410251130/tools/bin/../lib/gcc/arm-none-eabi/12.3.1/thumb/v6-m/nofp\libgcc.a(addsf3.o)
                0x08000870                __aeabi_fadd
 .text          0x08000b84       0x50 C:/ST/STM32CubeIDE_1.17.0/STM32CubeIDE/plugins/com.st.stm32cube.ide.mcu.externaltools.gnu-tools-for-stm32.12.3.rel1.win32_1.1.0.202410251130/tools/bin/../lib/gcc/arm-none-eabi/12.3.1/thumb/v6-m/nofp\libgcc.a(eqsf2.o)
                0x08000b84                __eqsf2
                0x08000b84                __nesf2
 .text          0x08000bd4       0xa0 C:/ST/STM32CubeIDE_1.17.0/STM32CubeIDE/plugins/com.st.stm32cube.ide.mcu.externaltools.gnu-tools-for-stm32.12.3.rel1.win32_1.1.0.202410251130/tools/bin/../lib/gcc/arm-none-eabi/12.3.1/thumb/v6-m/nofp\libgcc.a(gesf2.o)
                0x08000bd4                __gesf2
                0x08000bd4                __gtsf2
 .text          0x08000c74       0x9c C:/ST/STM32CubeIDE_1.17.0/STM32CubeIDE/plugins/com.st.stm32cube.ide.mcu.externaltools.gnu-tools-for-stm32.12.3.rel1.win32_1.1.0.202410251130/tools/bin/../lib/gcc/arm-none-eabi/12.3.1/thumb/v6-m/nofp\libgcc.a(lesf2.o)
                0x08000c74                __ltsf2
                0x08000c74                __lesf2
 .text          0x08000d10      0x27c C:/ST/STM32CubeIDE_1.17.0/STM32CubeIDE/plugins/com.st.stm32cube.ide.mcu.externaltools.gnu-tools-for-stm32.12.3.rel1.win32_1.1.0.202410251130/tools/bin/../lib/gcc/arm-none-eabi/12.3.1/thumb/v6-m/nofp\libgcc.a(mulsf3.o)
                0x08000d10                __aeabi_fmul
 .text          0x08000f8c      0x348 C:/ST/STM32CubeIDE_1.17.0/STM32CubeIDE/plugins/com.st.stm32cube.ide.mcu.externaltools.gnu-tools-for-stm32.12.3.rel1.win32_1.1.0.202410251130/tools/bin/../lib/gcc/arm-none-eabi/12.3.1/thumb/v6-m/nofp\libgcc.a(subsf3.o)
                0x08000f8c                __aeabi_fsub
 .text          0x080012d4       0x40 C:/ST/STM32CubeIDE_1.17.0/STM32CubeIDE/plugins/com.st.stm32cube.ide.mcu.externaltools.gnu-tools-for-stm32.12.3.rel1.win32_1.1.0.202410251130/tools/bin/../lib/gcc/arm-none-eabi/12.3.1/thumb/v6-m/nofp\libgcc.a(fixsfsi.o)
                0x080012d4                __aeabi_f2iz
 .text          0x08001314       0x98 C:/ST/STM32CubeIDE_1.17.0/STM32CubeIDE/plugins/com.st.stm32cube.ide.mcu.externaltools.gnu-tools-for-stm32.12.3.rel1.win32_1.1.0.202410251130/tools/bin/../lib/gcc/arm-none-eabi/12.3.1/thumb/v6-m/nofp\libgcc.a(floatsisf.o)
                0x08001314                __aeabi_i2f
 .text          0x080013ac       0x84 C:/ST/STM32CubeIDE_1.17.0/STM32CubeIDE/plugins/com.st.stm32cube.ide.mcu.externaltools.gnu-tools-for-stm32.12.3.rel1.win32_1.1.0.202410251130/tools/bin/../lib/gcc/arm-none-eabi/12.3.1/thumb/v6-m/nofp\libgcc.a(floatunsisf.o)
                0x080013ac                __aeabi_ui2f
 .text          0x08001430      0x6c8 C:/ST/STM32CubeIDE_1.17.0/STM32CubeIDE/plugins/com.st.stm32cube.ide.mcu.externaltools.gnu-tools-for-stm32.12.3.rel1.win32_1.1.0.202410251130/tools/bin/../lib/gcc/arm-none-eabi/12.3.1/thumb/v6-m/nofp\libgcc.a(adddf3.o)
                0x08001430                __aeabi_dadd
 .text          0x08001af8      0x634 C:/ST/STM32CubeIDE_1.17.0/STM32CubeIDE/plugins/com.st.stm32cube.ide.mcu.externaltools.gnu-tools-for-stm32.12.3.rel1.win32_1.1.0.202410251130/tools/bin/../lib/gcc/arm-none-eabi/12.3.1/thumb/v6-m/nofp\libgcc.a(divdf3.o)
                0x08001af8                __aeabi_ddiv
 .text          0x0800212c       0x88 C:/ST/STM32CubeIDE_1.17.0/STM32CubeIDE/plugins/com.st.stm32cube.ide.mcu.externaltools.gnu-tools-for-stm32.12.3.rel1.win32_1.1.0.202410251130/tools/bin/../lib/gcc/arm-none-eabi/12.3.1/thumb/v6-m/nofp\libgcc.a(eqdf2.o)
                0x0800212c                __nedf2
                0x0800212c                __eqdf2
 .text          0x080021b4       0xe8 C:/ST/STM32CubeIDE_1.17.0/STM32CubeIDE/plugins/com.st.stm32cube.ide.mcu.externaltools.gnu-tools-for-stm32.12.3.rel1.win32_1.1.0.202410251130/tools/bin/../lib/gcc/arm-none-eabi/12.3.1/thumb/v6-m/nofp\libgcc.a(gedf2.o)
                0x080021b4                __gedf2
                0x080021b4                __gtdf2
 .text          0x0800229c       0xe4 C:/ST/STM32CubeIDE_1.17.0/STM32CubeIDE/plugins/com.st.stm32cube.ide.mcu.externaltools.gnu-tools-for-stm32.12.3.rel1.win32_1.1.0.202410251130/tools/bin/../lib/gcc/arm-none-eabi/12.3.1/thumb/v6-m/nofp\libgcc.a(ledf2.o)
                0x0800229c                __ledf2
                0x0800229c                __ltdf2
 .text          0x08002380      0x590 C:/ST/STM32CubeIDE_1.17.0/STM32CubeIDE/plugins/com.st.stm32cube.ide.mcu.externaltools.gnu-tools-for-stm32.12.3.rel1.win32_1.1.0.202410251130/tools/bin/../lib/gcc/arm-none-eabi/12.3.1/thumb/v6-m/nofp\libgcc.a(muldf3.o)
                0x08002380                __aeabi_dmul
 .text          0x08002910      0x738 C:/ST/STM32CubeIDE_1.17.0/STM32CubeIDE/plugins/com.st.stm32cube.ide.mcu.externaltools.gnu-tools-for-stm32.12.3.rel1.win32_1.1.0.202410251130/tools/bin/../lib/gcc/arm-none-eabi/12.3.1/thumb/v6-m/nofp\libgcc.a(subdf3.o)
                0x08002910                __aeabi_dsub
 .text          0x08003048       0x44 C:/ST/STM32CubeIDE_1.17.0/STM32CubeIDE/plugins/com.st.stm32cube.ide.mcu.externaltools.gnu-tools-for-stm32.12.3.rel1.win32_1.1.0.202410251130/tools/bin/../lib/gcc/arm-none-eabi/12.3.1/thumb/v6-m/nofp\libgcc.a(unorddf2.o)
                0x08003048                __aeabi_dcmpun
 .text          0x0800308c       0x78 C:/ST/STM32CubeIDE_1.17.0/STM32CubeIDE/plugins/com.st.stm32cube.ide.mcu.externaltools.gnu-tools-for-stm32.12.3.rel1.win32_1.1.0.202410251130/tools/bin/../lib/gcc/arm-none-eabi/12.3.1/thumb/v6-m/nofp\libgcc.a(fixdfsi.o)
                0x0800308c                __aeabi_d2iz
 .text          0x08003104       0x5c C:/ST/STM32CubeIDE_1.17.0/STM32CubeIDE/plugins/com.st.stm32cube.ide.mcu.externaltools.gnu-tools-for-stm32.12.3.rel1.win32_1.1.0.202410251130/tools/bin/../lib/gcc/arm-none-eabi/12.3.1/thumb/v6-m/nofp\libgcc.a(floatsidf.o)
                0x08003104                __aeabi_i2d
 .text          0x08003160       0x48 C:/ST/STM32CubeIDE_1.17.0/STM32CubeIDE/plugins/com.st.stm32cube.ide.mcu.externaltools.gnu-tools-for-stm32.12.3.rel1.win32_1.1.0.202410251130/tools/bin/../lib/gcc/arm-none-eabi/12.3.1/thumb/v6-m/nofp\libgcc.a(floatunsidf.o)
                0x08003160                __aeabi_ui2d
 .text          0x080031a8       0x90 C:/ST/STM32CubeIDE_1.17.0/STM32CubeIDE/plugins/com.st.stm32cube.ide.mcu.externaltools.gnu-tools-for-stm32.12.3.rel1.win32_1.1.0.202410251130/tools/bin/../lib/gcc/arm-none-eabi/12.3.1/thumb/v6-m/nofp\libgcc.a(extendsfdf2.o)
                0x080031a8                __aeabi_f2d
 .text          0x08003238      0x108 C:/ST/STM32CubeIDE_1.17.0/STM32CubeIDE/plugins/com.st.stm32cube.ide.mcu.externaltools.gnu-tools-for-stm32.12.3.rel1.win32_1.1.0.202410251130/tools/bin/../lib/gcc/arm-none-eabi/12.3.1/thumb/v6-m/nofp\libgcc.a(truncdfsf2.o)
                0x08003238                __aeabi_d2f
 .text          0x08003340       0x3c C:/ST/STM32CubeIDE_1.17.0/STM32CubeIDE/plugins/com.st.stm32cube.ide.mcu.externaltools.gnu-tools-for-stm32.12.3.rel1.win32_1.1.0.202410251130/tools/bin/../lib/gcc/arm-none-eabi/12.3.1/thumb/v6-m/nofp\libgcc.a(_clzsi2.o)
                0x08003340                __clzsi2
 .text          0x0800337c       0x18 C:/ST/STM32CubeIDE_1.17.0/STM32CubeIDE/plugins/com.st.stm32cube.ide.mcu.externaltools.gnu-tools-for-stm32.12.3.rel1.win32_1.1.0.202410251130/tools/bin/../lib/gcc/arm-none-eabi/12.3.1/thumb/v6-m/nofp\libgcc.a(_clzdi2.o)
                0x0800337c                __clzdi2
 *(.text*)
 .text.__NVIC_SystemReset
                0x08003394       0x24 BOS\BOS.o
 .text.LoadEEvars
                0x080033b8       0x2a BOS\BOS.o
                0x080033b8                LoadEEvars
 *fill*         0x080033e2        0x2 
 .text.LoadROtopology
                0x080033e4       0xfc BOS\BOS.o
                0x080033e4                LoadROtopology
 .text.LoadEEportsDir
                0x080034e0       0x68 BOS\BOS.o
                0x080034e0                LoadEEportsDir
 .text.LoadEEalias
                0x08003548       0xd8 BOS\BOS.o
                0x08003548                LoadEEalias
 .text.LoadEEgroup
                0x08003620      0x120 BOS\BOS.o
                0x08003620                LoadEEgroup
 .text.LoadEEstreams
                0x08003740      0x228 BOS\BOS.o
                0x08003740                LoadEEstreams
 .text.LoadEEparams
                0x08003968      0x2e4 BOS\BOS.o
                0x08003968                LoadEEparams
 .text.LoadEEbuttons
                0x08003c4c      0x124 BOS\BOS.o
                0x08003c4c                LoadEEbuttons
 .text.LoadROsnippets
                0x08003d70      0x1d8 BOS\BOS.o
                0x08003d70                LoadROsnippets
 .text.SaveEEportsDir
                0x08003f48       0x78 BOS\BOS.o
                0x08003f48                SaveEEportsDir
 .text.SaveEEalias
                0x08003fc0       0xd0 BOS\BOS.o
                0x08003fc0                SaveEEalias
 .text.SaveEEstreams
                0x08004090       0xdc BOS\BOS.o
                0x08004090                SaveEEstreams
 .text.SaveEEparams
                0x0800416c       0xb4 BOS\BOS.o
                0x0800416c                SaveEEparams
 .text.ClearEEportsDir
                0x08004220       0x84 BOS\BOS.o
                0x08004220                ClearEEportsDir
 .text.IsLowerCLIbaud
                0x080042a4       0xe8 BOS\BOS.o
                0x080042a4                IsLowerCLIbaud
 .text.IsModuleParameter
                0x0800438c       0x64 BOS\BOS.o
                0x0800438c                IsModuleParameter
 .text.IsMathOperator
                0x080043f0       0xc4 BOS\BOS.o
                0x080043f0                IsMathOperator
 .text.BOS_Init
                0x080044b4      0x13c BOS\BOS.o
                0x080044b4                BOS_Init
 .text.Module_Init
                0x080045f0       0x1e BOS\BOS.o
                0x080045f0                Module_Init
 *fill*         0x0800460e        0x2 
 .text.Explore  0x08004610      0xa14 BOS\BOS.o
                0x08004610                Explore
 .text.ExploreNeighbors
                0x08005024       0x90 BOS\BOS.o
                0x08005024                ExploreNeighbors
 .text.FindBroadcastRoutes
                0x080050b4      0x3b0 BOS\BOS.o
                0x080050b4                FindBroadcastRoutes
 .text.FindRoute
                0x08005464      0x2d8 BOS\BOS.o
                0x08005464                FindRoute
 .text.minArr   0x0800573c       0x88 BOS\BOS.o
                0x0800573c                minArr
 .text.QnotEmpty
                0x080057c4       0x50 BOS\BOS.o
                0x080057c4                QnotEmpty
 .text.DisplayTopology
                0x08005814      0x258 BOS\BOS.o
                0x08005814                DisplayTopology
 .text.DisplayPortsDir
                0x08005a6c      0x118 BOS\BOS.o
                0x08005a6c                DisplayPortsDir
 .text.DisplayModuleStatus
                0x08005b84      0x3b4 BOS\BOS.o
                0x08005b84                DisplayModuleStatus
 .text.GetID    0x08005f38      0x15c BOS\BOS.o
                0x08005f38                GetID
 .text.NameModule
                0x08006094      0x140 BOS\BOS.o
                0x08006094                NameModule
 .text.AddModuleToGroup
                0x080061d4      0x1b8 BOS\BOS.o
                0x080061d4                AddModuleToGroup
 .text.WriteToRemote
                0x0800638c      0x418 BOS\BOS.o
                0x0800638c                WriteToRemote
 .text.GetDateString
                0x080067a4       0x5c BOS\BOS.o
                0x080067a4                GetDateString
 .text.Bridge   0x08006800       0x4c BOS\BOS.o
                0x08006800                Bridge
 .text.Unbridge
                0x0800684c       0xbc BOS\BOS.o
                0x0800684c                Unbridge
 .text.prvCLITask
                0x08006908      0x254 BOS\BOS_CLI.o
                0x08006908                prvCLITask
 .text.CLI_CommandParser
                0x08006b5c      0x57c BOS\BOS_CLI.o
                0x08006b5c                CLI_CommandParser
 .text.StringToLowerCase
                0x080070d8       0x6c BOS\BOS_CLI.o
                0x080070d8                StringToLowerCase
 .text.AddSnippet
                0x08007144      0x118 BOS\BOS_CLI.o
                0x08007144                AddSnippet
 .text.ParseSnippetCondition
                0x0800725c      0x298 BOS\BOS_CLI.o
                0x0800725c                ParseSnippetCondition
 .text.CheckSnippetCondition
                0x080074f4      0x1cc BOS\BOS_CLI.o
                0x080074f4                CheckSnippetCondition
 .text.ExecuteSnippet
                0x080076c0       0xdc BOS\BOS_CLI.o
                0x080076c0                ExecuteSnippet
 .text.ParseSnippetCommand
                0x0800779c       0xe0 BOS\BOS_CLI.o
                0x0800779c                ParseSnippetCommand
 .text.__NVIC_SystemReset
                0x0800787c       0x24 BOS\BOS_CLIcommands.o
 .text.RegisterUserCLICommands
                0x080078a0        0xa BOS\BOS_CLIcommands.o
                0x080078a0                RegisterUserCLICommands
 *fill*         0x080078aa        0x2 
 .text.vRegisterCLICommands
                0x080078ac      0x1a4 BOS\BOS_CLIcommands.o
                0x080078ac                vRegisterCLICommands
 .text.prvTaskStatsCommand
                0x08007a50       0x40 BOS\BOS_CLIcommands.o
 .text.prvRunTimeStatsCommand
                0x08007a90       0x40 BOS\BOS_CLIcommands.o
 .text.pingCommand
                0x08007ad0       0x9c BOS\BOS_CLIcommands.o
 .text.bootloaderUpdateCommand
                0x08007b6c      0x200 BOS\BOS_CLIcommands.o
 .text.exploreCommand
                0x08007d6c       0xf8 BOS\BOS_CLIcommands.o
 .text.resetCommand
                0x08007e64       0x10 BOS\BOS_CLIcommands.o
 .text.nameCommand
                0x08007e74       0xe8 BOS\BOS_CLIcommands.o
 .text.groupCommand
                0x08007f5c      0x2fc BOS\BOS_CLIcommands.o
 .text.statusCommand
                0x08008258       0x1c BOS\BOS_CLIcommands.o
 .text.infoCommand
                0x08008274       0xfc BOS\BOS_CLIcommands.o
 .text.addbuttonCommand
                0x08008370      0x150 BOS\BOS_CLIcommands.o
 .text.removebuttonCommand
                0x080084c0       0x94 BOS\BOS_CLIcommands.o
 .text.setCommand
                0x08008554      0xba8 BOS\BOS_CLIcommands.o
 .text.getCommand
                0x080090fc      0x39c BOS\BOS_CLIcommands.o
 .text.defaultCommand
                0x08009498       0xf8 BOS\BOS_CLIcommands.o
 .text.timeCommand
                0x08009590       0xd8 BOS\BOS_CLIcommands.o
 .text.dateCommand
                0x08009668       0x34 BOS\BOS_CLIcommands.o
 .text.setBaudrateCommand
                0x0800969c       0xc0 BOS\BOS_CLIcommands.o
 .text.uuidCommand
                0x0800975c       0x90 BOS\BOS_CLIcommands.o
 .text.idcodeCommand
                0x080097ec       0x7c BOS\BOS_CLIcommands.o
 .text.flashsizeCommand
                0x08009868       0x34 BOS\BOS_CLIcommands.o
 .text.snipCommand
                0x0800989c      0x2dc BOS\BOS_CLIcommands.o
 .text.actSnipCommand
                0x08009b78       0xb8 BOS\BOS_CLIcommands.o
 .text.pauseSnipCommand
                0x08009c30       0xb8 BOS\BOS_CLIcommands.o
 .text.delSnipCommand
                0x08009ce8      0x1d4 BOS\BOS_CLIcommands.o
 .text.bridgeCommand
                0x08009ebc      0x11c BOS\BOS_CLIcommands.o
 .text.unbridgeCommand
                0x08009fd8      0x11c BOS\BOS_CLIcommands.o
 .text.testportCommand
                0x0800a0f4      0x2d8 BOS\BOS_CLIcommands.o
 .text.ADCReadCommand
                0x0800a3cc      0x12c BOS\BOS_CLIcommands.o
 .text.ReadTempCommand
                0x0800a4f8       0x54 BOS\BOS_CLIcommands.o
 .text.ReadVrefCommand
                0x0800a54c       0x54 BOS\BOS_CLIcommands.o
 .text.GetReadPercentageCommand
                0x0800a5a0      0x104 BOS\BOS_CLIcommands.o
 .text.StartDMAstream
                0x0800a6a4       0xb0 BOS\BOS_dma.o
                0x0800a6a4                StartDMAstream
 .text.DMA_IRQHandler
                0x0800a754      0x118 BOS\BOS_dma.o
                0x0800a754                DMA_IRQHandler
 .text.ResetUartORE
                0x0800a86c       0x3c BOS\BOS_dma.o
                0x0800a86c                ResetUartORE
 .text.MX_FREERTOS_Init
                0x0800a8a8      0x1cc BOS\BOS_freertos.o
                0x0800a8a8                MX_FREERTOS_Init
 .text.StartDefaultTask
                0x0800aa74      0x108 BOS\BOS_freertos.o
                0x0800aa74                StartDefaultTask
 .text.vMainConfigureTimerForRunTimeStats
                0x0800ab7c       0x2c BOS\BOS_freertos.o
                0x0800ab7c                vMainConfigureTimerForRunTimeStats
 .text.ulMainGetRunTimeCounterValue
                0x0800aba8       0x9c BOS\BOS_freertos.o
                0x0800aba8                ulMainGetRunTimeCounterValue
 .text.SetupDMAStreams
                0x0800ac44      0x3c8 BOS\BOS_messaging.o
                0x0800ac44                SetupDMAStreams
 .text.StreamTimerCallback
                0x0800b00c       0xa4 BOS\BOS_messaging.o
                0x0800b00c                StreamTimerCallback
 .text.ForwardReceivedMessage
                0x0800b0b0       0x8c BOS\BOS_messaging.o
                0x0800b0b0                ForwardReceivedMessage
 .text.BroadcastReceivedMessage
                0x0800b13c       0x70 BOS\BOS_messaging.o
                0x0800b13c                BroadcastReceivedMessage
 .text.NotifyMessagingTask
                0x0800b1ac       0x80 BOS\BOS_messaging.o
                0x0800b1ac                NotifyMessagingTask
 .text.BroadcastMessage
                0x0800b22c       0x94 BOS\BOS_messaging.o
                0x0800b22c                BroadcastMessage
 .text.SendMessageToModule
                0x0800b2c0       0xa4 BOS\BOS_messaging.o
                0x0800b2c0                SendMessageToModule
 .text.SendLargeMessageToModule
                0x0800b364      0x10c BOS\BOS_messaging.o
                0x0800b364                SendLargeMessageToModule
 .text.SendMessageFromPort
                0x0800b470      0x4e8 BOS\BOS_messaging.o
                0x0800b470                SendMessageFromPort
 .text.StartScastDMAStream
                0x0800b958      0x314 BOS\BOS_messaging.o
                0x0800b958                StartScastDMAStream
 .text.__NVIC_SystemReset
                0x0800bc6c       0x24 BOS\BOS_msgparser.o
 .text.BackEndTask
                0x0800bc90      0xbb0 BOS\BOS_msgparser.o
                0x0800bc90                BackEndTask
 .text.PxMessagingTask
                0x0800c840     0x47fc BOS\BOS_msgparser.o
                0x0800c840                PxMessagingTask
 .text.User_MessagingParser
                0x0801103c       0x3a BOS\BOS_msgparser.o
                0x0801103c                User_MessagingParser
 .text.SystemClock_Config
                0x08011076       0xb4 H17R1\H17R1.o
                0x08011076                SystemClock_Config
 *fill*         0x0801112a        0x2 
 .text.EnableStopModebyUARTx
                0x0801112c       0xb8 H17R1\H17R1.o
                0x0801112c                EnableStopModebyUARTx
 .text.EnableStandbyModebyWakeupPinx
                0x080111e4       0x64 H17R1\H17R1.o
                0x080111e4                EnableStandbyModebyWakeupPinx
 .text.DisableStandbyModeWakeupPinx
                0x08011248       0x9c H17R1\H17R1.o
                0x08011248                DisableStandbyModeWakeupPinx
 .text.SaveTopologyToRO
                0x080112e4      0x1bc H17R1\H17R1.o
                0x080112e4                SaveTopologyToRO
 .text.SaveSnippetsToRO
                0x080114a0      0x1f8 H17R1\H17R1.o
                0x080114a0                SaveSnippetsToRO
 .text.ClearROtopology
                0x08011698       0x38 H17R1\H17R1.o
                0x08011698                ClearROtopology
 .text.RemoteBootloaderUpdate
                0x080116d0      0x178 H17R1\H17R1.o
                0x080116d0                RemoteBootloaderUpdate
 .text.SetupPortForRemoteBootloaderUpdate
                0x08011848       0x52 H17R1\H17R1.o
                0x08011848                SetupPortForRemoteBootloaderUpdate
 *fill*         0x0801189a        0x2 
 .text.Module_Peripheral_Init
                0x0801189c      0x154 H17R1\H17R1.o
                0x0801189c                Module_Peripheral_Init
 .text.Module_MessagingTask
                0x080119f0      0x48c H17R1\H17R1.o
                0x080119f0                Module_MessagingTask
 .text.GetPort  0x08011e7c       0x5c H17R1\H17R1.o
                0x08011e7c                GetPort
 .text.RegisterModuleCLICommands
                0x08011ed8       0x3c H17R1\H17R1.o
                0x08011ed8                RegisterModuleCLICommands
 .text.GetModuleParameter
                0x08011f14       0x2a H17R1\H17R1.o
                0x08011f14                GetModuleParameter
 .text.Powerstep01_Board_Delay
                0x08011f3e       0x16 H17R1\H17R1.o
                0x08011f3e                Powerstep01_Board_Delay
 .text.Powerstep01_Board_DisableIrq
                0x08011f54        0xe H17R1\H17R1.o
                0x08011f54                Powerstep01_Board_DisableIrq
 .text.Powerstep01_Board_EnableIrq
                0x08011f62        0xe H17R1\H17R1.o
                0x08011f62                Powerstep01_Board_EnableIrq
 .text.Powerstep01_Board_StopStepClock
                0x08011f70       0x18 H17R1\H17R1.o
                0x08011f70                Powerstep01_Board_StopStepClock
 .text.Powerstep01_Board_ReleaseReset
                0x08011f88       0x24 H17R1\H17R1.o
                0x08011f88                Powerstep01_Board_ReleaseReset
 .text.Powerstep01_Board_SpiWriteBytes
                0x08011fac       0x78 H17R1\H17R1.o
                0x08011fac                Powerstep01_Board_SpiWriteBytes
 .text.Powerstep01_Board_BUSY_PIN_GetState
                0x08012024       0x1c H17R1\H17R1.o
                0x08012024                Powerstep01_Board_BUSY_PIN_GetState
 .text.MyBusyInterruptHandler
                0x08012040        0xe H17R1\H17R1.o
                0x08012040                MyBusyInterruptHandler
 .text.MyFlagInterruptHandler
                0x0801204e       0x2c H17R1\H17R1.o
                0x0801204e                MyFlagInterruptHandler
 .text.MyErrorHandler
                0x0801207a       0x18 H17R1\H17R1.o
                0x0801207a                MyErrorHandler
 *fill*         0x08012092        0x2 
 .text.StepperIcInit
                0x08012094       0xd0 H17R1\H17R1.o
                0x08012094                StepperIcInit
 .text.StepperMove
                0x08012164       0x4c H17R1\H17R1.o
                0x08012164                StepperMove
 .text.StepperRun
                0x080121b0       0x58 H17R1\H17R1.o
                0x080121b0                StepperRun
 .text.StepperStop
                0x08012208       0x6a H17R1\H17R1.o
                0x08012208                StepperStop
 *fill*         0x08012272        0x2 
 .text.CLI_StepperIcInitCommand
                0x08012274      0x170 H17R1\H17R1.o
                0x08012274                CLI_StepperIcInitCommand
 .text.CLI_StepperMoveCommand
                0x080123e4       0xc4 H17R1\H17R1.o
                0x080123e4                CLI_StepperMoveCommand
 .text.CLI_StepperRunCommand
                0x080124a8       0xc4 H17R1\H17R1.o
                0x080124a8                CLI_StepperRunCommand
 .text.CLI_StepperStopCommand
                0x0801256c       0x98 H17R1\H17R1.o
                0x0801256c                CLI_StepperStopCommand
 .text.DMA_Init
                0x08012604       0x74 H17R1\H17R1_dma.o
                0x08012604                DMA_Init
 .text.SetupMessagingRxDMAs
                0x08012678       0xc8 H17R1\H17R1_dma.o
                0x08012678                SetupMessagingRxDMAs
 .text.DMA_MSG_RX_Setup
                0x08012740       0x68 H17R1\H17R1_dma.o
                0x08012740                DMA_MSG_RX_Setup
 .text.DMA_STREAM_Setup
                0x080127a8       0xf0 H17R1\H17R1_dma.o
                0x080127a8                DMA_STREAM_Setup
 .text.StopDMA  0x08012898       0x98 H17R1\H17R1_dma.o
                0x08012898                StopDMA
 .text.SwitchMsgDMAToStream
                0x08012930       0x52 H17R1\H17R1_dma.o
                0x08012930                SwitchMsgDMAToStream
 *fill*         0x08012982        0x2 
 .text.SwitchStreamDMAToMsg
                0x08012984       0xc8 H17R1\H17R1_dma.o
                0x08012984                SwitchStreamDMAToMsg
 .text.CRC_Init
                0x08012a4c       0x44 H17R1\H17R1_dma.o
                0x08012a4c                CRC_Init
 .text.HAL_CRC_MspInit
                0x08012a90       0x30 H17R1\H17R1_dma.o
                0x08012a90                HAL_CRC_MspInit
 .text.CalculateCRC8
                0x08012ac0      0x154 H17R1\H17R1_dma.o
                0x08012ac0                CalculateCRC8
 .text.__NVIC_SystemReset
                0x08012c14       0x24 H17R1\H17R1_eeprom.o
 .text.EE_Init  0x08012c38       0x56 H17R1\H17R1_eeprom.o
                0x08012c38                EE_Init
 .text.EE_ReadVariable
                0x08012c8e       0x42 H17R1\H17R1_eeprom.o
                0x08012c8e                EE_ReadVariable
 .text.EE_WriteVariable
                0x08012cd0       0x72 H17R1\H17R1_eeprom.o
                0x08012cd0                EE_WriteVariable
 .text.EE_Format
                0x08012d42       0x3a H17R1\H17R1_eeprom.o
                0x08012d42                EE_Format
 .text.EE_FormatForFactoryReset
                0x08012d7c       0x2c H17R1\H17R1_eeprom.o
                0x08012d7c                EE_FormatForFactoryReset
 .text.GPIO_Init
                0x08012da8       0x90 H17R1\H17R1_gpio.o
                0x08012da8                GPIO_Init
 .text.IND_LED_Init
                0x08012e38       0x38 H17R1\H17R1_gpio.o
                0x08012e38                IND_LED_Init
 .text.StepperGPIOInit
                0x08012e70       0xf8 H17R1\H17R1_gpio.o
                0x08012e70                StepperGPIOInit
 .text.IsFactoryReset
                0x08012f68      0x15c H17R1\H17R1_gpio.o
                0x08012f68                IsFactoryReset
 .text.GetPortGPIOs
                0x080130c4       0xf8 H17R1\H17R1_gpio.o
                0x080130c4                GetPortGPIOs
 .text.MX_ADC_Init
                0x080131bc       0x88 H17R1\H17R1_inputs.o
                0x080131bc                MX_ADC_Init
 .text.HAL_ADC_MspInit
                0x08013244       0xac H17R1\H17R1_inputs.o
                0x08013244                HAL_ADC_MspInit
 .text.Error_Handler
                0x080132f0       0x10 H17R1\H17R1_inputs.o
                0x080132f0                Error_Handler
 .text.GetChannel
                0x08013300       0xac H17R1\H17R1_inputs.o
                0x08013300                GetChannel
 .text.GetRank  0x080133ac       0xa4 H17R1\H17R1_inputs.o
                0x080133ac                GetRank
 .text.CheckAttachedButtons
                0x08013450      0x580 H17R1\H17R1_inputs.o
                0x08013450                CheckAttachedButtons
 .text.AddPortButton
                0x080139d0      0x268 H17R1\H17R1_inputs.o
                0x080139d0                AddPortButton
 .text.RemovePortButton
                0x08013c38      0x190 H17R1\H17R1_inputs.o
                0x08013c38                RemovePortButton
 .text.SetButtonEvents
                0x08013dc8      0x174 H17R1\H17R1_inputs.o
                0x08013dc8                SetButtonEvents
 .text.ADCSelectPort
                0x08013f3c       0x98 H17R1\H17R1_inputs.o
                0x08013f3c                ADCSelectPort
 .text.ReadADCChannel
                0x08013fd4      0x154 H17R1\H17R1_inputs.o
                0x08013fd4                ReadADCChannel
 .text.ReadTempAndVref
                0x08014128      0x1dc H17R1\H17R1_inputs.o
                0x08014128                ReadTempAndVref
 .text.GetReadPercentage
                0x08014304       0x7c H17R1\H17R1_inputs.o
                0x08014304                GetReadPercentage
 .text.buttonReleasedCallback
                0x08014380       0x14 H17R1\H17R1_inputs.o
                0x08014380                buttonReleasedCallback
 .text.buttonClickedCallback
                0x08014394       0x14 H17R1\H17R1_inputs.o
                0x08014394                buttonClickedCallback
 .text.buttonDblClickedCallback
                0x080143a8       0x14 H17R1\H17R1_inputs.o
                0x080143a8                buttonDblClickedCallback
 .text.__NVIC_SystemReset
                0x080143bc       0x24 H17R1\H17R1_it.o
 .text.SysTick_Handler
                0x080143e0       0x12 H17R1\H17R1_it.o
                0x080143e0                SysTick_Handler
 *fill*         0x080143f2        0x2 
 .text.HardFault_Handler
                0x080143f4       0x40 H17R1\H17R1_it.o
                0x080143f4                HardFault_Handler
 .text.HAL_UARTEx_RxEventCallback
                0x08014434       0x74 H17R1\H17R1_it.o
                0x08014434                HAL_UARTEx_RxEventCallback
 .text.TIM3_TIM4_IRQHandler
                0x080144a8       0x18 H17R1\H17R1_it.o
                0x080144a8                TIM3_TIM4_IRQHandler
 .text.EXTI4_15_IRQHandler
                0x080144c0       0x1e H17R1\H17R1_it.o
                0x080144c0                EXTI4_15_IRQHandler
 .text.HAL_GPIO_EXTI_Rising_Callback
                0x080144de       0x24 H17R1\H17R1_it.o
                0x080144de                HAL_GPIO_EXTI_Rising_Callback
 .text.HAL_GPIO_EXTI_Falling_Callback
                0x08014502       0x34 H17R1\H17R1_it.o
                0x08014502                HAL_GPIO_EXTI_Falling_Callback
 *fill*         0x08014536        0x2 
 .text.USART1_IRQHandler
                0x08014538       0x24 H17R1\H17R1_it.o
                0x08014538                USART1_IRQHandler
 .text.USART2_LPUART2_IRQHandler
                0x0801455c       0xac H17R1\H17R1_it.o
                0x0801455c                USART2_LPUART2_IRQHandler
 .text.USART3_4_5_6_LPUART1_IRQHandler
                0x08014608      0x1bc H17R1\H17R1_it.o
                0x08014608                USART3_4_5_6_LPUART1_IRQHandler
 .text.DMA1_Channel1_IRQHandler
                0x080147c4        0xa H17R1\H17R1_it.o
                0x080147c4                DMA1_Channel1_IRQHandler
 *fill*         0x080147ce        0x2 
 .text.DMA1_Channel2_3_IRQHandler
                0x080147d0       0x54 H17R1\H17R1_it.o
                0x080147d0                DMA1_Channel2_3_IRQHandler
 .text.DMA1_Ch4_7_DMA2_Ch1_5_DMAMUX1_OVR_IRQHandler
                0x08014824       0x5c H17R1\H17R1_it.o
                0x08014824                DMA1_Ch4_7_DMA2_Ch1_5_DMAMUX1_OVR_IRQHandler
 .text.HAL_UART_TxCpltCallback
                0x08014880       0x38 H17R1\H17R1_it.o
                0x08014880                HAL_UART_TxCpltCallback
 .text.HAL_UART_ErrorCallback
                0x080148b8       0xd4 H17R1\H17R1_it.o
                0x080148b8                HAL_UART_ErrorCallback
 .text.HAL_UART_RxCpltCallback
                0x0801498c       0x10 H17R1\H17R1_it.o
                0x0801498c                HAL_UART_RxCpltCallback
 .text.HAL_UARTEx_WakeupCallback
                0x0801499c       0x5c H17R1\H17R1_it.o
                0x0801499c                HAL_UARTEx_WakeupCallback
 .text.vApplicationStackOverflowHook
                0x080149f8       0x44 H17R1\H17R1_it.o
                0x080149f8                vApplicationStackOverflowHook
 .text.vApplicationMallocFailedHook
                0x08014a3c       0x40 H17R1\H17R1_it.o
                0x08014a3c                vApplicationMallocFailedHook
 .text.RTC_Init
                0x08014a7c       0xd8 H17R1\H17R1_rtc.o
                0x08014a7c                RTC_Init
 .text.RTC_CalendarConfig
                0x08014b54      0x18c H17R1\H17R1_rtc.o
                0x08014b54                RTC_CalendarConfig
 .text.BOS_CalendarConfig
                0x08014ce0      0x194 H17R1\H17R1_rtc.o
                0x08014ce0                BOS_CalendarConfig
 .text.GetTimeDate
                0x08014e74       0x90 H17R1\H17R1_rtc.o
                0x08014e74                GetTimeDate
 .text.HAL_RTC_MspInit
                0x08014f04       0x74 H17R1\H17R1_rtc.o
                0x08014f04                HAL_RTC_MspInit
 .text.HAL_RTC_MspDeInit
                0x08014f78       0x44 H17R1\H17R1_rtc.o
                0x08014f78                HAL_RTC_MspDeInit
 .text.MX_SPI_Init
                0x08014fbc        0xe H17R1\H17R1_spi.o
                0x08014fbc                MX_SPI_Init
 *fill*         0x08014fca        0x2 
 .text.MX_SPI1_Init
                0x08014fcc       0x74 H17R1\H17R1_spi.o
                0x08014fcc                MX_SPI1_Init
 .text.HAL_SPI_MspInit
                0x08015040       0xdc H17R1\H17R1_spi.o
                0x08015040                HAL_SPI_MspInit
 .text.MX_TIM4_Init
                0x0801511c       0xd4 H17R1\H17R1_timers.o
                0x0801511c                MX_TIM4_Init
 .text.HAL_TIM_Base_MspInit
                0x080151f0       0x4c H17R1\H17R1_timers.o
                0x080151f0                HAL_TIM_Base_MspInit
 .text.HAL_TIM_MspPostInit
                0x0801523c       0x7c H17R1\H17R1_timers.o
                0x0801523c                HAL_TIM_MspPostInit
 .text.TIM_USEC_Init
                0x080152b8       0x74 H17R1\H17R1_timers.o
                0x080152b8                TIM_USEC_Init
 .text.TIM_MSEC_Init
                0x0801532c       0x78 H17R1\H17R1_timers.o
                0x0801532c                TIM_MSEC_Init
 .text.StartMicroDelay
                0x080153a4       0x48 H17R1\H17R1_timers.o
                0x080153a4                StartMicroDelay
 .text.StartMilliDelay
                0x080153ec       0x48 H17R1\H17R1_timers.o
                0x080153ec                StartMilliDelay
 .text.MX_USART2_UART_Init
                0x08015434       0x7c H17R1\H17R1_uart.o
                0x08015434                MX_USART2_UART_Init
 .text.MX_USART3_UART_Init
                0x080154b0       0x7c H17R1\H17R1_uart.o
                0x080154b0                MX_USART3_UART_Init
 .text.MX_USART5_UART_Init
                0x0801552c       0x60 H17R1\H17R1_uart.o
                0x0801552c                MX_USART5_UART_Init
 .text.MX_USART6_UART_Init
                0x0801558c       0x60 H17R1\H17R1_uart.o
                0x0801558c                MX_USART6_UART_Init
 .text.HAL_UART_MspInit
                0x080155ec      0x43c H17R1\H17R1_uart.o
                0x080155ec                HAL_UART_MspInit
 .text.writePxMutex
                0x08015a28       0xac H17R1\H17R1_uart.o
                0x08015a28                writePxMutex
 .text.writePxITMutex
                0x08015ad4       0x80 H17R1\H17R1_uart.o
                0x08015ad4                writePxITMutex
 .text.UpdateBaudrate
                0x08015b54       0x3e H17R1\H17R1_uart.o
                0x08015b54                UpdateBaudrate
 *fill*         0x08015b92        0x2 
 .text.GetUart  0x08015b94       0x50 H17R1\H17R1_uart.o
                0x08015b94                GetUart
 .text.SwapUartPins
                0x08015be4      0x118 H17R1\H17R1_uart.o
                0x08015be4                SwapUartPins
 .text.ReadPortsDir
                0x08015cfc       0xa8 H17R1\H17R1_uart.o
                0x08015cfc                ReadPortsDir
 .text.ReadPortsDirMSG
                0x08015da4       0x80 H17R1\H17R1_uart.o
                0x08015da4                ReadPortsDirMSG
 .text.UpdateMyPortsDir
                0x08015e24       0x84 H17R1\H17R1_uart.o
                0x08015e24                UpdateMyPortsDir
 .text.Reset_Handler
                0x08015ea8       0x90 H17R1\startup_stm32g0b1ceuxn.o
                0x08015ea8                Reset_Handler
 .text.Default_Handler
                0x08015f38        0x2 H17R1\startup_stm32g0b1ceuxn.o
                0x08015f38                I2C2_3_IRQHandler
                0x08015f38                TIM1_CC_IRQHandler
                0x08015f38                ADC1_COMP_IRQHandler
                0x08015f38                NMI_Handler
                0x08015f38                I2C1_IRQHandler
                0x08015f38                TIM7_LPTIM2_IRQHandler
                0x08015f38                TIM17_FDCAN_IT1_IRQHandler
                0x08015f38                RCC_CRS_IRQHandler
                0x08015f38                RTC_TAMP_IRQHandler
                0x08015f38                SPI1_IRQHandler
                0x08015f38                USB_UCPD1_2_IRQHandler
                0x08015f38                EXTI2_3_IRQHandler
                0x08015f38                PVD_VDDIO2_IRQHandler
                0x08015f38                Default_Handler
                0x08015f38                CEC_IRQHandler
                0x08015f38                TIM14_IRQHandler
                0x08015f38                TIM15_IRQHandler
                0x08015f38                EXTI0_1_IRQHandler
                0x08015f38                SPI2_3_IRQHandler
                0x08015f38                TIM6_DAC_LPTIM1_IRQHandler
                0x08015f38                WWDG_IRQHandler
                0x08015f38                TIM2_IRQHandler
                0x08015f38                FLASH_IRQHandler
                0x08015f38                TIM16_FDCAN_IT0_IRQHandler
                0x08015f38                TIM1_BRK_UP_TRG_COM_IRQHandler
 .text.SystemInit
                0x08015f3a        0xa Thirdparty\CMSIS\STM32G0xx\Device\ST\STM32G0xx\Source\Templates\system_stm32g0xx.o
                0x08015f3a                SystemInit
 .text.LL_CRC_ResetCRCCalculationUnit
                0x08015f44       0x1c Thirdparty\EEPROM_Emul\Core\eeprom_emul.o
 .text.LL_CRC_SetPolynomialSize
                0x08015f60       0x24 Thirdparty\EEPROM_Emul\Core\eeprom_emul.o
 .text.LL_CRC_SetPolynomialCoef
                0x08015f84       0x18 Thirdparty\EEPROM_Emul\Core\eeprom_emul.o
 .text.LL_CRC_FeedData32
                0x08015f9c       0x18 Thirdparty\EEPROM_Emul\Core\eeprom_emul.o
 .text.LL_CRC_FeedData16
                0x08015fb4       0x22 Thirdparty\EEPROM_Emul\Core\eeprom_emul.o
 .text.LL_CRC_ReadData16
                0x08015fd6       0x16 Thirdparty\EEPROM_Emul\Core\eeprom_emul.o
 .text.LL_AHB1_GRP1_EnableClock
                0x08015fec       0x2c Thirdparty\EEPROM_Emul\Core\eeprom_emul.o
 .text.EEPROM_Init
                0x08016018     0x1874 Thirdparty\EEPROM_Emul\Core\eeprom_emul.o
                0x08016018                EEPROM_Init
 .text.EEPROM_Format
                0x0801788c      0x2a8 Thirdparty\EEPROM_Emul\Core\eeprom_emul.o
                0x0801788c                EEPROM_Format
 .text.EE_ReadVariable16bits
                0x08017b34       0x60 Thirdparty\EEPROM_Emul\Core\eeprom_emul.o
                0x08017b34                EE_ReadVariable16bits
 .text.EE_WriteVariable16bits
                0x08017b94       0x48 Thirdparty\EEPROM_Emul\Core\eeprom_emul.o
                0x08017b94                EE_WriteVariable16bits
 .text.EE_CleanUp
                0x08017bdc      0x2a4 Thirdparty\EEPROM_Emul\Core\eeprom_emul.o
                0x08017bdc                EE_CleanUp
 .text.ReadVariable
                0x08017e80      0x340 Thirdparty\EEPROM_Emul\Core\eeprom_emul.o
 .text.WriteVariable
                0x080181c0       0x52 Thirdparty\EEPROM_Emul\Core\eeprom_emul.o
 .text.VerifyPageFullyErased
                0x08018212       0x4e Thirdparty\EEPROM_Emul\Core\eeprom_emul.o
 .text.FindPage
                0x08018260      0x444 Thirdparty\EEPROM_Emul\Core\eeprom_emul.o
 .text.PagesTransfer
                0x080186a4      0x8ec Thirdparty\EEPROM_Emul\Core\eeprom_emul.o
 .text.VerifyPagesFullWriteVariable
                0x08018f90      0x1ac Thirdparty\EEPROM_Emul\Core\eeprom_emul.o
 .text.SetPageState
                0x0801913c      0x364 Thirdparty\EEPROM_Emul\Core\eeprom_emul.o
 .text.GetPageState
                0x080194a0       0xa0 Thirdparty\EEPROM_Emul\Core\eeprom_emul.o
 .text.ConfigureCrc
                0x08019540       0x34 Thirdparty\EEPROM_Emul\Core\eeprom_emul.o
                0x08019540                ConfigureCrc
 .text.CalculateCrc
                0x08019574       0x48 Thirdparty\EEPROM_Emul\Core\eeprom_emul.o
                0x08019574                CalculateCrc
 .text.FI_WriteDoubleWord
                0x080195bc       0x22 Thirdparty\EEPROM_Emul\Porting\STM32G0\flash_interface.o
                0x080195bc                FI_WriteDoubleWord
 *fill*         0x080195de        0x2 
 .text.FI_PageErase
                0x080195e0      0x120 Thirdparty\EEPROM_Emul\Porting\STM32G0\flash_interface.o
                0x080195e0                FI_PageErase
 .text.FI_CacheFlush
                0x08019700        0xa Thirdparty\EEPROM_Emul\Porting\STM32G0\flash_interface.o
                0x08019700                FI_CacheFlush
 *fill*         0x0801970a        0x2 
 .text.GetBankNumber
                0x0801970c       0x90 Thirdparty\EEPROM_Emul\Porting\STM32G0\flash_interface.o
 .text.FI_CheckBankConfig
                0x0801979c       0x18 Thirdparty\EEPROM_Emul\Porting\STM32G0\flash_interface.o
                0x0801979c                FI_CheckBankConfig
 .text.inHandlerMode
                0x080197b4       0x1c Thirdparty\Middleware\STM32G0xx\FreeRTOS\Source\CMSIS_RTOS\cmsis_os.o
 .text.osKernelStart
                0x080197d0       0x10 Thirdparty\Middleware\STM32G0xx\FreeRTOS\Source\CMSIS_RTOS\cmsis_os.o
                0x080197d0                osKernelStart
 .text.osDelay  0x080197e0       0x28 Thirdparty\Middleware\STM32G0xx\FreeRTOS\Source\CMSIS_RTOS\cmsis_os.o
                0x080197e0                osDelay
 .text.osSemaphoreCreate
                0x08019808       0x4a Thirdparty\Middleware\STM32G0xx\FreeRTOS\Source\CMSIS_RTOS\cmsis_os.o
                0x08019808                osSemaphoreCreate
 *fill*         0x08019852        0x2 
 .text.osSemaphoreWait
                0x08019854       0x94 Thirdparty\Middleware\STM32G0xx\FreeRTOS\Source\CMSIS_RTOS\cmsis_os.o
                0x08019854                osSemaphoreWait
 .text.osSemaphoreRelease
                0x080198e8       0x64 Thirdparty\Middleware\STM32G0xx\FreeRTOS\Source\CMSIS_RTOS\cmsis_os.o
                0x080198e8                osSemaphoreRelease
 .text.osSystickHandler
                0x0801994c       0x18 Thirdparty\Middleware\STM32G0xx\FreeRTOS\Source\CMSIS_RTOS\cmsis_os.o
                0x0801994c                osSystickHandler
 .text.FreeRTOS_CLIRegisterCommand
                0x08019964       0x50 Thirdparty\Middleware\STM32G0xx\FreeRTOS\Source\FreeRTOS_CLI.o
                0x08019964                FreeRTOS_CLIRegisterCommand
 .text.FreeRTOS_CLIProcessCommand
                0x080199b4      0x11c Thirdparty\Middleware\STM32G0xx\FreeRTOS\Source\FreeRTOS_CLI.o
                0x080199b4                FreeRTOS_CLIProcessCommand
 .text.FreeRTOS_CLIGetOutputBuffer
                0x08019ad0       0x10 Thirdparty\Middleware\STM32G0xx\FreeRTOS\Source\FreeRTOS_CLI.o
                0x08019ad0                FreeRTOS_CLIGetOutputBuffer
 .text.FreeRTOS_CLIGetParameter
                0x08019ae0       0xbc Thirdparty\Middleware\STM32G0xx\FreeRTOS\Source\FreeRTOS_CLI.o
                0x08019ae0                FreeRTOS_CLIGetParameter
 .text.prvHelpCommand
                0x08019b9c      0x154 Thirdparty\Middleware\STM32G0xx\FreeRTOS\Source\FreeRTOS_CLI.o
 .text.prvGetNumberOfParameters
                0x08019cf0       0x7a Thirdparty\Middleware\STM32G0xx\FreeRTOS\Source\FreeRTOS_CLI.o
 .text.vListInitialise
                0x08019d6a       0x3c Thirdparty\Middleware\STM32G0xx\FreeRTOS\Source\list.o
                0x08019d6a                vListInitialise
 .text.vListInitialiseItem
                0x08019da6       0x16 Thirdparty\Middleware\STM32G0xx\FreeRTOS\Source\list.o
                0x08019da6                vListInitialiseItem
 .text.vListInsertEnd
                0x08019dbc       0x44 Thirdparty\Middleware\STM32G0xx\FreeRTOS\Source\list.o
                0x08019dbc                vListInsertEnd
 .text.vListInsert
                0x08019e00       0x6c Thirdparty\Middleware\STM32G0xx\FreeRTOS\Source\list.o
                0x08019e00                vListInsert
 .text.uxListRemove
                0x08019e6c       0x50 Thirdparty\Middleware\STM32G0xx\FreeRTOS\Source\list.o
                0x08019e6c                uxListRemove
 .text.pxPortInitialiseStack
                0x08019ebc       0x54 Thirdparty\Middleware\STM32G0xx\FreeRTOS\Source\portable\GCC\ARM_CM0\port.o
                0x08019ebc                pxPortInitialiseStack
 .text.prvTaskExitError
                0x08019f10       0x1e Thirdparty\Middleware\STM32G0xx\FreeRTOS\Source\portable\GCC\ARM_CM0\port.o
 .text.SVC_Handler
                0x08019f2e        0xa Thirdparty\Middleware\STM32G0xx\FreeRTOS\Source\portable\GCC\ARM_CM0\port.o
                0x08019f2e                SVC_Handler
 *fill*         0x08019f38        0x8 
 .text.vPortStartFirstTask
                0x08019f40       0x38 Thirdparty\Middleware\STM32G0xx\FreeRTOS\Source\portable\GCC\ARM_CM0\port.o
 .text.xPortStartScheduler
                0x08019f78       0x48 Thirdparty\Middleware\STM32G0xx\FreeRTOS\Source\portable\GCC\ARM_CM0\port.o
                0x08019f78                xPortStartScheduler
 .text.vPortYield
                0x08019fc0       0x20 Thirdparty\Middleware\STM32G0xx\FreeRTOS\Source\portable\GCC\ARM_CM0\port.o
                0x08019fc0                vPortYield
 .text.vPortEnterCritical
                0x08019fe0       0x24 Thirdparty\Middleware\STM32G0xx\FreeRTOS\Source\portable\GCC\ARM_CM0\port.o
                0x08019fe0                vPortEnterCritical
 .text.vPortExitCritical
                0x0801a004       0x24 Thirdparty\Middleware\STM32G0xx\FreeRTOS\Source\portable\GCC\ARM_CM0\port.o
                0x0801a004                vPortExitCritical
 .text.ulSetInterruptMaskFromISR
                0x0801a028        0xc Thirdparty\Middleware\STM32G0xx\FreeRTOS\Source\portable\GCC\ARM_CM0\port.o
                0x0801a028                ulSetInterruptMaskFromISR
 .text.vClearInterruptMaskFromISR
                0x0801a034        0x8 Thirdparty\Middleware\STM32G0xx\FreeRTOS\Source\portable\GCC\ARM_CM0\port.o
                0x0801a034                vClearInterruptMaskFromISR
 *fill*         0x0801a03c        0x4 
 .text.PendSV_Handler
                0x0801a040       0x48 Thirdparty\Middleware\STM32G0xx\FreeRTOS\Source\portable\GCC\ARM_CM0\port.o
                0x0801a040                PendSV_Handler
 .text.xPortSysTickHandler
                0x0801a088       0x34 Thirdparty\Middleware\STM32G0xx\FreeRTOS\Source\portable\GCC\ARM_CM0\port.o
                0x0801a088                xPortSysTickHandler
 .text.vPortSetupTimerInterrupt
                0x0801a0bc       0x44 Thirdparty\Middleware\STM32G0xx\FreeRTOS\Source\portable\GCC\ARM_CM0\port.o
                0x0801a0bc                vPortSetupTimerInterrupt
 .text.pvPortMalloc
                0x0801a100      0x140 Thirdparty\Middleware\STM32G0xx\FreeRTOS\Source\portable\MemMang\heap_4.o
                0x0801a100                pvPortMalloc
 .text.vPortFree
                0x0801a240       0x80 Thirdparty\Middleware\STM32G0xx\FreeRTOS\Source\portable\MemMang\heap_4.o
                0x0801a240                vPortFree
 .text.prvHeapInit
                0x0801a2c0       0xc0 Thirdparty\Middleware\STM32G0xx\FreeRTOS\Source\portable\MemMang\heap_4.o
 .text.prvInsertBlockIntoFreeList
                0x0801a380       0xb0 Thirdparty\Middleware\STM32G0xx\FreeRTOS\Source\portable\MemMang\heap_4.o
 .text.xQueueGenericReset
                0x0801a430       0x9e Thirdparty\Middleware\STM32G0xx\FreeRTOS\Source\queue.o
                0x0801a430                xQueueGenericReset
 .text.xQueueGenericCreate
                0x0801a4ce       0x52 Thirdparty\Middleware\STM32G0xx\FreeRTOS\Source\queue.o
                0x0801a4ce                xQueueGenericCreate
 .text.prvInitialiseNewQueue
                0x0801a520       0x4e Thirdparty\Middleware\STM32G0xx\FreeRTOS\Source\queue.o
 .text.xQueueCreateCountingSemaphore
                0x0801a56e       0x30 Thirdparty\Middleware\STM32G0xx\FreeRTOS\Source\queue.o
                0x0801a56e                xQueueCreateCountingSemaphore
 .text.xQueueGenericSend
                0x0801a59e      0x12a Thirdparty\Middleware\STM32G0xx\FreeRTOS\Source\queue.o
                0x0801a59e                xQueueGenericSend
 .text.xQueueGenericSendFromISR
                0x0801a6c8       0xa6 Thirdparty\Middleware\STM32G0xx\FreeRTOS\Source\queue.o
                0x0801a6c8                xQueueGenericSendFromISR
 .text.xQueueGiveFromISR
                0x0801a76e       0x96 Thirdparty\Middleware\STM32G0xx\FreeRTOS\Source\queue.o
                0x0801a76e                xQueueGiveFromISR
 .text.xQueueReceive
                0x0801a804      0x128 Thirdparty\Middleware\STM32G0xx\FreeRTOS\Source\queue.o
                0x0801a804                xQueueReceive
 .text.xQueueSemaphoreTake
                0x0801a92c      0x178 Thirdparty\Middleware\STM32G0xx\FreeRTOS\Source\queue.o
                0x0801a92c                xQueueSemaphoreTake
 .text.xQueueReceiveFromISR
                0x0801aaa4       0xa0 Thirdparty\Middleware\STM32G0xx\FreeRTOS\Source\queue.o
                0x0801aaa4                xQueueReceiveFromISR
 .text.prvGetDisinheritPriorityAfterTimeout
                0x0801ab44       0x2c Thirdparty\Middleware\STM32G0xx\FreeRTOS\Source\queue.o
 .text.prvCopyDataToQueue
                0x0801ab70       0xd6 Thirdparty\Middleware\STM32G0xx\FreeRTOS\Source\queue.o
 .text.prvCopyDataFromQueue
                0x0801ac46       0x4c Thirdparty\Middleware\STM32G0xx\FreeRTOS\Source\queue.o
 .text.prvUnlockQueue
                0x0801ac92       0xbc Thirdparty\Middleware\STM32G0xx\FreeRTOS\Source\queue.o
 .text.prvIsQueueEmpty
                0x0801ad4e       0x2c Thirdparty\Middleware\STM32G0xx\FreeRTOS\Source\queue.o
 .text.prvIsQueueFull
                0x0801ad7a       0x30 Thirdparty\Middleware\STM32G0xx\FreeRTOS\Source\queue.o
 *fill*         0x0801adaa        0x2 
 .text.vQueueAddToRegistry
                0x0801adac       0x50 Thirdparty\Middleware\STM32G0xx\FreeRTOS\Source\queue.o
                0x0801adac                vQueueAddToRegistry
 .text.vQueueWaitForMessageRestricted
                0x0801adfc       0x66 Thirdparty\Middleware\STM32G0xx\FreeRTOS\Source\queue.o
                0x0801adfc                vQueueWaitForMessageRestricted
 .text.xTaskCreate
                0x0801ae62       0x90 Thirdparty\Middleware\STM32G0xx\FreeRTOS\Source\tasks.o
                0x0801ae62                xTaskCreate
 *fill*         0x0801aef2        0x2 
 .text.prvInitialiseNewTask
                0x0801aef4      0x10c Thirdparty\Middleware\STM32G0xx\FreeRTOS\Source\tasks.o
 .text.prvAddNewTaskToReadyList
                0x0801b000       0xd0 Thirdparty\Middleware\STM32G0xx\FreeRTOS\Source\tasks.o
 .text.vTaskDelay
                0x0801b0d0       0x3a Thirdparty\Middleware\STM32G0xx\FreeRTOS\Source\tasks.o
                0x0801b0d0                vTaskDelay
 *fill*         0x0801b10a        0x2 
 .text.eTaskGetState
                0x0801b10c       0xd0 Thirdparty\Middleware\STM32G0xx\FreeRTOS\Source\tasks.o
                0x0801b10c                eTaskGetState
 .text.uxTaskPriorityGet
                0x0801b1dc       0x34 Thirdparty\Middleware\STM32G0xx\FreeRTOS\Source\tasks.o
                0x0801b1dc                uxTaskPriorityGet
 .text.vTaskPrioritySet
                0x0801b210      0x110 Thirdparty\Middleware\STM32G0xx\FreeRTOS\Source\tasks.o
                0x0801b210                vTaskPrioritySet
 .text.vTaskStartScheduler
                0x0801b320       0x74 Thirdparty\Middleware\STM32G0xx\FreeRTOS\Source\tasks.o
                0x0801b320                vTaskStartScheduler
 .text.vTaskSuspendAll
                0x0801b394       0x18 Thirdparty\Middleware\STM32G0xx\FreeRTOS\Source\tasks.o
                0x0801b394                vTaskSuspendAll
 .text.xTaskResumeAll
                0x0801b3ac      0x10c Thirdparty\Middleware\STM32G0xx\FreeRTOS\Source\tasks.o
                0x0801b3ac                xTaskResumeAll
 .text.xTaskGetTickCount
                0x0801b4b8       0x1c Thirdparty\Middleware\STM32G0xx\FreeRTOS\Source\tasks.o
                0x0801b4b8                xTaskGetTickCount
 .text.xTaskGetTickCountFromISR
                0x0801b4d4       0x20 Thirdparty\Middleware\STM32G0xx\FreeRTOS\Source\tasks.o
                0x0801b4d4                xTaskGetTickCountFromISR
 .text.uxTaskGetSystemState
                0x0801b4f4      0x120 Thirdparty\Middleware\STM32G0xx\FreeRTOS\Source\tasks.o
                0x0801b4f4                uxTaskGetSystemState
 .text.xTaskIncrementTick
                0x0801b614      0x150 Thirdparty\Middleware\STM32G0xx\FreeRTOS\Source\tasks.o
                0x0801b614                xTaskIncrementTick
 .text.vTaskSwitchContext
                0x0801b764      0x124 Thirdparty\Middleware\STM32G0xx\FreeRTOS\Source\tasks.o
                0x0801b764                vTaskSwitchContext
 .text.vTaskPlaceOnEventList
                0x0801b888       0x34 Thirdparty\Middleware\STM32G0xx\FreeRTOS\Source\tasks.o
                0x0801b888                vTaskPlaceOnEventList
 .text.vTaskPlaceOnEventListRestricted
                0x0801b8bc       0x44 Thirdparty\Middleware\STM32G0xx\FreeRTOS\Source\tasks.o
                0x0801b8bc                vTaskPlaceOnEventListRestricted
 .text.xTaskRemoveFromEventList
                0x0801b900       0xb0 Thirdparty\Middleware\STM32G0xx\FreeRTOS\Source\tasks.o
                0x0801b900                xTaskRemoveFromEventList
 .text.vTaskInternalSetTimeOutState
                0x0801b9b0       0x28 Thirdparty\Middleware\STM32G0xx\FreeRTOS\Source\tasks.o
                0x0801b9b0                vTaskInternalSetTimeOutState
 .text.xTaskCheckForTimeOut
                0x0801b9d8       0x8c Thirdparty\Middleware\STM32G0xx\FreeRTOS\Source\tasks.o
                0x0801b9d8                xTaskCheckForTimeOut
 .text.vTaskMissedYield
                0x0801ba64       0x14 Thirdparty\Middleware\STM32G0xx\FreeRTOS\Source\tasks.o
                0x0801ba64                vTaskMissedYield
 .text.prvIdleTask
                0x0801ba78       0x20 Thirdparty\Middleware\STM32G0xx\FreeRTOS\Source\tasks.o
 .text.prvInitialiseTaskLists
                0x0801ba98       0x88 Thirdparty\Middleware\STM32G0xx\FreeRTOS\Source\tasks.o
 .text.prvCheckTasksWaitingTermination
                0x0801bb20       0x5c Thirdparty\Middleware\STM32G0xx\FreeRTOS\Source\tasks.o
 .text.vTaskGetInfo
                0x0801bb7c       0xd8 Thirdparty\Middleware\STM32G0xx\FreeRTOS\Source\tasks.o
                0x0801bb7c                vTaskGetInfo
 .text.prvListTasksWithinSingleList
                0x0801bc54       0xa6 Thirdparty\Middleware\STM32G0xx\FreeRTOS\Source\tasks.o
 .text.prvTaskCheckFreeStackSpace
                0x0801bcfa       0x34 Thirdparty\Middleware\STM32G0xx\FreeRTOS\Source\tasks.o
 .text.prvDeleteTCB
                0x0801bd2e       0x22 Thirdparty\Middleware\STM32G0xx\FreeRTOS\Source\tasks.o
 .text.prvResetNextTaskUnblockTime
                0x0801bd50       0x3c Thirdparty\Middleware\STM32G0xx\FreeRTOS\Source\tasks.o
 .text.xTaskGetSchedulerState
                0x0801bd8c       0x38 Thirdparty\Middleware\STM32G0xx\FreeRTOS\Source\tasks.o
                0x0801bd8c                xTaskGetSchedulerState
 .text.xTaskPriorityInherit
                0x0801bdc4       0xd0 Thirdparty\Middleware\STM32G0xx\FreeRTOS\Source\tasks.o
                0x0801bdc4                xTaskPriorityInherit
 .text.xTaskPriorityDisinherit
                0x0801be94       0x98 Thirdparty\Middleware\STM32G0xx\FreeRTOS\Source\tasks.o
                0x0801be94                xTaskPriorityDisinherit
 .text.vTaskPriorityDisinheritAfterTimeout
                0x0801bf2c       0xc0 Thirdparty\Middleware\STM32G0xx\FreeRTOS\Source\tasks.o
                0x0801bf2c                vTaskPriorityDisinheritAfterTimeout
 .text.prvWriteNameToBuffer
                0x0801bfec       0x52 Thirdparty\Middleware\STM32G0xx\FreeRTOS\Source\tasks.o
 *fill*         0x0801c03e        0x2 
 .text.vTaskList
                0x0801c040      0x14c Thirdparty\Middleware\STM32G0xx\FreeRTOS\Source\tasks.o
                0x0801c040                vTaskList
 .text.vTaskGetRunTimeStats
                0x0801c18c      0x118 Thirdparty\Middleware\STM32G0xx\FreeRTOS\Source\tasks.o
                0x0801c18c                vTaskGetRunTimeStats
 .text.pvTaskIncrementMutexHeldCount
                0x0801c2a4       0x24 Thirdparty\Middleware\STM32G0xx\FreeRTOS\Source\tasks.o
                0x0801c2a4                pvTaskIncrementMutexHeldCount
 .text.ulTaskNotifyTake
                0x0801c2c8       0x84 Thirdparty\Middleware\STM32G0xx\FreeRTOS\Source\tasks.o
                0x0801c2c8                ulTaskNotifyTake
 .text.xTaskGenericNotify
                0x0801c34c      0x104 Thirdparty\Middleware\STM32G0xx\FreeRTOS\Source\tasks.o
                0x0801c34c                xTaskGenericNotify
 .text.xTaskGenericNotifyFromISR
                0x0801c450      0x140 Thirdparty\Middleware\STM32G0xx\FreeRTOS\Source\tasks.o
                0x0801c450                xTaskGenericNotifyFromISR
 .text.vTaskNotifyGiveFromISR
                0x0801c590       0xd8 Thirdparty\Middleware\STM32G0xx\FreeRTOS\Source\tasks.o
                0x0801c590                vTaskNotifyGiveFromISR
 .text.prvAddCurrentTaskToDelayedList
                0x0801c668       0xa8 Thirdparty\Middleware\STM32G0xx\FreeRTOS\Source\tasks.o
 .text.xTimerCreateTimerTask
                0x0801c710       0x4c Thirdparty\Middleware\STM32G0xx\FreeRTOS\Source\timers.o
                0x0801c710                xTimerCreateTimerTask
 .text.xTimerCreate
                0x0801c75c       0x46 Thirdparty\Middleware\STM32G0xx\FreeRTOS\Source\timers.o
                0x0801c75c                xTimerCreate
 .text.prvInitialiseNewTimer
                0x0801c7a2       0x5a Thirdparty\Middleware\STM32G0xx\FreeRTOS\Source\timers.o
 .text.xTimerGenericCommand
                0x0801c7fc       0x8c Thirdparty\Middleware\STM32G0xx\FreeRTOS\Source\timers.o
                0x0801c7fc                xTimerGenericCommand
 .text.prvProcessExpiredTimer
                0x0801c888       0x80 Thirdparty\Middleware\STM32G0xx\FreeRTOS\Source\timers.o
 .text.prvTimerTask
                0x0801c908       0x28 Thirdparty\Middleware\STM32G0xx\FreeRTOS\Source\timers.o
 .text.prvProcessTimerOrBlockTask
                0x0801c930       0x90 Thirdparty\Middleware\STM32G0xx\FreeRTOS\Source\timers.o
 .text.prvGetNextExpireTime
                0x0801c9c0       0x44 Thirdparty\Middleware\STM32G0xx\FreeRTOS\Source\timers.o
 .text.prvSampleTimeNow
                0x0801ca04       0x40 Thirdparty\Middleware\STM32G0xx\FreeRTOS\Source\timers.o
 .text.prvInsertTimerInActiveList
                0x0801ca44       0x84 Thirdparty\Middleware\STM32G0xx\FreeRTOS\Source\timers.o
 .text.prvProcessReceivedCommands
                0x0801cac8      0x16c Thirdparty\Middleware\STM32G0xx\FreeRTOS\Source\timers.o
 .text.prvSwitchTimerLists
                0x0801cc34       0xb0 Thirdparty\Middleware\STM32G0xx\FreeRTOS\Source\timers.o
 .text.prvCheckForValidListAndQueue
                0x0801cce4       0x74 Thirdparty\Middleware\STM32G0xx\FreeRTOS\Source\timers.o
 .text.Powerstep01_AttachErrorHandler
                0x0801cd58       0x1c Thirdparty\PowerStep01-Stepper\powerstep01.o
                0x0801cd58                Powerstep01_AttachErrorHandler
 .text.Powerstep01_AttachFlagInterrupt
                0x0801cd74       0x1c Thirdparty\PowerStep01-Stepper\powerstep01.o
                0x0801cd74                Powerstep01_AttachFlagInterrupt
 .text.Powerstep01_AttachBusyInterrupt
                0x0801cd90       0x1c Thirdparty\PowerStep01-Stepper\powerstep01.o
                0x0801cd90                Powerstep01_AttachBusyInterrupt
 .text.Powerstep01_Init
                0x0801cdac       0x68 Thirdparty\PowerStep01-Stepper\powerstep01.o
                0x0801cdac                Powerstep01_Init
 .text.Powerstep01_CheckBusyHw
                0x0801ce14       0x18 Thirdparty\PowerStep01-Stepper\powerstep01.o
                0x0801ce14                Powerstep01_CheckBusyHw
 .text.Powerstep01_CmdGetStatus
                0x0801ce2c      0x160 Thirdparty\PowerStep01-Stepper\powerstep01.o
                0x0801ce2c                Powerstep01_CmdGetStatus
 .text.Powerstep01_CmdHardHiZ
                0x0801cf8c       0x22 Thirdparty\PowerStep01-Stepper\powerstep01.o
                0x0801cf8c                Powerstep01_CmdHardHiZ
 .text.Powerstep01_CmdHardStop
                0x0801cfae       0x22 Thirdparty\PowerStep01-Stepper\powerstep01.o
                0x0801cfae                Powerstep01_CmdHardStop
 .text.Powerstep01_CmdMove
                0x0801cfd0       0x32 Thirdparty\PowerStep01-Stepper\powerstep01.o
                0x0801cfd0                Powerstep01_CmdMove
 .text.Powerstep01_CmdRun
                0x0801d002       0x32 Thirdparty\PowerStep01-Stepper\powerstep01.o
                0x0801d002                Powerstep01_CmdRun
 .text.Powerstep01_CmdSetParam
                0x0801d034      0x1d8 Thirdparty\PowerStep01-Stepper\powerstep01.o
                0x0801d034                Powerstep01_CmdSetParam
 .text.Powerstep01_CmdSoftStop
                0x0801d20c       0x22 Thirdparty\PowerStep01-Stepper\powerstep01.o
                0x0801d20c                Powerstep01_CmdSoftStop
 *fill*         0x0801d22e        0x2 
 .text.Powerstep01_FetchAndClearAllStatus
                0x0801d230       0xc8 Thirdparty\PowerStep01-Stepper\powerstep01.o
                0x0801d230                Powerstep01_FetchAndClearAllStatus
 .text.Powerstep01_IsDeviceBusy
                0x0801d2f8       0x2e Thirdparty\PowerStep01-Stepper\powerstep01.o
                0x0801d2f8                Powerstep01_IsDeviceBusy
 *fill*         0x0801d326        0x2 
 .text.Powerstep01_SetNbDevices
                0x0801d328       0x30 Thirdparty\PowerStep01-Stepper\powerstep01.o
                0x0801d328                Powerstep01_SetNbDevices
 .text.Powerstep01_StopStepClock
                0x0801d358        0xe Thirdparty\PowerStep01-Stepper\powerstep01.o
                0x0801d358                Powerstep01_StopStepClock
 .text.Powerstep01_WaitWhileActive
                0x0801d366       0x26 Thirdparty\PowerStep01-Stepper\powerstep01.o
                0x0801d366                Powerstep01_WaitWhileActive
 .text.Powerstep01_BusyInterruptHandler
                0x0801d38c       0x2c Thirdparty\PowerStep01-Stepper\powerstep01.o
                0x0801d38c                Powerstep01_BusyInterruptHandler
 .text.Powerstep01_ErrorHandler
                0x0801d3b8       0x30 Thirdparty\PowerStep01-Stepper\powerstep01.o
                0x0801d3b8                Powerstep01_ErrorHandler
 .text.Powerstep01_FlagInterruptHandler
                0x0801d3e8       0x2c Thirdparty\PowerStep01-Stepper\powerstep01.o
                0x0801d3e8                Powerstep01_FlagInterruptHandler
 .text.Powerstep01_SendCommand
                0x0801d414      0x1c0 Thirdparty\PowerStep01-Stepper\powerstep01.o
                0x0801d414                Powerstep01_SendCommand
 .text.Powerstep01_SetRegisterToPredefinedValues
                0x0801d5d4      0x384 Thirdparty\PowerStep01-Stepper\powerstep01.o
                0x0801d5d4                Powerstep01_SetRegisterToPredefinedValues
 .text.Powerstep01_SetDeviceParamsToGivenValues
                0x0801d958      0x3e2 Thirdparty\PowerStep01-Stepper\powerstep01.o
                0x0801d958                Powerstep01_SetDeviceParamsToGivenValues
 *fill*         0x0801dd3a        0x2 
 .text.Powerstep01_WriteBytes
                0x0801dd3c       0x50 Thirdparty\PowerStep01-Stepper\powerstep01.o
                0x0801dd3c                Powerstep01_WriteBytes
 .text.Powerstep01_AccDec_Steps_s2_to_RegVal
                0x0801dd8c       0x34 Thirdparty\PowerStep01-Stepper\powerstep01.o
                0x0801dd8c                Powerstep01_AccDec_Steps_s2_to_RegVal
 .text.Powerstep01_BEMFslope_Perc_to_RegVal
                0x0801ddc0       0x34 Thirdparty\PowerStep01-Stepper\powerstep01.o
                0x0801ddc0                Powerstep01_BEMFslope_Perc_to_RegVal
 .text.Powerstep01_FSSpd_Steps_s_to_RegVal
                0x0801ddf4       0x28 Thirdparty\PowerStep01-Stepper\powerstep01.o
                0x0801ddf4                Powerstep01_FSSpd_Steps_s_to_RegVal
 .text.Powerstep01_IntSpd_Steps_s_to_RegVal
                0x0801de1c       0x34 Thirdparty\PowerStep01-Stepper\powerstep01.o
                0x0801de1c                Powerstep01_IntSpd_Steps_s_to_RegVal
 .text.Powerstep01_KTherm_Comp_to_RegVal
                0x0801de50       0x3e Thirdparty\PowerStep01-Stepper\powerstep01.o
                0x0801de50                Powerstep01_KTherm_Comp_to_RegVal
 *fill*         0x0801de8e        0x2 
 .text.Powerstep01_Kval_Perc_to_RegVal
                0x0801de90       0x34 Thirdparty\PowerStep01-Stepper\powerstep01.o
                0x0801de90                Powerstep01_Kval_Perc_to_RegVal
 .text.Powerstep01_MaxSpd_Steps_s_to_RegVal
                0x0801dec4       0x34 Thirdparty\PowerStep01-Stepper\powerstep01.o
                0x0801dec4                Powerstep01_MaxSpd_Steps_s_to_RegVal
 .text.Powerstep01_MinSpd_Steps_s_to_RegVal
                0x0801def8       0x34 Thirdparty\PowerStep01-Stepper\powerstep01.o
                0x0801def8                Powerstep01_MinSpd_Steps_s_to_RegVal
 .text.Powerstep01_StallOcd_Th_to_RegVal
                0x0801df2c       0x44 Thirdparty\PowerStep01-Stepper\powerstep01.o
                0x0801df2c                Powerstep01_StallOcd_Th_to_RegVal
 .text.Powerstep01_Tval_RefVoltage_to_RegVal
                0x0801df70       0x44 Thirdparty\PowerStep01-Stepper\powerstep01.o
                0x0801df70                Powerstep01_Tval_RefVoltage_to_RegVal
 .text.Powerstep01_Tmin_Time_to_RegVal
                0x0801dfb4       0x3c Thirdparty\PowerStep01-Stepper\powerstep01.o
                0x0801dfb4                Powerstep01_Tmin_Time_to_RegVal
 .text.HAL_Init
                0x0801dff0       0x40 Thirdparty\STM32G0xx_HAL_Driver\Src\stm32g0xx_hal.o
                0x0801dff0                HAL_Init
 .text.HAL_InitTick
                0x0801e030       0x94 Thirdparty\STM32G0xx_HAL_Driver\Src\stm32g0xx_hal.o
                0x0801e030                HAL_InitTick
 .text.HAL_IncTick
                0x0801e0c4       0x24 Thirdparty\STM32G0xx_HAL_Driver\Src\stm32g0xx_hal.o
                0x0801e0c4                HAL_IncTick
 .text.HAL_GetTick
                0x0801e0e8       0x14 Thirdparty\STM32G0xx_HAL_Driver\Src\stm32g0xx_hal.o
                0x0801e0e8                HAL_GetTick
 .text.HAL_Delay
                0x0801e0fc       0x48 Thirdparty\STM32G0xx_HAL_Driver\Src\stm32g0xx_hal.o
                0x0801e0fc                HAL_Delay
 .text.HAL_GetREVID
                0x0801e144       0x18 Thirdparty\STM32G0xx_HAL_Driver\Src\stm32g0xx_hal.o
                0x0801e144                HAL_GetREVID
 .text.HAL_GetDEVID
                0x0801e15c       0x18 Thirdparty\STM32G0xx_HAL_Driver\Src\stm32g0xx_hal.o
                0x0801e15c                HAL_GetDEVID
 .text.LL_ADC_SetCommonPathInternalCh
                0x0801e174       0x28 Thirdparty\STM32G0xx_HAL_Driver\Src\stm32g0xx_hal_adc.o
 .text.LL_ADC_GetCommonPathInternalCh
                0x0801e19c       0x1a Thirdparty\STM32G0xx_HAL_Driver\Src\stm32g0xx_hal_adc.o
 .text.LL_ADC_SetSamplingTimeCommonChannels
                0x0801e1b6       0x3a Thirdparty\STM32G0xx_HAL_Driver\Src\stm32g0xx_hal_adc.o
 .text.LL_ADC_GetSamplingTimeCommonChannels
                0x0801e1f0       0x2e Thirdparty\STM32G0xx_HAL_Driver\Src\stm32g0xx_hal_adc.o
 .text.LL_ADC_REG_IsTriggerSourceSWStart
                0x0801e21e       0x22 Thirdparty\STM32G0xx_HAL_Driver\Src\stm32g0xx_hal_adc.o
 .text.LL_ADC_REG_SetSequencerRanks
                0x0801e240       0x40 Thirdparty\STM32G0xx_HAL_Driver\Src\stm32g0xx_hal_adc.o
 .text.LL_ADC_REG_SetSequencerChAdd
                0x0801e280       0x22 Thirdparty\STM32G0xx_HAL_Driver\Src\stm32g0xx_hal_adc.o
 .text.LL_ADC_REG_SetSequencerChRem
                0x0801e2a2       0x24 Thirdparty\STM32G0xx_HAL_Driver\Src\stm32g0xx_hal_adc.o
 *fill*         0x0801e2c6        0x2 
 .text.LL_ADC_SetChannelSamplingTime
                0x0801e2c8       0x38 Thirdparty\STM32G0xx_HAL_Driver\Src\stm32g0xx_hal_adc.o
 .text.LL_ADC_EnableInternalRegulator
                0x0801e300       0x28 Thirdparty\STM32G0xx_HAL_Driver\Src\stm32g0xx_hal_adc.o
 .text.LL_ADC_IsInternalRegulatorEnabled
                0x0801e328       0x28 Thirdparty\STM32G0xx_HAL_Driver\Src\stm32g0xx_hal_adc.o
 .text.LL_ADC_Enable
                0x0801e350       0x24 Thirdparty\STM32G0xx_HAL_Driver\Src\stm32g0xx_hal_adc.o
 .text.LL_ADC_Disable
                0x0801e374       0x24 Thirdparty\STM32G0xx_HAL_Driver\Src\stm32g0xx_hal_adc.o
 .text.LL_ADC_IsEnabled
                0x0801e398       0x22 Thirdparty\STM32G0xx_HAL_Driver\Src\stm32g0xx_hal_adc.o
 .text.LL_ADC_IsDisableOngoing
                0x0801e3ba       0x22 Thirdparty\STM32G0xx_HAL_Driver\Src\stm32g0xx_hal_adc.o
 .text.LL_ADC_REG_StartConversion
                0x0801e3dc       0x24 Thirdparty\STM32G0xx_HAL_Driver\Src\stm32g0xx_hal_adc.o
 .text.LL_ADC_REG_StopConversion
                0x0801e400       0x24 Thirdparty\STM32G0xx_HAL_Driver\Src\stm32g0xx_hal_adc.o
 .text.LL_ADC_REG_IsConversionOngoing
                0x0801e424       0x22 Thirdparty\STM32G0xx_HAL_Driver\Src\stm32g0xx_hal_adc.o
 *fill*         0x0801e446        0x2 
 .text.HAL_ADC_Init
                0x0801e448      0x350 Thirdparty\STM32G0xx_HAL_Driver\Src\stm32g0xx_hal_adc.o
                0x0801e448                HAL_ADC_Init
 .text.HAL_ADC_Start
                0x0801e798       0x9c Thirdparty\STM32G0xx_HAL_Driver\Src\stm32g0xx_hal_adc.o
                0x0801e798                HAL_ADC_Start
 .text.HAL_ADC_Stop
                0x0801e834       0x78 Thirdparty\STM32G0xx_HAL_Driver\Src\stm32g0xx_hal_adc.o
                0x0801e834                HAL_ADC_Stop
 .text.HAL_ADC_PollForConversion
                0x0801e8ac      0x128 Thirdparty\STM32G0xx_HAL_Driver\Src\stm32g0xx_hal_adc.o
                0x0801e8ac                HAL_ADC_PollForConversion
 .text.HAL_ADC_GetValue
                0x0801e9d4       0x16 Thirdparty\STM32G0xx_HAL_Driver\Src\stm32g0xx_hal_adc.o
                0x0801e9d4                HAL_ADC_GetValue
 *fill*         0x0801e9ea        0x2 
 .text.HAL_ADC_ConfigChannel
                0x0801e9ec      0x3b0 Thirdparty\STM32G0xx_HAL_Driver\Src\stm32g0xx_hal_adc.o
                0x0801e9ec                HAL_ADC_ConfigChannel
 .text.ADC_ConversionStop
                0x0801ed9c       0x84 Thirdparty\STM32G0xx_HAL_Driver\Src\stm32g0xx_hal_adc.o
                0x0801ed9c                ADC_ConversionStop
 .text.ADC_Enable
                0x0801ee20      0x10c Thirdparty\STM32G0xx_HAL_Driver\Src\stm32g0xx_hal_adc.o
                0x0801ee20                ADC_Enable
 .text.ADC_Disable
                0x0801ef2c       0xbc Thirdparty\STM32G0xx_HAL_Driver\Src\stm32g0xx_hal_adc.o
                0x0801ef2c                ADC_Disable
 .text.__NVIC_EnableIRQ
                0x0801efe8       0x34 Thirdparty\STM32G0xx_HAL_Driver\Src\stm32g0xx_hal_cortex.o
 .text.__NVIC_SetPriority
                0x0801f01c       0xdc Thirdparty\STM32G0xx_HAL_Driver\Src\stm32g0xx_hal_cortex.o
 .text.SysTick_Config
                0x0801f0f8       0x48 Thirdparty\STM32G0xx_HAL_Driver\Src\stm32g0xx_hal_cortex.o
 .text.HAL_NVIC_SetPriority
                0x0801f140       0x2a Thirdparty\STM32G0xx_HAL_Driver\Src\stm32g0xx_hal_cortex.o
                0x0801f140                HAL_NVIC_SetPriority
 .text.HAL_NVIC_EnableIRQ
                0x0801f16a       0x20 Thirdparty\STM32G0xx_HAL_Driver\Src\stm32g0xx_hal_cortex.o
                0x0801f16a                HAL_NVIC_EnableIRQ
 .text.HAL_SYSTICK_Config
                0x0801f18a       0x1a Thirdparty\STM32G0xx_HAL_Driver\Src\stm32g0xx_hal_cortex.o
                0x0801f18a                HAL_SYSTICK_Config
 .text.HAL_CRC_Init
                0x0801f1a4       0xcc Thirdparty\STM32G0xx_HAL_Driver\Src\stm32g0xx_hal_crc.o
                0x0801f1a4                HAL_CRC_Init
 .text.HAL_CRC_Accumulate
                0x0801f270       0x8e Thirdparty\STM32G0xx_HAL_Driver\Src\stm32g0xx_hal_crc.o
                0x0801f270                HAL_CRC_Accumulate
 .text.HAL_CRC_Calculate
                0x0801f2fe       0x9e Thirdparty\STM32G0xx_HAL_Driver\Src\stm32g0xx_hal_crc.o
                0x0801f2fe                HAL_CRC_Calculate
 .text.CRC_Handle_8
                0x0801f39c      0x122 Thirdparty\STM32G0xx_HAL_Driver\Src\stm32g0xx_hal_crc.o
 .text.CRC_Handle_16
                0x0801f4be       0x6e Thirdparty\STM32G0xx_HAL_Driver\Src\stm32g0xx_hal_crc.o
 .text.HAL_CRCEx_Polynomial_Set
                0x0801f52c       0xea Thirdparty\STM32G0xx_HAL_Driver\Src\stm32g0xx_hal_crc_ex.o
                0x0801f52c                HAL_CRCEx_Polynomial_Set
 *fill*         0x0801f616        0x2 
 .text.HAL_DMA_Init
                0x0801f618      0x158 Thirdparty\STM32G0xx_HAL_Driver\Src\stm32g0xx_hal_dma.o
                0x0801f618                HAL_DMA_Init
 .text.HAL_DMA_Start_IT
                0x0801f770      0x10c Thirdparty\STM32G0xx_HAL_Driver\Src\stm32g0xx_hal_dma.o
                0x0801f770                HAL_DMA_Start_IT
 .text.HAL_DMA_Abort
                0x0801f87c       0xc0 Thirdparty\STM32G0xx_HAL_Driver\Src\stm32g0xx_hal_dma.o
                0x0801f87c                HAL_DMA_Abort
 .text.HAL_DMA_Abort_IT
                0x0801f93c       0xd0 Thirdparty\STM32G0xx_HAL_Driver\Src\stm32g0xx_hal_dma.o
                0x0801f93c                HAL_DMA_Abort_IT
 .text.HAL_DMA_IRQHandler
                0x0801fa0c      0x188 Thirdparty\STM32G0xx_HAL_Driver\Src\stm32g0xx_hal_dma.o
                0x0801fa0c                HAL_DMA_IRQHandler
 .text.HAL_DMA_GetError
                0x0801fb94       0x14 Thirdparty\STM32G0xx_HAL_Driver\Src\stm32g0xx_hal_dma.o
                0x0801fb94                HAL_DMA_GetError
 .text.DMA_SetConfig
                0x0801fba8       0x78 Thirdparty\STM32G0xx_HAL_Driver\Src\stm32g0xx_hal_dma.o
 .text.DMA_CalcDMAMUXChannelBaseAndMask
                0x0801fc20       0x94 Thirdparty\STM32G0xx_HAL_Driver\Src\stm32g0xx_hal_dma.o
 .text.DMA_CalcDMAMUXRequestGenBaseAndMask
                0x0801fcb4       0x48 Thirdparty\STM32G0xx_HAL_Driver\Src\stm32g0xx_hal_dma.o
 .text.HAL_FLASH_Program
                0x0801fcfc       0x9c Thirdparty\STM32G0xx_HAL_Driver\Src\stm32g0xx_hal_flash.o
                0x0801fcfc                HAL_FLASH_Program
 .text.HAL_FLASH_Unlock
                0x0801fd98       0x48 Thirdparty\STM32G0xx_HAL_Driver\Src\stm32g0xx_hal_flash.o
                0x0801fd98                HAL_FLASH_Unlock
 .text.HAL_FLASH_Lock
                0x0801fde0       0x44 Thirdparty\STM32G0xx_HAL_Driver\Src\stm32g0xx_hal_flash.o
                0x0801fde0                HAL_FLASH_Lock
 .text.FLASH_WaitForLastOperation
                0x0801fe24       0x9c Thirdparty\STM32G0xx_HAL_Driver\Src\stm32g0xx_hal_flash.o
                0x0801fe24                FLASH_WaitForLastOperation
 .text.FLASH_Program_DoubleWord
                0x0801fec0       0x40 Thirdparty\STM32G0xx_HAL_Driver\Src\stm32g0xx_hal_flash.o
 .text.HAL_FLASHEx_Erase
                0x0801ff00       0xe0 Thirdparty\STM32G0xx_HAL_Driver\Src\stm32g0xx_hal_flash_ex.o
                0x0801ff00                HAL_FLASHEx_Erase
 .text.FLASH_MassErase
                0x0801ffe0       0x28 Thirdparty\STM32G0xx_HAL_Driver\Src\stm32g0xx_hal_flash_ex.o
 .text.FLASH_PageErase
                0x08020008       0x58 Thirdparty\STM32G0xx_HAL_Driver\Src\stm32g0xx_hal_flash_ex.o
                0x08020008                FLASH_PageErase
 .text.HAL_GPIO_Init
                0x08020060      0x2d8 Thirdparty\STM32G0xx_HAL_Driver\Src\stm32g0xx_hal_gpio.o
                0x08020060                HAL_GPIO_Init
 .text.HAL_GPIO_ReadPin
                0x08020338       0x3a Thirdparty\STM32G0xx_HAL_Driver\Src\stm32g0xx_hal_gpio.o
                0x08020338                HAL_GPIO_ReadPin
 .text.HAL_GPIO_WritePin
                0x08020372       0x3a Thirdparty\STM32G0xx_HAL_Driver\Src\stm32g0xx_hal_gpio.o
                0x08020372                HAL_GPIO_WritePin
 .text.HAL_GPIO_TogglePin
                0x080203ac       0x36 Thirdparty\STM32G0xx_HAL_Driver\Src\stm32g0xx_hal_gpio.o
                0x080203ac                HAL_GPIO_TogglePin
 *fill*         0x080203e2        0x2 
 .text.HAL_GPIO_EXTI_IRQHandler
                0x080203e4       0x54 Thirdparty\STM32G0xx_HAL_Driver\Src\stm32g0xx_hal_gpio.o
                0x080203e4                HAL_GPIO_EXTI_IRQHandler
 .text.HAL_MspInit
                0x08020438        0xa Thirdparty\STM32G0xx_HAL_Driver\Src\stm32g0xx_hal_msp_template.o
                0x08020438                HAL_MspInit
 *fill*         0x08020442        0x2 
 .text.HAL_PWR_EnableWakeUpPin