Archive member included to satisfy reference by file (symbol)

C:/ST/STM32CubeIDE_1.17.0/STM32CubeIDE/plugins/com.st.stm32cube.ide.mcu.externaltools.gnu-tools-for-stm32.12.3.rel1.win32_1.1.0.202410251130/tools/bin/../lib/gcc/arm-none-eabi/12.3.1/../../../../arm-none-eabi/lib/thumb/v6-m/nofp\libc.a(libc_a-atof.o)
                              BOS\BOS_CLI.o (atof)
C:/ST/STM32CubeIDE_1.17.0/STM32CubeIDE/plugins/com.st.stm32cube.ide.mcu.externaltools.gnu-tools-for-stm32.12.3.rel1.win32_1.1.0.202410251130/tools/bin/../lib/gcc/arm-none-eabi/12.3.1/../../../../arm-none-eabi/lib/thumb/v6-m/nofp\libc.a(libc_a-atoi.o)
                              BOS\BOS_CLIcommands.o (atoi)
C:/ST/STM32CubeIDE_1.17.0/STM32CubeIDE/plugins/com.st.stm32cube.ide.mcu.externaltools.gnu-tools-for-stm32.12.3.rel1.win32_1.1.0.202410251130/tools/bin/../lib/gcc/arm-none-eabi/12.3.1/../../../../arm-none-eabi/lib/thumb/v6-m/nofp\libc.a(libc_a-atol.o)
                              BOS\BOS.o (atol)
C:/ST/STM32CubeIDE_1.17.0/STM32CubeIDE/plugins/com.st.stm32cube.ide.mcu.externaltools.gnu-tools-for-stm32.12.3.rel1.win32_1.1.0.202410251130/tools/bin/../lib/gcc/arm-none-eabi/12.3.1/../../../../arm-none-eabi/lib/thumb/v6-m/nofp\libc.a(libc_a-exit.o)
                              C:/ST/STM32CubeIDE_1.17.0/STM32CubeIDE/plugins/com.st.stm32cube.ide.mcu.externaltools.gnu-tools-for-stm32.12.3.rel1.win32_1.1.0.202410251130/tools/bin/../lib/gcc/arm-none-eabi/12.3.1/../../../../arm-none-eabi/lib/thumb/v6-m/nofp/crt0.o (exit)
C:/ST/STM32CubeIDE_1.17.0/STM32CubeIDE/plugins/com.st.stm32cube.ide.mcu.externaltools.gnu-tools-for-stm32.12.3.rel1.win32_1.1.0.202410251130/tools/bin/../lib/gcc/arm-none-eabi/12.3.1/../../../../arm-none-eabi/lib/thumb/v6-m/nofp\libc.a(libc_a-malloc.o)
                              BOS\BOS.o (malloc)
C:/ST/STM32CubeIDE_1.17.0/STM32CubeIDE/plugins/com.st.stm32cube.ide.mcu.externaltools.gnu-tools-for-stm32.12.3.rel1.win32_1.1.0.202410251130/tools/bin/../lib/gcc/arm-none-eabi/12.3.1/../../../../arm-none-eabi/lib/thumb/v6-m/nofp\libc.a(libc_a-mallocr.o)
                              C:/ST/STM32CubeIDE_1.17.0/STM32CubeIDE/plugins/com.st.stm32cube.ide.mcu.externaltools.gnu-tools-for-stm32.12.3.rel1.win32_1.1.0.202410251130/tools/bin/../lib/gcc/arm-none-eabi/12.3.1/../../../../arm-none-eabi/lib/thumb/v6-m/nofp\libc.a(libc_a-malloc.o) (_malloc_r)
C:/ST/STM32CubeIDE_1.17.0/STM32CubeIDE/plugins/com.st.stm32cube.ide.mcu.externaltools.gnu-tools-for-stm32.12.3.rel1.win32_1.1.0.202410251130/tools/bin/../lib/gcc/arm-none-eabi/12.3.1/../../../../arm-none-eabi/lib/thumb/v6-m/nofp\libc.a(libc_a-mlock.o)
                              C:/ST/STM32CubeIDE_1.17.0/STM32CubeIDE/plugins/com.st.stm32cube.ide.mcu.externaltools.gnu-tools-for-stm32.12.3.rel1.win32_1.1.0.202410251130/tools/bin/../lib/gcc/arm-none-eabi/12.3.1/../../../../arm-none-eabi/lib/thumb/v6-m/nofp\libc.a(libc_a-mallocr.o) (__malloc_lock)
C:/ST/STM32CubeIDE_1.17.0/STM32CubeIDE/plugins/com.st.stm32cube.ide.mcu.externaltools.gnu-tools-for-stm32.12.3.rel1.win32_1.1.0.202410251130/tools/bin/../lib/gcc/arm-none-eabi/12.3.1/../../../../arm-none-eabi/lib/thumb/v6-m/nofp\libc.a(libc_a-rand.o)
                              BOS\BOS_CLIcommands.o (rand)
C:/ST/STM32CubeIDE_1.17.0/STM32CubeIDE/plugins/com.st.stm32cube.ide.mcu.externaltools.gnu-tools-for-stm32.12.3.rel1.win32_1.1.0.202410251130/tools/bin/../lib/gcc/arm-none-eabi/12.3.1/../../../../arm-none-eabi/lib/thumb/v6-m/nofp\libc.a(libc_a-realloc.o)
                              BOS\BOS_CLI.o (realloc)
C:/ST/STM32CubeIDE_1.17.0/STM32CubeIDE/plugins/com.st.stm32cube.ide.mcu.externaltools.gnu-tools-for-stm32.12.3.rel1.win32_1.1.0.202410251130/tools/bin/../lib/gcc/arm-none-eabi/12.3.1/../../../../arm-none-eabi/lib/thumb/v6-m/nofp\libc.a(libc_a-reallocr.o)
                              C:/ST/STM32CubeIDE_1.17.0/STM32CubeIDE/plugins/com.st.stm32cube.ide.mcu.externaltools.gnu-tools-for-stm32.12.3.rel1.win32_1.1.0.202410251130/tools/bin/../lib/gcc/arm-none-eabi/12.3.1/../../../../arm-none-eabi/lib/thumb/v6-m/nofp\libc.a(libc_a-realloc.o) (_realloc_r)
C:/ST/STM32CubeIDE_1.17.0/STM32CubeIDE/plugins/com.st.stm32cube.ide.mcu.externaltools.gnu-tools-for-stm32.12.3.rel1.win32_1.1.0.202410251130/tools/bin/../lib/gcc/arm-none-eabi/12.3.1/../../../../arm-none-eabi/lib/thumb/v6-m/nofp\libc.a(libc_a-strtod.o)
                              C:/ST/STM32CubeIDE_1.17.0/STM32CubeIDE/plugins/com.st.stm32cube.ide.mcu.externaltools.gnu-tools-for-stm32.12.3.rel1.win32_1.1.0.202410251130/tools/bin/../lib/gcc/arm-none-eabi/12.3.1/../../../../arm-none-eabi/lib/thumb/v6-m/nofp\libc.a(libc_a-atof.o) (strtod)
C:/ST/STM32CubeIDE_1.17.0/STM32CubeIDE/plugins/com.st.stm32cube.ide.mcu.externaltools.gnu-tools-for-stm32.12.3.rel1.win32_1.1.0.202410251130/tools/bin/../lib/gcc/arm-none-eabi/12.3.1/../../../../arm-none-eabi/lib/thumb/v6-m/nofp\libc.a(libc_a-strtol.o)
[...]
Memory Configuration

Name             Origin             Length             Attributes
RAM              0x20000000         0x00024000         xrw
FLASH            0x08000000         0x00080000         xr
*default*        0x00000000         0xffffffff

Linker script and memory map

LOAD C:/ST/STM32CubeIDE_1.17.0/STM32CubeIDE/plugins/com.st.stm32cube.ide.mcu.externaltools.gnu-tools-for-stm32.12.3.rel1.win32_1.1.0.202410251130/tools/bin/../lib/gcc/arm-none-eabi/12.3.1/thumb/v6-m/nofp/crti.o
LOAD C:/ST/STM32CubeIDE_1.17.0/STM32CubeIDE/plugins/com.st.stm32cube.ide.mcu.externaltools.gnu-tools-for-stm32.12.3.rel1.win32_1.1.0.202410251130/tools/bin/../lib/gcc/arm-none-eabi/12.3.1/thumb/v6-m/nofp/crtbegin.o
LOAD C:/ST/STM32CubeIDE_1.17.0/STM32CubeIDE/plugins/com.st.stm32cube.ide.mcu.externaltools.gnu-tools-for-stm32.12.3.rel1.win32_1.1.0.202410251130/tools/bin/../lib/gcc/arm-none-eabi/12.3.1/../../../../arm-none-eabi/lib/thumb/v6-m/nofp/crt0.o
LOAD BOS\BOS.o
LOAD BOS\BOS_CLI.o
LOAD BOS\BOS_CLIcommands.o
LOAD BOS\BOS_dma.o
LOAD BOS\BOS_freertos.o
LOAD BOS\BOS_messaging.o
LOAD BOS\BOS_msgparser.o
LOAD H17R1\H17R1.o
LOAD H17R1\H17R1_dma.o
LOAD H17R1\H17R1_eeprom.o
LOAD H17R1\H17R1_gpio.o
LOAD H17R1\H17R1_inputs.o
LOAD H17R1\H17R1_it.o
LOAD H17R1\H17R1_rtc.o
LOAD H17R1\H17R1_spi.o
LOAD H17R1\H17R1_timers.o
LOAD H17R1\H17R1_uart.o
LOAD H17R1\startup_stm32g0b1ceuxn.o
LOAD Thirdparty\CMSIS\STM32G0xx\Device\ST\STM32G0xx\Source\Templates\system_stm32g0xx.o
LOAD Thirdparty\EEPROM_Emul\Core\eeprom_emul.o
LOAD Thirdparty\EEPROM_Emul\Porting\STM32G0\flash_interface.o
LOAD Thirdparty\Middleware\STM32G0xx\FreeRTOS\Source\CMSIS_RTOS\cmsis_os.o
LOAD Thirdparty\Middleware\STM32G0xx\FreeRTOS\Source\FreeRTOS_CLI.o
LOAD Thirdparty\Middleware\STM32G0xx\FreeRTOS\Source\croutine.o
LOAD Thirdparty\Middleware\STM32G0xx\FreeRTOS\Source\event_groups.o
LOAD Thirdparty\Middleware\STM32G0xx\FreeRTOS\Source\list.o
LOAD Thirdparty\Middleware\STM32G0xx\FreeRTOS\Source\portable\GCC\ARM_CM0\port.o
LOAD Thirdparty\Middleware\STM32G0xx\FreeRTOS\Source\portable\MemMang\heap_4.o
LOAD Thirdparty\Middleware\STM32G0xx\FreeRTOS\Source\queue.o
LOAD Thirdparty\Middleware\STM32G0xx\FreeRTOS\Source\stream_buffer.o
LOAD Thirdparty\Middleware\STM32G0xx\FreeRTOS\Source\tasks.o
LOAD Thirdparty\Middleware\STM32G0xx\FreeRTOS\Source\timers.o
LOAD Thirdparty\PowerStep01-Stepper\powerstep01.o
LOAD Thirdparty\STM32G0xx_HAL_Driver\Src\stm32g0xx_hal.o
LOAD Thirdparty\STM32G0xx_HAL_Driver\Src\stm32g0xx_hal_adc.o
LOAD Thirdparty\STM32G0xx_HAL_Driver\Src\stm32g0xx_hal_adc_ex.o
LOAD Thirdparty\STM32G0xx_HAL_Driver\Src\stm32g0xx_hal_cec.o
LOAD Thirdparty\STM32G0xx_HAL_Driver\Src\stm32g0xx_hal_comp.o
LOAD Thirdparty\STM32G0xx_HAL_Driver\Src\stm32g0xx_hal_cortex.o
LOAD Thirdparty\STM32G0xx_HAL_Driver\Src\stm32g0xx_hal_crc.o
LOAD Thirdparty\STM32G0xx_HAL_Driver\Src\stm32g0xx_hal_crc_ex.o
LOAD Thirdparty\STM32G0xx_HAL_Driver\Src\stm32g0xx_hal_cryp.o
LOAD Thirdparty\STM32G0xx_HAL_Driver\Src\stm32g0xx_hal_cryp_ex.o
LOAD Thirdparty\STM32G0xx_HAL_Driver\Src\stm32g0xx_hal_dac.o
LOAD Thirdparty\STM32G0xx_HAL_Driver\Src\stm32g0xx_hal_dac_ex.o
LOAD Thirdparty\STM32G0xx_HAL_Driver\Src\stm32g0xx_hal_dma.o
LOAD Thirdparty\STM32G0xx_HAL_Driver\Src\stm32g0xx_hal_dma_ex.o
LOAD Thirdparty\STM32G0xx_HAL_Driver\Src\stm32g0xx_hal_exti.o
LOAD Thirdparty\STM32G0xx_HAL_Driver\Src\stm32g0xx_hal_fdcan.o
LOAD Thirdparty\STM32G0xx_HAL_Driver\Src\stm32g0xx_hal_flash.o
LOAD Thirdparty\STM32G0xx_HAL_Driver\Src\stm32g0xx_hal_flash_ex.o
LOAD Thirdparty\STM32G0xx_HAL_Driver\Src\stm32g0xx_hal_gpio.o
LOAD Thirdparty\STM32G0xx_HAL_Driver\Src\stm32g0xx_hal_hcd.o
LOAD Thirdparty\STM32G0xx_HAL_Driver\Src\stm32g0xx_hal_i2c.o
LOAD Thirdparty\STM32G0xx_HAL_Driver\Src\stm32g0xx_hal_i2c_ex.o
LOAD Thirdparty\STM32G0xx_HAL_Driver\Src\stm32g0xx_hal_i2s.o
LOAD Thirdparty\STM32G0xx_HAL_Driver\Src\stm32g0xx_hal_irda.o
LOAD Thirdparty\STM32G0xx_HAL_Driver\Src\stm32g0xx_hal_iwdg.o
LOAD Thirdparty\STM32G0xx_HAL_Driver\Src\stm32g0xx_hal_lptim.o
LOAD Thirdparty\STM32G0xx_HAL_Driver\Src\stm32g0xx_hal_msp_template.o
LOAD Thirdparty\STM32G0xx_HAL_Driver\Src\stm32g0xx_hal_pcd.o
LOAD Thirdparty\STM32G0xx_HAL_Driver\Src\stm32g0xx_hal_pcd_ex.o
LOAD Thirdparty\STM32G0xx_HAL_Driver\Src\stm32g0xx_hal_pwr.o
LOAD Thirdparty\STM32G0xx_HAL_Driver\Src\stm32g0xx_hal_pwr_ex.o
LOAD Thirdparty\STM32G0xx_HAL_Driver\Src\stm32g0xx_hal_rcc.o
LOAD Thirdparty\STM32G0xx_HAL_Driver\Src\stm32g0xx_hal_rcc_ex.o
LOAD Thirdparty\STM32G0xx_HAL_Driver\Src\stm32g0xx_hal_rng.o
LOAD Thirdparty\STM32G0xx_HAL_Driver\Src\stm32g0xx_hal_rtc.o
LOAD Thirdparty\STM32G0xx_HAL_Driver\Src\stm32g0xx_hal_rtc_ex.o
LOAD Thirdparty\STM32G0xx_HAL_Driver\Src\stm32g0xx_hal_smartcard.o
LOAD Thirdparty\STM32G0xx_HAL_Driver\Src\stm32g0xx_hal_smartcard_ex.o
LOAD Thirdparty\STM32G0xx_HAL_Driver\Src\stm32g0xx_hal_smbus.o
LOAD Thirdparty\STM32G0xx_HAL_Driver\Src\stm32g0xx_hal_smbus_ex.o
LOAD Thirdparty\STM32G0xx_HAL_Driver\Src\stm32g0xx_hal_spi.o
LOAD Thirdparty\STM32G0xx_HAL_Driver\Src\stm32g0xx_hal_spi_ex.o
LOAD Thirdparty\STM32G0xx_HAL_Driver\Src\stm32g0xx_hal_tim.o
LOAD Thirdparty\STM32G0xx_HAL_Driver\Src\stm32g0xx_hal_tim_ex.o
LOAD Thirdparty\STM32G0xx_HAL_Driver\Src\stm32g0xx_hal_uart.o
LOAD Thirdparty\STM32G0xx_HAL_Driver\Src\stm32g0xx_hal_uart_ex.o
LOAD Thirdparty\STM32G0xx_HAL_Driver\Src\stm32g0xx_hal_usart.o
LOAD Thirdparty\STM32G0xx_HAL_Driver\Src\stm32g0xx_hal_usart_ex.o
LOAD Thirdparty\STM32G0xx_HAL_Driver\Src\stm32g0xx_hal_wwdg.o
LOAD Thirdparty\STM32G0xx_HAL_Driver\Src\stm32g0xx_ll_adc.o
LOAD Thirdparty\STM32G0xx_HAL_Driver\Src\stm32g0xx_ll_comp.o
LOAD Thirdparty\STM32G0xx_HAL_Driver\Src\stm32g0xx_ll_crc.o
LOAD Thirdparty\STM32G0xx_HAL_Driver\Src\stm32g0xx_ll_crs.o
LOAD Thirdparty\STM32G0xx_HAL_Driver\Src\stm32g0xx_ll_dac.o
LOAD Thirdparty\STM32G0xx_HAL_Driver\Src\stm32g0xx_ll_dma.o
LOAD Thirdparty\STM32G0xx_HAL_Driver\Src\stm32g0xx_ll_exti.o
LOAD Thirdparty\STM32G0xx_HAL_Driver\Src\stm32g0xx_ll_gpio.o
LOAD Thirdparty\STM32G0xx_HAL_Driver\Src\stm32g0xx_ll_i2c.o
LOAD Thirdparty\STM32G0xx_HAL_Driver\Src\stm32g0xx_ll_lptim.o
LOAD Thirdparty\STM32G0xx_HAL_Driver\Src\stm32g0xx_ll_lpuart.o
LOAD Thirdparty\STM32G0xx_HAL_Driver\Src\stm32g0xx_ll_pwr.o
LOAD Thirdparty\STM32G0xx_HAL_Driver\Src\stm32g0xx_ll_rcc.o
LOAD Thirdparty\STM32G0xx_HAL_Driver\Src\stm32g0xx_ll_rng.o
LOAD Thirdparty\STM32G0xx_HAL_Driver\Src\stm32g0xx_ll_rtc.o
LOAD Thirdparty\STM32G0xx_HAL_Driver\Src\stm32g0xx_ll_spi.o
LOAD Thirdparty\STM32G0xx_HAL_Driver\Src\stm32g0xx_ll_tim.o
LOAD Thirdparty\STM32G0xx_HAL_Driver\Src\stm32g0xx_ll_ucpd.o
LOAD Thirdparty\STM32G0xx_HAL_Driver\Src\stm32g0xx_ll_usart.o
LOAD Thirdparty\STM32G0xx_HAL_Driver\Src\stm32g0xx_ll_usb.o
LOAD Thirdparty\STM32G0xx_HAL_Driver\Src\stm32g0xx_ll_utils.o
LOAD User\main.o
LOAD syscalls.o
START GROUP
LOAD C:/ST/STM32CubeIDE_1.17.0/STM32CubeIDE/plugins/com.st.stm32cube.ide.mcu.externaltools.gnu-tools-for-stm32.12.3.rel1.win32_1.1.0.202410251130/tools/bin/../lib/gcc/arm-none-eabi/12.3.1/../../../../arm-none-eabi/lib/thumb/v6-m/nofp\libc.a
LOAD C:/ST/STM32CubeIDE_1.17.0/STM32CubeIDE/plugins/com.st.stm32cube.ide.mcu.externaltools.gnu-tools-for-stm32.12.3.rel1.win32_1.1.0.202410251130/tools/bin/../lib/gcc/arm-none-eabi/12.3.1/../../../../arm-none-eabi/lib/thumb/v6-m/nofp\libm.a
END GROUP
START GROUP
LOAD C:/ST/STM32CubeIDE_1.17.0/STM32CubeIDE/plugins/com.st.stm32cube.ide.mcu.externaltools.gnu-tools-for-stm32.12.3.rel1.win32_1.1.0.202410251130/tools/bin/../lib/gcc/arm-none-eabi/12.3.1/thumb/v6-m/nofp\libgcc.a
LOAD C:/ST/STM32CubeIDE_1.17.0/STM32CubeIDE/plugins/com.st.stm32cube.ide.mcu.externaltools.gnu-tools-for-stm32.12.3.rel1.win32_1.1.0.202410251130/tools/bin/../lib/gcc/arm-none-eabi/12.3.1/../../../../arm-none-eabi/lib/thumb/v6-m/nofp\libc.a
END GROUP
START GROUP
LOAD C:/ST/STM32CubeIDE_1.17.0/STM32CubeIDE/plugins/com.st.stm32cube.ide.mcu.externaltools.gnu-tools-for-stm32.12.3.rel1.win32_1.1.0.202410251130/tools/bin/../lib/gcc/arm-none-eabi/12.3.1/thumb/v6-m/nofp\libgcc.a
LOAD C:/ST/STM32CubeIDE_1.17.0/STM32CubeIDE/plugins/com.st.stm32cube.ide.mcu.externaltools.gnu-tools-for-stm32.12.3.rel1.win32_1.1.0.202410251130/tools/bin/../lib/gcc/arm-none-eabi/12.3.1/../../../../arm-none-eabi/lib/thumb/v6-m/nofp\libc.a
LOAD C:/ST/STM32CubeIDE_1.17.0/STM32CubeIDE/plugins/com.st.stm32cube.ide.mcu.externaltools.gnu-tools-for-stm32.12.3.rel1.win32_1.1.0.202410251130/tools/bin/../lib/gcc/arm-none-eabi/12.3.1/../../../../arm-none-eabi/lib/thumb/v6-m/nofp\libnosys.a
END GROUP
LOAD C:/ST/STM32CubeIDE_1.17.0/STM32CubeIDE/plugins/com.st.stm32cube.ide.mcu.externaltools.gnu-tools-for-stm32.12.3.rel1.win32_1.1.0.202410251130/tools/bin/../lib/gcc/arm-none-eabi/12.3.1/thumb/v6-m/nofp/crtend.o
LOAD C:/ST/STM32CubeIDE_1.17.0/STM32CubeIDE/plugins/com.st.stm32cube.ide.mcu.externaltools.gnu-tools-for-stm32.12.3.rel1.win32_1.1.0.202410251130/tools/bin/../lib/gcc/arm-none-eabi/12.3.1/thumb/v6-m/nofp/crtn.o
                0x20024000                        _estack = (ORIGIN (RAM) + LENGTH (RAM))
                0x00000200                        _Min_Heap_Size = 0x200
                0x00000400                        _Min_Stack_Size = 0x400

.isr_vector     0x08000000       0xbc
                0x08000000                        . = ALIGN (0x4)
 *(.isr_vector)
 .isr_vector    0x08000000       0xbc H17R1\startup_stm32g0b1ceuxn.o
                0x08000000                g_pfnVectors
                0x080000bc                        . = ALIGN (0x4)

.text           0x080000c0    0x2c5d0
                0x080000c0                        . = ALIGN (0x4)
 *(.text)
 .text          0x080000c0       0x48 C:/ST/STM32CubeIDE_1.17.0/STM32CubeIDE/plugins/com.st.stm32cube.ide.mcu.externaltools.gnu-tools-for-stm32.12.3.rel1.win32_1.1.0.202410251130/tools/bin/../lib/gcc/arm-none-eabi/12.3.1/thumb/v6-m/nofp/crtbegin.o
 .text          0x08000108       0x14 C:/ST/STM32CubeIDE_1.17.0/STM32CubeIDE/plugins/com.st.stm32cube.ide.mcu.externaltools.gnu-tools-for-stm32.12.3.rel1.win32_1.1.0.202410251130/tools/bin/../lib/gcc/arm-none-eabi/12.3.1/../../../../arm-none-eabi/lib/thumb/v6-m/nofp\libc.a(libc_a-strcmp.o)
                0x08000108                strcmp
 .text          0x0800011c        0xe C:/ST/STM32CubeIDE_1.17.0/STM32CubeIDE/plugins/com.st.stm32cube.ide.mcu.externaltools.gnu-tools-for-stm32.12.3.rel1.win32_1.1.0.202410251130/tools/bin/../lib/gcc/arm-none-eabi/12.3.1/../../../../arm-none-eabi/lib/thumb/v6-m/nofp\libc.a(libc_a-strlen.o)
                0x0800011c                strlen
 *fill*         0x0800012a        0x2 
 .text          0x0800012c       0x14 C:/ST/STM32CubeIDE_1.17.0/STM32CubeIDE/plugins/com.st.stm32cube.ide.mcu.externaltools.gnu-tools-for-stm32.12.3.rel1.win32_1.1.0.202410251130/tools/bin/../lib/gcc/arm-none-eabi/12.3.1/thumb/v6-m/nofp\libgcc.a(_thumb1_case_uqi.o)
                0x0800012c                __gnu_thumb1_case_uqi
 .text          0x08000140       0x14 C:/ST/STM32CubeIDE_1.17.0/STM32CubeIDE/plugins/com.st.stm32cube.ide.mcu.externaltools.gnu-tools-for-stm32.12.3.rel1.win32_1.1.0.202410251130/tools/bin/../lib/gcc/arm-none-eabi/12.3.1/thumb/v6-m/nofp\libgcc.a(_thumb1_case_uhi.o)
                0x08000140                __gnu_thumb1_case_uhi
 .text          0x08000154      0x114 C:/ST/STM32CubeIDE_1.17.0/STM32CubeIDE/plugins/com.st.stm32cube.ide.mcu.externaltools.gnu-tools-for-stm32.12.3.rel1.win32_1.1.0.202410251130/tools/bin/../lib/gcc/arm-none-eabi/12.3.1/thumb/v6-m/nofp\libgcc.a(_udivsi3.o)
                0x08000154                __aeabi_uidiv
                0x08000154                __udivsi3
                0x08000260                __aeabi_uidivmod
 .text          0x08000268      0x1d4 C:/ST/STM32CubeIDE_1.17.0/STM32CubeIDE/plugins/com.st.stm32cube.ide.mcu.externaltools.gnu-tools-for-stm32.12.3.rel1.win32_1.1.0.202410251130/tools/bin/../lib/gcc/arm-none-eabi/12.3.1/thumb/v6-m/nofp\libgcc.a(_divsi3.o)
                0x08000268                __divsi3
                0x08000268                __aeabi_idiv
                0x08000434                __aeabi_idivmod
 .text          0x0800043c        0x4 C:/ST/STM32CubeIDE_1.17.0/STM32CubeIDE/plugins/com.st.stm32cube.ide.mcu.externaltools.gnu-tools-for-stm32.12.3.rel1.win32_1.1.0.202410251130/tools/bin/../lib/gcc/arm-none-eabi/12.3.1/thumb/v6-m/nofp\libgcc.a(_dvmd_tls.o)
                0x0800043c                __aeabi_idiv0
                0x0800043c                __aeabi_ldiv0
 .text          0x08000440       0x7c C:/ST/STM32CubeIDE_1.17.0/STM32CubeIDE/plugins/com.st.stm32cube.ide.mcu.externaltools.gnu-tools-for-stm32.12.3.rel1.win32_1.1.0.202410251130/tools/bin/../lib/gcc/arm-none-eabi/12.3.1/thumb/v6-m/nofp\libgcc.a(_arm_cmpdf2.o)
                0x08000440                __aeabi_cdrcmple
                0x08000450                __aeabi_cdcmple
                0x08000450                __aeabi_cdcmpeq
                0x08000460                __aeabi_dcmpeq
                0x0800046c                __aeabi_dcmplt
                0x08000480                __aeabi_dcmple
                0x08000494                __aeabi_dcmpgt
                0x080004a8                __aeabi_dcmpge
 .text          0x080004bc       0x74 C:/ST/STM32CubeIDE_1.17.0/STM32CubeIDE/plugins/com.st.stm32cube.ide.mcu.externaltools.gnu-tools-for-stm32.12.3.rel1.win32_1.1.0.202410251130/tools/bin/../lib/gcc/arm-none-eabi/12.3.1/thumb/v6-m/nofp\libgcc.a(_arm_cmpsf2.o)
                0x080004bc                __aeabi_cfrcmple
                0x080004c4                __aeabi_cfcmpeq
                0x080004c4                __aeabi_cfcmple
                0x080004d4                __aeabi_fcmpeq
                0x080004e0                __aeabi_fcmplt
                0x080004f4                __aeabi_fcmple
                0x08000508                __aeabi_fcmpgt
                0x0800051c                __aeabi_fcmpge
 .text          0x08000530       0x40 C:/ST/STM32CubeIDE_1.17.0/STM32CubeIDE/plugins/com.st.stm32cube.ide.mcu.externaltools.gnu-tools-for-stm32.12.3.rel1.win32_1.1.0.202410251130/tools/bin/../lib/gcc/arm-none-eabi/12.3.1/thumb/v6-m/nofp\libgcc.a(_aeabi_uldivmod.o)
                0x08000530                __aeabi_uldivmod
 .text          0x08000570       0x5c C:/ST/STM32CubeIDE_1.17.0/STM32CubeIDE/plugins/com.st.stm32cube.ide.mcu.externaltools.gnu-tools-for-stm32.12.3.rel1.win32_1.1.0.202410251130/tools/bin/../lib/gcc/arm-none-eabi/12.3.1/thumb/v6-m/nofp\libgcc.a(_muldi3.o)
                0x08000570                __muldi3
                0x08000570                __aeabi_lmul
 .text          0x080005cc       0x30 C:/ST/STM32CubeIDE_1.17.0/STM32CubeIDE/plugins/com.st.stm32cube.ide.mcu.externaltools.gnu-tools-for-stm32.12.3.rel1.win32_1.1.0.202410251130/tools/bin/../lib/gcc/arm-none-eabi/12.3.1/thumb/v6-m/nofp\libgcc.a(_fixunssfsi.o)
                0x080005cc                __fixunssfsi
                0x080005cc                __aeabi_f2uiz
 .text          0x080005fc       0x3c C:/ST/STM32CubeIDE_1.17.0/STM32CubeIDE/plugins/com.st.stm32cube.ide.mcu.externaltools.gnu-tools-for-stm32.12.3.rel1.win32_1.1.0.202410251130/tools/bin/../lib/gcc/arm-none-eabi/12.3.1/thumb/v6-m/nofp\libgcc.a(_fixunsdfsi.o)
                0x080005fc                __aeabi_d2uiz
                0x080005fc                __fixunsdfsi
 .text          0x08000638       0x38 C:/ST/STM32CubeIDE_1.17.0/STM32CubeIDE/plugins/com.st.stm32cube.ide.mcu.externaltools.gnu-tools-for-stm32.12.3.rel1.win32_1.1.0.202410251130/tools/bin/../lib/gcc/arm-none-eabi/12.3.1/thumb/v6-m/nofp\libgcc.a(_fixdfdi.o)
                0x08000638                __fixdfdi
                0x08000638                __aeabi_d2lz
 .text          0x08000670       0x3c C:/ST/STM32CubeIDE_1.17.0/STM32CubeIDE/plugins/com.st.stm32cube.ide.mcu.externaltools.gnu-tools-for-stm32.12.3.rel1.win32_1.1.0.202410251130/tools/bin/../lib/gcc/arm-none-eabi/12.3.1/thumb/v6-m/nofp\libgcc.a(_fixunsdfdi.o)
                0x08000670                __fixunsdfdi
                0x08000670                __aeabi_d2ulz
 .text          0x080006ac       0x2c C:/ST/STM32CubeIDE_1.17.0/STM32CubeIDE/plugins/com.st.stm32cube.ide.mcu.externaltools.gnu-tools-for-stm32.12.3.rel1.win32_1.1.0.202410251130/tools/bin/../lib/gcc/arm-none-eabi/12.3.1/thumb/v6-m/nofp\libgcc.a(_floatdidf.o)
                0x080006ac                __aeabi_l2d
                0x080006ac                __floatdidf
 .text          0x080006d8      0x198 C:/ST/STM32CubeIDE_1.17.0/STM32CubeIDE/plugins/com.st.stm32cube.ide.mcu.externaltools.gnu-tools-for-stm32.12.3.rel1.win32_1.1.0.202410251130/tools/bin/../lib/gcc/arm-none-eabi/12.3.1/thumb/v6-m/nofp\libgcc.a(_udivmoddi4.o)
                0x080006d8                __udivmoddi4
 .text          0x08000870      0x314 C:/ST/STM32CubeIDE_1.17.0/STM32CubeIDE/plugins/com.st.stm32cube.ide.mcu.externaltools.gnu-tools-for-stm32.12.3.rel1.win32_1.1.0.202410251130/tools/bin/../lib/gcc/arm-none-eabi/12.3.1/thumb/v6-m/nofp\libgcc.a(addsf3.o)
                0x08000870                __aeabi_fadd
 .text          0x08000b84       0x50 C:/ST/STM32CubeIDE_1.17.0/STM32CubeIDE/plugins/com.st.stm32cube.ide.mcu.externaltools.gnu-tools-for-stm32.12.3.rel1.win32_1.1.0.202410251130/tools/bin/../lib/gcc/arm-none-eabi/12.3.1/thumb/v6-m/nofp\libgcc.a(eqsf2.o)
                0x08000b84                __eqsf2
                0x08000b84                __nesf2
 .text          0x08000bd4       0xa0 C:/ST/STM32CubeIDE_1.17.0/STM32CubeIDE/plugins/com.st.stm32cube.ide.mcu.externaltools.gnu-tools-for-stm32.12.3.rel1.win32_1.1.0.202410251130/tools/bin/../lib/gcc/arm-none-eabi/12.3.1/thumb/v6-m/nofp\libgcc.a(gesf2.o)
                0x08000bd4                __gesf2
                0x08000bd4                __gtsf2
 .text          0x08000c74       0x9c C:/ST/STM32CubeIDE_1.17.0/STM32CubeIDE/plugins/com.st.stm32cube.ide.mcu.externaltools.gnu-tools-for-stm32.12.3.rel1.win32_1.1.0.202410251130/tools/bin/../lib/gcc/arm-none-eabi/12.3.1/thumb/v6-m/nofp\libgcc.a(lesf2.o)
                0x08000c74                __ltsf2
                0x08000c74                __lesf2
 .text          0x08000d10      0x27c C:/ST/STM32CubeIDE_1.17.0/STM32CubeIDE/plugins/com.st.stm32cube.ide.mcu.externaltools.gnu-tools-for-stm32.12.3.rel1.win32_1.1.0.202410251130/tools/bin/../lib/gcc/arm-none-eabi/12.3.1/thumb/v6-m/nofp\libgcc.a(mulsf3.o)
                0x08000d10                __aeabi_fmul
 .text          0x08000f8c      0x348 C:/ST/STM32CubeIDE_1.17.0/STM32CubeIDE/plugins/com.st.stm32cube.ide.mcu.externaltools.gnu-tools-for-stm32.12.3.rel1.win32_1.1.0.202410251130/tools/bin/../lib/gcc/arm-none-eabi/12.3.1/thumb/v6-m/nofp\libgcc.a(subsf3.o)
                0x08000f8c                __aeabi_fsub
 .text          0x080012d4       0x40 C:/ST/STM32CubeIDE_1.17.0/STM32CubeIDE/plugins/com.st.stm32cube.ide.mcu.externaltools.gnu-tools-for-stm32.12.3.rel1.win32_1.1.0.202410251130/tools/bin/../lib/gcc/arm-none-eabi/12.3.1/thumb/v6-m/nofp\libgcc.a(fixsfsi.o)
                0x080012d4                __aeabi_f2iz
 .text          0x08001314       0x98 C:/ST/STM32CubeIDE_1.17.0/STM32CubeIDE/plugins/com.st.stm32cube.ide.mcu.externaltools.gnu-tools-for-stm32.12.3.rel1.win32_1.1.0.202410251130/tools/bin/../lib/gcc/arm-none-eabi/12.3.1/thumb/v6-m/nofp\libgcc.a(floatsisf.o)
                0x08001314                __aeabi_i2f
 .text          0x080013ac       0x84 C:/ST/STM32CubeIDE_1.17.0/STM32CubeIDE/plugins/com.st.stm32cube.ide.mcu.externaltools.gnu-tools-for-stm32.12.3.rel1.win32_1.1.0.202410251130/tools/bin/../lib/gcc/arm-none-eabi/12.3.1/thumb/v6-m/nofp\libgcc.a(floatunsisf.o)
                0x080013ac                __aeabi_ui2f
 .text          0x08001430      0x6c8 C:/ST/STM32CubeIDE_1.17.0/STM32CubeIDE/plugins/com.st.stm32cube.ide.mcu.externaltools.gnu-tools-for-stm32.12.3.rel1.win32_1.1.0.202410251130/tools/bin/../lib/gcc/arm-none-eabi/12.3.1/thumb/v6-m/nofp\libgcc.a(adddf3.o)
                0x08001430                __aeabi_dadd
 .text          0x08001af8      0x634 C:/ST/STM32CubeIDE_1.17.0/STM32CubeIDE/plugins/com.st.stm32cube.ide.mcu.externaltools.gnu-tools-for-stm32.12.3.rel1.win32_1.1.0.202410251130/tools/bin/../lib/gcc/arm-none-eabi/12.3.1/thumb/v6-m/nofp\libgcc.a(divdf3.o)
                0x08001af8                __aeabi_ddiv
 .text          0x0800212c       0x88 C:/ST/STM32CubeIDE_1.17.0/STM32CubeIDE/plugins/com.st.stm32cube.ide.mcu.externaltools.gnu-tools-for-stm32.12.3.rel1.win32_1.1.0.202410251130/tools/bin/../lib/gcc/arm-none-eabi/12.3.1/thumb/v6-m/nofp\libgcc.a(eqdf2.o)
                0x0800212c                __nedf2
                0x0800212c                __eqdf2
 .text          0x080021b4       0xe8 C:/ST/STM32CubeIDE_1.17.0/STM32CubeIDE/plugins/com.st.stm32cube.ide.mcu.externaltools.gnu-tools-for-stm32.12.3.rel1.win32_1.1.0.202410251130/tools/bin/../lib/gcc/arm-none-eabi/12.3.1/thumb/v6-m/nofp\libgcc.a(gedf2.o)
                0x080021b4                __gedf2
                0x080021b4                __gtdf2
 .text          0x0800229c       0xe4 C:/ST/STM32CubeIDE_1.17.0/STM32CubeIDE/plugins/com.st.stm32cube.ide.mcu.externaltools.gnu-tools-for-stm32.12.3.rel1.win32_1.1.0.202410251130/tools/bin/../lib/gcc/arm-none-eabi/12.3.1/thumb/v6-m/nofp\libgcc.a(ledf2.o)
                0x0800229c                __ledf2
                0x0800229c                __ltdf2
 .text          0x08002380      0x590 C:/ST/STM32CubeIDE_1.17.0/STM32CubeIDE/plugins/com.st.stm32cube.ide.mcu.externaltools.gnu-tools-for-stm32.12.3.rel1.win32_1.1.0.202410251130/tools/bin/../lib/gcc/arm-none-eabi/12.3.1/thumb/v6-m/nofp\libgcc.a(muldf3.o)
                0x08002380                __aeabi_dmul
 .text          0x08002910      0x738 C:/ST/STM32CubeIDE_1.17.0/STM32CubeIDE/plugins/com.st.stm32cube.ide.mcu.externaltools.gnu-tools-for-stm32.12.3.rel1.win32_1.1.0.202410251130/tools/bin/../lib/gcc/arm-none-eabi/12.3.1/thumb/v6-m/nofp\libgcc.a(subdf3.o)
                0x08002910                __aeabi_dsub
 .text          0x08003048       0x44 C:/ST/STM32CubeIDE_1.17.0/STM32CubeIDE/plugins/com.st.stm32cube.ide.mcu.externaltools.gnu-tools-for-stm32.12.3.rel1.win32_1.1.0.202410251130/tools/bin/../lib/gcc/arm-none-eabi/12.3.1/thumb/v6-m/nofp\libgcc.a(unorddf2.o)
                0x08003048                __aeabi_dcmpun
 .text          0x0800308c       0x78 C:/ST/STM32CubeIDE_1.17.0/STM32CubeIDE/plugins/com.st.stm32cube.ide.mcu.externaltools.gnu-tools-for-stm32.12.3.rel1.win32_1.1.0.202410251130/tools/bin/../lib/gcc/arm-none-eabi/12.3.1/thumb/v6-m/nofp\libgcc.a(fixdfsi.o)
                0x0800308c                __aeabi_d2iz
 .text          0x08003104       0x5c C:/ST/STM32CubeIDE_1.17.0/STM32CubeIDE/plugins/com.st.stm32cube.ide.mcu.externaltools.gnu-tools-for-stm32.12.3.rel1.win32_1.1.0.202410251130/tools/bin/../lib/gcc/arm-none-eabi/12.3.1/thumb/v6-m/nofp\libgcc.a(floatsidf.o)
                0x08003104                __aeabi_i2d
 .text          0x08003160       0x48 C:/ST/STM32CubeIDE_1.17.0/STM32CubeIDE/plugins/com.st.stm32cube.ide.mcu.externaltools.gnu-tools-for-stm32.12.3.rel1.win32_1.1.0.202410251130/tools/bin/../lib/gcc/arm-none-eabi/12.3.1/thumb/v6-m/nofp\libgcc.a(floatunsidf.o)
                0x08003160                __aeabi_ui2d
 .text          0x080031a8       0x90 C:/ST/STM32CubeIDE_1.17.0/STM32CubeIDE/plugins/com.st.stm32cube.ide.mcu.externaltools.gnu-tools-for-stm32.12.3.rel1.win32_1.1.0.202410251130/tools/bin/../lib/gcc/arm-none-eabi/12.3.1/thumb/v6-m/nofp\libgcc.a(extendsfdf2.o)
                0x080031a8                __aeabi_f2d
 .text          0x08003238      0x108 C:/ST/STM32CubeIDE_1.17.0/STM32CubeIDE/plugins/com.st.stm32cube.ide.mcu.externaltools.gnu-tools-for-stm32.12.3.rel1.win32_1.1.0.202410251130/tools/bin/../lib/gcc/arm-none-eabi/12.3.1/thumb/v6-m/nofp\libgcc.a(truncdfsf2.o)
                0x08003238                __aeabi_d2f
 .text          0x08003340       0x3c C:/ST/STM32CubeIDE_1.17.0/STM32CubeIDE/plugins/com.st.stm32cube.ide.mcu.externaltools.gnu-tools-for-stm32.12.3.rel1.win32_1.1.0.202410251130/tools/bin/../lib/gcc/arm-none-eabi/12.3.1/thumb/v6-m/nofp\libgcc.a(_clzsi2.o)
                0x08003340                __clzsi2
 .text          0x0800337c       0x18 C:/ST/STM32CubeIDE_1.17.0/STM32CubeIDE/plugins/com.st.stm32cube.ide.mcu.externaltools.gnu-tools-for-stm32.12.3.rel1.win32_1.1.0.202410251130/tools/bin/../lib/gcc/arm-none-eabi/12.3.1/thumb/v6-m/nofp\libgcc.a(_clzdi2.o)
                0x0800337c                __clzdi2
 *(.text*)
 .text.__NVIC_SystemReset
                0x08003394       0x24 BOS\BOS.o
 .text.LoadEEvars
                0x080033b8       0x2a BOS\BOS.o
                0x080033b8                LoadEEvars
 *fill*         0x080033e2        0x2 
 .text.LoadROtopology
                0x080033e4       0xfc BOS\BOS.o
                0x080033e4                LoadROtopology
 .text.LoadEEportsDir
                0x080034e0       0x68 BOS\BOS.o
                0x080034e0                LoadEEportsDir
 .text.LoadEEalias
                0x08003548       0xd8 BOS\BOS.o
                0x08003548                LoadEEalias
 .text.LoadEEgroup
                0x08003620      0x120 BOS\BOS.o
                0x08003620                LoadEEgroup
 .text.LoadEEstreams
                0x08003740      0x228 BOS\BOS.o
                0x08003740                LoadEEstreams
 .text.LoadEEparams
                0x08003968      0x2e4 BOS\BOS.o
                0x08003968                LoadEEparams
 .text.LoadEEbuttons
                0x08003c4c      0x124 BOS\BOS.o
                0x08003c4c                LoadEEbuttons
 .text.LoadROsnippets
                0x08003d70      0x1d8 BOS\BOS.o
                0x08003d70                LoadROsnippets
 .text.SaveEEportsDir
                0x08003f48       0x78 BOS\BOS.o
                0x08003f48                SaveEEportsDir
 .text.SaveEEalias
                0x08003fc0       0xd0 BOS\BOS.o
                0x08003fc0                SaveEEalias
 .text.SaveEEstreams
                0x08004090       0xdc BOS\BOS.o
                0x08004090                SaveEEstreams
 .text.SaveEEparams
                0x0800416c       0xb4 BOS\BOS.o
                0x0800416c                SaveEEparams
 .text.ClearEEportsDir
                0x08004220       0x84 BOS\BOS.o
                0x08004220                ClearEEportsDir
 .text.IsLowerCLIbaud
                0x080042a4       0xe8 BOS\BOS.o
                0x080042a4                IsLowerCLIbaud
 .text.IsModuleParameter
                0x0800438c       0x64 BOS\BOS.o
                0x0800438c                IsModuleParameter
 .text.IsMathOperator
                0x080043f0       0xc4 BOS\BOS.o
                0x080043f0                IsMathOperator
 .text.BOS_Init
                0x080044b4      0x13c BOS\BOS.o
                0x080044b4                BOS_Init
 .text.Module_Init
                0x080045f0       0x1e BOS\BOS.o
                0x080045f0                Module_Init
 *fill*         0x0800460e        0x2 
 .text.Explore  0x08004610      0xa14 BOS\BOS.o
                0x08004610                Explore
 .text.ExploreNeighbors
                0x08005024       0x90 BOS\BOS.o
                0x08005024                ExploreNeighbors
 .text.FindBroadcastRoutes
                0x080050b4      0x3b0 BOS\BOS.o
                0x080050b4                FindBroadcastRoutes
 .text.FindRoute
                0x08005464      0x2d8 BOS\BOS.o
                0x08005464                FindRoute
 .text.minArr   0x0800573c       0x88 BOS\BOS.o
                0x0800573c                minArr
 .text.QnotEmpty
                0x080057c4       0x50 BOS\BOS.o
                0x080057c4                QnotEmpty
 .text.DisplayTopology
                0x08005814      0x258 BOS\BOS.o
                0x08005814                DisplayTopology
 .text.DisplayPortsDir
                0x08005a6c      0x118 BOS\BOS.o
                0x08005a6c                DisplayPortsDir
 .text.DisplayModuleStatus
                0x08005b84      0x3b4 BOS\BOS.o
                0x08005b84                DisplayModuleStatus
 .text.GetID    0x08005f38      0x15c BOS\BOS.o
                0x08005f38                GetID
 .text.NameModule
                0x08006094      0x140 BOS\BOS.o
                0x08006094                NameModule
 .text.AddModuleToGroup
                0x080061d4      0x1b8 BOS\BOS.o
                0x080061d4                AddModuleToGroup
 .text.WriteToRemote
                0x0800638c      0x418 BOS\BOS.o
                0x0800638c                WriteToRemote
 .text.GetDateString
                0x080067a4       0x5c BOS\BOS.o
                0x080067a4                GetDateString
 .text.Bridge   0x08006800       0x4c BOS\BOS.o
                0x08006800                Bridge
 .text.Unbridge
                0x0800684c       0xbc BOS\BOS.o
                0x0800684c                Unbridge
 .text.prvCLITask
                0x08006908      0x254 BOS\BOS_CLI.o
                0x08006908                prvCLITask
 .text.CLI_CommandParser
                0x08006b5c      0x57c BOS\BOS_CLI.o
                0x08006b5c                CLI_CommandParser
 .text.StringToLowerCase
                0x080070d8       0x6c BOS\BOS_CLI.o
                0x080070d8                StringToLowerCase
 .text.AddSnippet
                0x08007144      0x118 BOS\BOS_CLI.o
                0x08007144                AddSnippet
 .text.ParseSnippetCondition
                0x0800725c      0x298 BOS\BOS_CLI.o
                0x0800725c                ParseSnippetCondition
 .text.CheckSnippetCondition
                0x080074f4      0x1cc BOS\BOS_CLI.o
                0x080074f4                CheckSnippetCondition
 .text.ExecuteSnippet
                0x080076c0       0xdc BOS\BOS_CLI.o
                0x080076c0                ExecuteSnippet
 .text.ParseSnippetCommand
                0x0800779c       0xe0 BOS\BOS_CLI.o
                0x0800779c                ParseSnippetCommand
 .text.__NVIC_SystemReset
                0x0800787c       0x24 BOS\BOS_CLIcommands.o
 .text.RegisterUserCLICommands
                0x080078a0        0xa BOS\BOS_CLIcommands.o
                0x080078a0                RegisterUserCLICommands
 *fill*         0x080078aa        0x2 
 .text.vRegisterCLICommands
                0x080078ac      0x1a4 BOS\BOS_CLIcommands.o
                0x080078ac                vRegisterCLICommands
 .text.prvTaskStatsCommand
                0x08007a50       0x40 BOS\BOS_CLIcommands.o
 .text.prvRunTimeStatsCommand
                0x08007a90       0x40 BOS\BOS_CLIcommands.o
 .text.pingCommand
                0x08007ad0       0x9c BOS\BOS_CLIcommands.o
 .text.bootloaderUpdateCommand
                0x08007b6c      0x200 BOS\BOS_CLIcommands.o
 .text.exploreCommand
                0x08007d6c       0xf8 BOS\BOS_CLIcommands.o
 .text.resetCommand
                0x08007e64       0x10 BOS\BOS_CLIcommands.o
 .text.nameCommand
                0x08007e74       0xe8 BOS\BOS_CLIcommands.o
 .text.groupCommand
                0x08007f5c      0x2fc BOS\BOS_CLIcommands.o
 .text.statusCommand
                0x08008258       0x1c BOS\BOS_CLIcommands.o
 .text.infoCommand
                0x08008274       0xfc BOS\BOS_CLIcommands.o
 .text.addbuttonCommand
                0x08008370      0x150 BOS\BOS_CLIcommands.o
 .text.removebuttonCommand
                0x080084c0       0x94 BOS\BOS_CLIcommands.o
 .text.setCommand
                0x08008554      0xba8 BOS\BOS_CLIcommands.o
 .text.getCommand
                0x080090fc      0x39c BOS\BOS_CLIcommands.o
 .text.defaultCommand
                0x08009498       0xf8 BOS\BOS_CLIcommands.o
 .text.timeCommand
                0x08009590       0xd8 BOS\BOS_CLIcommands.o
 .text.dateCommand
                0x08009668       0x34 BOS\BOS_CLIcommands.o
 .text.setBaudrateCommand
                0x0800969c       0xc0 BOS\BOS_CLIcommands.o
 .text.uuidCommand
                0x0800975c       0x90 BOS\BOS_CLIcommands.o
 .text.idcodeCommand
                0x080097ec       0x7c BOS\BOS_CLIcommands.o
 .text.flashsizeCommand
                0x08009868       0x34 BOS\BOS_CLIcommands.o
 .text.snipCommand
                0x0800989c      0x2dc BOS\BOS_CLIcommands.o
 .text.actSnipCommand
                0x08009b78       0xb8 BOS\BOS_CLIcommands.o
 .text.pauseSnipCommand
                0x08009c30       0xb8 BOS\BOS_CLIcommands.o
 .text.delSnipCommand
                0x08009ce8      0x1d4 BOS\BOS_CLIcommands.o
 .text.bridgeCommand
                0x08009ebc      0x11c BOS\BOS_CLIcommands.o
 .text.unbridgeCommand
                0x08009fd8      0x11c BOS\BOS_CLIcommands.o
 .text.testportCommand
                0x0800a0f4      0x2d8 BOS\BOS_CLIcommands.o
 .text.ADCReadCommand
                0x0800a3cc      0x12c BOS\BOS_CLIcommands.o
 .text.ReadTempCommand
                0x0800a4f8       0x54 BOS\BOS_CLIcommands.o
 .text.ReadVrefCommand
                0x0800a54c       0x54 BOS\BOS_CLIcommands.o
 .text.GetReadPercentageCommand
                0x0800a5a0      0x104 BOS\BOS_CLIcommands.o
 .text.StartDMAstream
                0x0800a6a4       0xb0 BOS\BOS_dma.o
                0x0800a6a4                StartDMAstream
 .text.DMA_IRQHandler
                0x0800a754      0x118 BOS\BOS_dma.o
                0x0800a754                DMA_IRQHandler
 .text.ResetUartORE
                0x0800a86c       0x3c BOS\BOS_dma.o
                0x0800a86c                ResetUartORE
 .text.MX_FREERTOS_Init
                0x0800a8a8      0x1cc BOS\BOS_freertos.o
                0x0800a8a8                MX_FREERTOS_Init
 .text.StartDefaultTask
                0x0800aa74      0x108 BOS\BOS_freertos.o
                0x0800aa74                StartDefaultTask
 .text.vMainConfigureTimerForRunTimeStats
                0x0800ab7c       0x2c BOS\BOS_freertos.o
                0x0800ab7c                vMainConfigureTimerForRunTimeStats
 .text.ulMainGetRunTimeCounterValue
                0x0800aba8       0x9c BOS\BOS_freertos.o
                0x0800aba8                ulMainGetRunTimeCounterValue
 .text.SetupDMAStreams
                0x0800ac44      0x3c8 BOS\BOS_messaging.o
                0x0800ac44                SetupDMAStreams
 .text.StreamTimerCallback
                0x0800b00c       0xa4 BOS\BOS_messaging.o
                0x0800b00c                StreamTimerCallback
 .text.ForwardReceivedMessage
                0x0800b0b0       0x8c BOS\BOS_messaging.o
                0x0800b0b0                ForwardReceivedMessage
 .text.BroadcastReceivedMessage
                0x0800b13c       0x70 BOS\BOS_messaging.o
                0x0800b13c                BroadcastReceivedMessage
 .text.NotifyMessagingTask
                0x0800b1ac       0x80 BOS\BOS_messaging.o
                0x0800b1ac                NotifyMessagingTask
 .text.BroadcastMessage
                0x0800b22c       0x94 BOS\BOS_messaging.o
                0x0800b22c                BroadcastMessage
 .text.SendMessageToModule
                0x0800b2c0       0xa4 BOS\BOS_messaging.o
                0x0800b2c0                SendMessageToModule
 .text.SendLargeMessageToModule
                0x0800b364      0x10c BOS\BOS_messaging.o
                0x0800b364                SendLargeMessageToModule
 .text.SendMessageFromPort
                0x0800b470      0x4e0 BOS\BOS_messaging.o
                0x0800b470                SendMessageFromPort
 .text.StartScastDMAStream
                0x0800b950      0x314 BOS\BOS_messaging.o
                0x0800b950                StartScastDMAStream
 .text.__NVIC_SystemReset
                0x0800bc64       0x24 BOS\BOS_msgparser.o
 .text.BackEndTask
                0x0800bc88      0xbb0 BOS\BOS_msgparser.o
                0x0800bc88                BackEndTask
 .text.PxMessagingTask
                0x0800c838     0x47fc BOS\BOS_msgparser.o
                0x0800c838                PxMessagingTask
 .text.User_MessagingParser
                0x08011034       0x3a BOS\BOS_msgparser.o
                0x08011034                User_MessagingParser
 .text.SystemClock_Config
                0x0801106e       0xb4 H17R1\H17R1.o
                0x0801106e                SystemClock_Config
 *fill*         0x08011122        0x2 
 .text.EnableStopModebyUARTx
                0x08011124       0xb8 H17R1\H17R1.o
                0x08011124                EnableStopModebyUARTx
 .text.EnableStandbyModebyWakeupPinx
                0x080111dc       0x64 H17R1\H17R1.o
                0x080111dc                EnableStandbyModebyWakeupPinx
 .text.DisableStandbyModeWakeupPinx
                0x08011240       0x9c H17R1\H17R1.o
                0x08011240                DisableStandbyModeWakeupPinx
 .text.SaveTopologyToRO
                0x080112dc      0x1bc H17R1\H17R1.o
                0x080112dc                SaveTopologyToRO
 .text.SaveSnippetsToRO
                0x08011498      0x1f8 H17R1\H17R1.o
                0x08011498                SaveSnippetsToRO
 .text.ClearROtopology
                0x08011690       0x38 H17R1\H17R1.o
                0x08011690                ClearROtopology
 .text.RemoteBootloaderUpdate
                0x080116c8      0x178 H17R1\H17R1.o
                0x080116c8                RemoteBootloaderUpdate
 .text.SetupPortForRemoteBootloaderUpdate
                0x08011840       0x52 H17R1\H17R1.o
                0x08011840                SetupPortForRemoteBootloaderUpdate
 *fill*         0x08011892        0x2 
 .text.Module_Peripheral_Init
                0x08011894      0x154 H17R1\H17R1.o
                0x08011894                Module_Peripheral_Init
 .text.Module_MessagingTask
                0x080119e8      0x48c H17R1\H17R1.o
                0x080119e8                Module_MessagingTask
 .text.GetPort  0x08011e74       0x5c H17R1\H17R1.o
                0x08011e74                GetPort
 .text.RegisterModuleCLICommands
                0x08011ed0       0x3c H17R1\H17R1.o
                0x08011ed0                RegisterModuleCLICommands
 .text.GetModuleParameter
                0x08011f0c       0x2a H17R1\H17R1.o
                0x08011f0c                GetModuleParameter
 .text.Powerstep01_Board_Delay
                0x08011f36       0x16 H17R1\H17R1.o
                0x08011f36                Powerstep01_Board_Delay
 .text.Powerstep01_Board_DisableIrq
                0x08011f4c        0xe H17R1\H17R1.o
                0x08011f4c                Powerstep01_Board_DisableIrq
 .text.Powerstep01_Board_EnableIrq
                0x08011f5a        0xe H17R1\H17R1.o
                0x08011f5a                Powerstep01_Board_EnableIrq
 .text.Powerstep01_Board_StopStepClock
                0x08011f68       0x18 H17R1\H17R1.o
                0x08011f68                Powerstep01_Board_StopStepClock
 .text.Powerstep01_Board_ReleaseReset
                0x08011f80       0x24 H17R1\H17R1.o
                0x08011f80                Powerstep01_Board_ReleaseReset
 .text.Powerstep01_Board_SpiWriteBytes
                0x08011fa4       0x78 H17R1\H17R1.o
                0x08011fa4                Powerstep01_Board_SpiWriteBytes
 .text.Powerstep01_Board_BUSY_PIN_GetState
                0x0801201c       0x1c H17R1\H17R1.o
                0x0801201c                Powerstep01_Board_BUSY_PIN_GetState
 .text.MyBusyInterruptHandler
                0x08012038        0xe H17R1\H17R1.o
                0x08012038                MyBusyInterruptHandler
 .text.MyFlagInterruptHandler
                0x08012046       0x2c H17R1\H17R1.o
                0x08012046                MyFlagInterruptHandler
 .text.MyErrorHandler
                0x08012072       0x18 H17R1\H17R1.o
                0x08012072                MyErrorHandler
 *fill*         0x0801208a        0x2 
 .text.StepperIcInit
                0x0801208c       0xd0 H17R1\H17R1.o
                0x0801208c                StepperIcInit
 .text.StepperMove
                0x0801215c       0x4c H17R1\H17R1.o
                0x0801215c                StepperMove
 .text.StepperRun
                0x080121a8       0x58 H17R1\H17R1.o
                0x080121a8                StepperRun
 .text.StepperStop
                0x08012200       0x6a H17R1\H17R1.o
                0x08012200                StepperStop
 *fill*         0x0801226a        0x2 
 .text.CLI_StepperIcInitCommand
                0x0801226c      0x170 H17R1\H17R1.o
                0x0801226c                CLI_StepperIcInitCommand
 .text.CLI_StepperMoveCommand
                0x080123dc       0xc4 H17R1\H17R1.o
                0x080123dc                CLI_StepperMoveCommand
 .text.CLI_StepperRunCommand
                0x080124a0       0xc4 H17R1\H17R1.o
                0x080124a0                CLI_StepperRunCommand
 .text.CLI_StepperStopCommand
                0x08012564       0x98 H17R1\H17R1.o
                0x08012564                CLI_StepperStopCommand
 .text.DMA_Init
                0x080125fc       0x74 H17R1\H17R1_dma.o
                0x080125fc                DMA_Init
 .text.SetupMessagingRxDMAs
                0x08012670       0xc8 H17R1\H17R1_dma.o
                0x08012670                SetupMessagingRxDMAs
 .text.DMA_MSG_RX_Setup
                0x08012738       0x68 H17R1\H17R1_dma.o
                0x08012738                DMA_MSG_RX_Setup
 .text.DMA_STREAM_Setup
                0x080127a0       0xf0 H17R1\H17R1_dma.o
                0x080127a0                DMA_STREAM_Setup
 .text.StopDMA  0x08012890       0x98 H17R1\H17R1_dma.o
                0x08012890                StopDMA
 .text.SwitchMsgDMAToStream
                0x08012928       0x52 H17R1\H17R1_dma.o
                0x08012928                SwitchMsgDMAToStream
 *fill*         0x0801297a        0x2 
 .text.SwitchStreamDMAToMsg
                0x0801297c       0xc8 H17R1\H17R1_dma.o
                0x0801297c                SwitchStreamDMAToMsg
 .text.CRC_Init
                0x08012a44       0x44 H17R1\H17R1_dma.o
                0x08012a44                CRC_Init
 .text.HAL_CRC_MspInit
                0x08012a88       0x30 H17R1\H17R1_dma.o
                0x08012a88                HAL_CRC_MspInit
 .text.CalculateCRC8
                0x08012ab8      0x154 H17R1\H17R1_dma.o
                0x08012ab8                CalculateCRC8
 .text.__NVIC_SystemReset
                0x08012c0c       0x24 H17R1\H17R1_eeprom.o
 .text.EE_Init  0x08012c30       0x56 H17R1\H17R1_eeprom.o
                0x08012c30                EE_Init
 .text.EE_ReadVariable
                0x08012c86       0x42 H17R1\H17R1_eeprom.o
                0x08012c86                EE_ReadVariable
 .text.EE_WriteVariable
                0x08012cc8       0x72 H17R1\H17R1_eeprom.o
                0x08012cc8                EE_WriteVariable
 .text.EE_Format
                0x08012d3a       0x3a H17R1\H17R1_eeprom.o
                0x08012d3a                EE_Format
 .text.EE_FormatForFactoryReset
                0x08012d74       0x2c H17R1\H17R1_eeprom.o
                0x08012d74                EE_FormatForFactoryReset
 .text.GPIO_Init
                0x08012da0       0x90 H17R1\H17R1_gpio.o
                0x08012da0                GPIO_Init
 .text.IND_LED_Init
                0x08012e30       0x38 H17R1\H17R1_gpio.o
                0x08012e30                IND_LED_Init
 .text.StepperGPIOInit
                0x08012e68       0xf8 H17R1\H17R1_gpio.o
                0x08012e68                StepperGPIOInit
 .text.IsFactoryReset
                0x08012f60      0x15c H17R1\H17R1_gpio.o
                0x08012f60                IsFactoryReset
 .text.GetPortGPIOs
                0x080130bc       0xf8 H17R1\H17R1_gpio.o
                0x080130bc                GetPortGPIOs
 .text.MX_ADC_Init
                0x080131b4       0x88 H17R1\H17R1_inputs.o
                0x080131b4                MX_ADC_Init
 .text.HAL_ADC_MspInit
                0x0801323c       0xac H17R1\H17R1_inputs.o
                0x0801323c                HAL_ADC_MspInit
 .text.Error_Handler
                0x080132e8       0x10 H17R1\H17R1_inputs.o
                0x080132e8                Error_Handler
 .text.GetChannel
                0x080132f8       0xac H17R1\H17R1_inputs.o
                0x080132f8                GetChannel
 .text.GetRank  0x080133a4       0xa4 H17R1\H17R1_inputs.o
                0x080133a4                GetRank
 .text.CheckAttachedButtons
                0x08013448      0x580 H17R1\H17R1_inputs.o
                0x08013448                CheckAttachedButtons
 .text.AddPortButton
                0x080139c8      0x268 H17R1\H17R1_inputs.o
                0x080139c8                AddPortButton
 .text.RemovePortButton
                0x08013c30      0x190 H17R1\H17R1_inputs.o
                0x08013c30                RemovePortButton
 .text.SetButtonEvents
                0x08013dc0      0x174 H17R1\H17R1_inputs.o
                0x08013dc0                SetButtonEvents
 .text.ADCSelectPort
                0x08013f34       0x98 H17R1\H17R1_inputs.o
                0x08013f34                ADCSelectPort
 .text.ReadADCChannel
                0x08013fcc      0x154 H17R1\H17R1_inputs.o
                0x08013fcc                ReadADCChannel
 .text.ReadTempAndVref
                0x08014120      0x1dc H17R1\H17R1_inputs.o
                0x08014120                ReadTempAndVref
 .text.GetReadPercentage
                0x080142fc       0x7c H17R1\H17R1_inputs.o
                0x080142fc                GetReadPercentage
 .text.buttonReleasedCallback
                0x08014378       0x14 H17R1\H17R1_inputs.o
                0x08014378                buttonReleasedCallback
 .text.buttonClickedCallback
                0x0801438c       0x14 H17R1\H17R1_inputs.o
                0x0801438c                buttonClickedCallback
 .text.buttonDblClickedCallback
                0x080143a0       0x14 H17R1\H17R1_inputs.o
                0x080143a0                buttonDblClickedCallback
 .text.__NVIC_SystemReset
                0x080143b4       0x24 H17R1\H17R1_it.o
 .text.SysTick_Handler
                0x080143d8       0x12 H17R1\H17R1_it.o
                0x080143d8                SysTick_Handler
 *fill*         0x080143ea        0x2 
 .text.HardFault_Handler
                0x080143ec       0x40 H17R1\H17R1_it.o
                0x080143ec                HardFault_Handler
 .text.HAL_UARTEx_RxEventCallback
                0x0801442c       0x74 H17R1\H17R1_it.o
                0x0801442c                HAL_UARTEx_RxEventCallback
 .text.TIM3_TIM4_IRQHandler
                0x080144a0       0x18 H17R1\H17R1_it.o
                0x080144a0                TIM3_TIM4_IRQHandler
 .text.EXTI4_15_IRQHandler
                0x080144b8       0x1e H17R1\H17R1_it.o
                0x080144b8                EXTI4_15_IRQHandler
 .text.HAL_GPIO_EXTI_Rising_Callback
                0x080144d6       0x24 H17R1\H17R1_it.o
                0x080144d6                HAL_GPIO_EXTI_Rising_Callback
 .text.HAL_GPIO_EXTI_Falling_Callback
                0x080144fa       0x34 H17R1\H17R1_it.o
                0x080144fa                HAL_GPIO_EXTI_Falling_Callback
 *fill*         0x0801452e        0x2 
 .text.USART1_IRQHandler
                0x08014530       0x24 H17R1\H17R1_it.o
                0x08014530                USART1_IRQHandler
 .text.USART2_LPUART2_IRQHandler
                0x08014554       0xac H17R1\H17R1_it.o
                0x08014554                USART2_LPUART2_IRQHandler
 .text.USART3_4_5_6_LPUART1_IRQHandler
                0x08014600      0x1bc H17R1\H17R1_it.o
                0x08014600                USART3_4_5_6_LPUART1_IRQHandler
 .text.DMA1_Channel1_IRQHandler
                0x080147bc        0xa H17R1\H17R1_it.o
                0x080147bc                DMA1_Channel1_IRQHandler
 *fill*         0x080147c6        0x2 
 .text.DMA1_Channel2_3_IRQHandler
                0x080147c8       0x54 H17R1\H17R1_it.o
                0x080147c8                DMA1_Channel2_3_IRQHandler
 .text.DMA1_Ch4_7_DMA2_Ch1_5_DMAMUX1_OVR_IRQHandler
                0x0801481c       0x5c H17R1\H17R1_it.o
                0x0801481c                DMA1_Ch4_7_DMA2_Ch1_5_DMAMUX1_OVR_IRQHandler
 .text.HAL_UART_TxCpltCallback
                0x08014878       0x38 H17R1\H17R1_it.o
                0x08014878                HAL_UART_TxCpltCallback
 .text.HAL_UART_ErrorCallback
                0x080148b0       0xd4 H17R1\H17R1_it.o
                0x080148b0                HAL_UART_ErrorCallback
 .text.HAL_UART_RxCpltCallback
                0x08014984       0x10 H17R1\H17R1_it.o
                0x08014984                HAL_UART_RxCpltCallback
 .text.HAL_UARTEx_WakeupCallback
                0x08014994       0x5c H17R1\H17R1_it.o
                0x08014994                HAL_UARTEx_WakeupCallback
 .text.vApplicationStackOverflowHook
                0x080149f0       0x44 H17R1\H17R1_it.o
                0x080149f0                vApplicationStackOverflowHook
 .text.vApplicationMallocFailedHook
                0x08014a34       0x40 H17R1\H17R1_it.o
                0x08014a34                vApplicationMallocFailedHook
 .text.RTC_Init
                0x08014a74       0xd8 H17R1\H17R1_rtc.o
                0x08014a74                RTC_Init
 .text.RTC_CalendarConfig
                0x08014b4c      0x18c H17R1\H17R1_rtc.o
                0x08014b4c                RTC_CalendarConfig
 .text.BOS_CalendarConfig
                0x08014cd8      0x194 H17R1\H17R1_rtc.o
                0x08014cd8                BOS_CalendarConfig
 .text.GetTimeDate
                0x08014e6c       0x90 H17R1\H17R1_rtc.o
                0x08014e6c                GetTimeDate
 .text.HAL_RTC_MspInit
                0x08014efc       0x74 H17R1\H17R1_rtc.o
                0x08014efc                HAL_RTC_MspInit
 .text.HAL_RTC_MspDeInit
                0x08014f70       0x44 H17R1\H17R1_rtc.o
                0x08014f70                HAL_RTC_MspDeInit
 .text.MX_SPI_Init
                0x08014fb4        0xe H17R1\H17R1_spi.o
                0x08014fb4                MX_SPI_Init
 *fill*         0x08014fc2        0x2 
 .text.MX_SPI1_Init
                0x08014fc4       0x74 H17R1\H17R1_spi.o
                0x08014fc4                MX_SPI1_Init
 .text.HAL_SPI_MspInit
                0x08015038       0xdc H17R1\H17R1_spi.o
                0x08015038                HAL_SPI_MspInit
 .text.MX_TIM4_Init
                0x08015114       0xd4 H17R1\H17R1_timers.o
                0x08015114                MX_TIM4_Init
 .text.HAL_TIM_Base_MspInit
                0x080151e8       0x4c H17R1\H17R1_timers.o
                0x080151e8                HAL_TIM_Base_MspInit
 .text.HAL_TIM_MspPostInit
                0x08015234       0x7c H17R1\H17R1_timers.o
                0x08015234                HAL_TIM_MspPostInit
 .text.TIM_USEC_Init
                0x080152b0       0x74 H17R1\H17R1_timers.o
                0x080152b0                TIM_USEC_Init
 .text.TIM_MSEC_Init
                0x08015324       0x78 H17R1\H17R1_timers.o
                0x08015324                TIM_MSEC_Init
 .text.StartMicroDelay
                0x0801539c       0x48 H17R1\H17R1_timers.o
                0x0801539c                StartMicroDelay
 .text.StartMilliDelay
                0x080153e4       0x48 H17R1\H17R1_timers.o
                0x080153e4                StartMilliDelay
 .text.MX_USART2_UART_Init
                0x0801542c       0x7c H17R1\H17R1_uart.o
                0x0801542c                MX_USART2_UART_Init
 .text.MX_USART3_UART_Init
                0x080154a8       0x7c H17R1\H17R1_uart.o
                0x080154a8                MX_USART3_UART_Init
 .text.MX_USART5_UART_Init
                0x08015524       0x60 H17R1\H17R1_uart.o
                0x08015524                MX_USART5_UART_Init
 .text.MX_USART6_UART_Init
                0x08015584       0x60 H17R1\H17R1_uart.o
                0x08015584                MX_USART6_UART_Init
 .text.HAL_UART_MspInit
                0x080155e4      0x43c H17R1\H17R1_uart.o
                0x080155e4                HAL_UART_MspInit
 .text.writePxMutex
                0x08015a20       0xac H17R1\H17R1_uart.o
                0x08015a20                writePxMutex
 .text.writePxITMutex
                0x08015acc       0x80 H17R1\H17R1_uart.o
                0x08015acc                writePxITMutex
 .text.UpdateBaudrate
                0x08015b4c       0x3e H17R1\H17R1_uart.o
                0x08015b4c                UpdateBaudrate
 *fill*         0x08015b8a        0x2 
 .text.GetUart  0x08015b8c       0x50 H17R1\H17R1_uart.o
                0x08015b8c                GetUart
 .text.SwapUartPins
                0x08015bdc      0x118 H17R1\H17R1_uart.o
                0x08015bdc                SwapUartPins
 .text.ReadPortsDir
                0x08015cf4       0xa8 H17R1\H17R1_uart.o
                0x08015cf4                ReadPortsDir
 .text.ReadPortsDirMSG
                0x08015d9c       0x80 H17R1\H17R1_uart.o
                0x08015d9c                ReadPortsDirMSG
 .text.UpdateMyPortsDir
                0x08015e1c       0x84 H17R1\H17R1_uart.o
                0x08015e1c                UpdateMyPortsDir
 .text.Reset_Handler
                0x08015ea0       0x90 H17R1\startup_stm32g0b1ceuxn.o
                0x08015ea0                Reset_Handler
 .text.Default_Handler
                0x08015f30        0x2 H17R1\startup_stm32g0b1ceuxn.o
                0x08015f30                I2C2_3_IRQHandler
                0x08015f30                TIM1_CC_IRQHandler
                0x08015f30                ADC1_COMP_IRQHandler
                0x08015f30                NMI_Handler
                0x08015f30                I2C1_IRQHandler
                0x08015f30                TIM7_LPTIM2_IRQHandler
                0x08015f30                TIM17_FDCAN_IT1_IRQHandler
                0x08015f30                RCC_CRS_IRQHandler
                0x08015f30                RTC_TAMP_IRQHandler
                0x08015f30                SPI1_IRQHandler
                0x08015f30                USB_UCPD1_2_IRQHandler
                0x08015f30                EXTI2_3_IRQHandler
                0x08015f30                PVD_VDDIO2_IRQHandler
                0x08015f30                Default_Handler
                0x08015f30                CEC_IRQHandler
                0x08015f30                TIM14_IRQHandler
                0x08015f30                TIM15_IRQHandler
                0x08015f30                EXTI0_1_IRQHandler
                0x08015f30                SPI2_3_IRQHandler
                0x08015f30                TIM6_DAC_LPTIM1_IRQHandler
                0x08015f30                WWDG_IRQHandler
                0x08015f30                TIM2_IRQHandler
                0x08015f30                FLASH_IRQHandler
                0x08015f30                TIM16_FDCAN_IT0_IRQHandler
                0x08015f30                TIM1_BRK_UP_TRG_COM_IRQHandler
 .text.SystemInit
                0x08015f32        0xa Thirdparty\CMSIS\STM32G0xx\Device\ST\STM32G0xx\Source\Templates\system_stm32g0xx.o
                0x08015f32                SystemInit
 .text.LL_CRC_ResetCRCCalculationUnit
                0x08015f3c       0x1c Thirdparty\EEPROM_Emul\Core\eeprom_emul.o
 .text.LL_CRC_SetPolynomialSize
                0x08015f58       0x24 Thirdparty\EEPROM_Emul\Core\eeprom_emul.o
 .text.LL_CRC_SetPolynomialCoef
                0x08015f7c       0x18 Thirdparty\EEPROM_Emul\Core\eeprom_emul.o
 .text.LL_CRC_FeedData32
                0x08015f94       0x18 Thirdparty\EEPROM_Emul\Core\eeprom_emul.o
 .text.LL_CRC_FeedData16
                0x08015fac       0x22 Thirdparty\EEPROM_Emul\Core\eeprom_emul.o
 .text.LL_CRC_ReadData16
                0x08015fce       0x16 Thirdparty\EEPROM_Emul\Core\eeprom_emul.o
 .text.LL_AHB1_GRP1_EnableClock
                0x08015fe4       0x2c Thirdparty\EEPROM_Emul\Core\eeprom_emul.o
 .text.EEPROM_Init
                0x08016010     0x1874 Thirdparty\EEPROM_Emul\Core\eeprom_emul.o
                0x08016010                EEPROM_Init
 .text.EEPROM_Format
                0x08017884      0x2a8 Thirdparty\EEPROM_Emul\Core\eeprom_emul.o
                0x08017884                EEPROM_Format
 .text.EE_ReadVariable16bits
                0x08017b2c       0x60 Thirdparty\EEPROM_Emul\Core\eeprom_emul.o
                0x08017b2c                EE_ReadVariable16bits
 .text.EE_WriteVariable16bits
                0x08017b8c       0x48 Thirdparty\EEPROM_Emul\Core\eeprom_emul.o
                0x08017b8c                EE_WriteVariable16bits
 .text.EE_CleanUp
                0x08017bd4      0x2a4 Thirdparty\EEPROM_Emul\Core\eeprom_emul.o
                0x08017bd4                EE_CleanUp
 .text.ReadVariable
                0x08017e78      0x340 Thirdparty\EEPROM_Emul\Core\eeprom_emul.o
 .text.WriteVariable
                0x080181b8       0x52 Thirdparty\EEPROM_Emul\Core\eeprom_emul.o
 .text.VerifyPageFullyErased
                0x0801820a       0x4e Thirdparty\EEPROM_Emul\Core\eeprom_emul.o
 .text.FindPage
                0x08018258      0x444 Thirdparty\EEPROM_Emul\Core\eeprom_emul.o
 .text.PagesTransfer
                0x0801869c      0x8ec Thirdparty\EEPROM_Emul\Core\eeprom_emul.o
 .text.VerifyPagesFullWriteVariable
                0x08018f88      0x1ac Thirdparty\EEPROM_Emul\Core\eeprom_emul.o
 .text.SetPageState
                0x08019134      0x364 Thirdparty\EEPROM_Emul\Core\eeprom_emul.o
 .text.GetPageState
                0x08019498       0xa0 Thirdparty\EEPROM_Emul\Core\eeprom_emul.o
 .text.ConfigureCrc
                0x08019538       0x34 Thirdparty\EEPROM_Emul\Core\eeprom_emul.o
                0x08019538                ConfigureCrc
 .text.CalculateCrc
                0x0801956c       0x48 Thirdparty\EEPROM_Emul\Core\eeprom_emul.o
                0x0801956c                CalculateCrc
 .text.FI_WriteDoubleWord
                0x080195b4       0x22 Thirdparty\EEPROM_Emul\Porting\STM32G0\flash_interface.o
                0x080195b4                FI_WriteDoubleWord
 *fill*         0x080195d6        0x2 
 .text.FI_PageErase
                0x080195d8      0x120 Thirdparty\EEPROM_Emul\Porting\STM32G0\flash_interface.o
                0x080195d8                FI_PageErase
 .text.FI_CacheFlush
                0x080196f8        0xa Thirdparty\EEPROM_Emul\Porting\STM32G0\flash_interface.o
                0x080196f8                FI_CacheFlush
 *fill*         0x08019702        0x2 
 .text.GetBankNumber
                0x08019704       0x90 Thirdparty\EEPROM_Emul\Porting\STM32G0\flash_interface.o
 .text.FI_CheckBankConfig
                0x08019794       0x18 Thirdparty\EEPROM_Emul\Porting\STM32G0\flash_interface.o
                0x08019794                FI_CheckBankConfig
 .text.inHandlerMode
                0x080197ac       0x1c Thirdparty\Middleware\STM32G0xx\FreeRTOS\Source\CMSIS_RTOS\cmsis_os.o
 .text.osKernelStart
                0x080197c8       0x10 Thirdparty\Middleware\STM32G0xx\FreeRTOS\Source\CMSIS_RTOS\cmsis_os.o
                0x080197c8                osKernelStart
 .text.osDelay  0x080197d8       0x28 Thirdparty\Middleware\STM32G0xx\FreeRTOS\Source\CMSIS_RTOS\cmsis_os.o
                0x080197d8                osDelay
 .text.osSemaphoreCreate
                0x08019800       0x4a Thirdparty\Middleware\STM32G0xx\FreeRTOS\Source\CMSIS_RTOS\cmsis_os.o
                0x08019800                osSemaphoreCreate
 *fill*         0x0801984a        0x2 
 .text.osSemaphoreWait
                0x0801984c       0x94 Thirdparty\Middleware\STM32G0xx\FreeRTOS\Source\CMSIS_RTOS\cmsis_os.o
                0x0801984c                osSemaphoreWait
 .text.osSemaphoreRelease
                0x080198e0       0x64 Thirdparty\Middleware\STM32G0xx\FreeRTOS\Source\CMSIS_RTOS\cmsis_os.o
                0x080198e0                osSemaphoreRelease
 .text.osSystickHandler
                0x08019944       0x18 Thirdparty\Middleware\STM32G0xx\FreeRTOS\Source\CMSIS_RTOS\cmsis_os.o
                0x08019944                osSystickHandler
 .text.FreeRTOS_CLIRegisterCommand
                0x0801995c       0x50 Thirdparty\Middleware\STM32G0xx\FreeRTOS\Source\FreeRTOS_CLI.o
                0x0801995c                FreeRTOS_CLIRegisterCommand
 .text.FreeRTOS_CLIProcessCommand
                0x080199ac      0x11c Thirdparty\Middleware\STM32G0xx\FreeRTOS\Source\FreeRTOS_CLI.o
                0x080199ac                FreeRTOS_CLIProcessCommand
 .text.FreeRTOS_CLIGetOutputBuffer
                0x08019ac8       0x10 Thirdparty\Middleware\STM32G0xx\FreeRTOS\Source\FreeRTOS_CLI.o
                0x08019ac8                FreeRTOS_CLIGetOutputBuffer
 .text.FreeRTOS_CLIGetParameter
                0x08019ad8       0xbc Thirdparty\Middleware\STM32G0xx\FreeRTOS\Source\FreeRTOS_CLI.o
                0x08019ad8                FreeRTOS_CLIGetParameter
 .text.prvHelpCommand
                0x08019b94      0x154 Thirdparty\Middleware\STM32G0xx\FreeRTOS\Source\FreeRTOS_CLI.o
 .text.prvGetNumberOfParameters
                0x08019ce8       0x7a Thirdparty\Middleware\STM32G0xx\FreeRTOS\Source\FreeRTOS_CLI.o
 .text.vListInitialise
                0x08019d62       0x3c Thirdparty\Middleware\STM32G0xx\FreeRTOS\Source\list.o
                0x08019d62                vListInitialise
 .text.vListInitialiseItem
                0x08019d9e       0x16 Thirdparty\Middleware\STM32G0xx\FreeRTOS\Source\list.o
                0x08019d9e                vListInitialiseItem
 .text.vListInsertEnd
                0x08019db4       0x44 Thirdparty\Middleware\STM32G0xx\FreeRTOS\Source\list.o
                0x08019db4                vListInsertEnd
 .text.vListInsert
                0x08019df8       0x6c Thirdparty\Middleware\STM32G0xx\FreeRTOS\Source\list.o
                0x08019df8                vListInsert
 .text.uxListRemove
                0x08019e64       0x50 Thirdparty\Middleware\STM32G0xx\FreeRTOS\Source\list.o
                0x08019e64                uxListRemove
 .text.pxPortInitialiseStack
                0x08019eb4       0x54 Thirdparty\Middleware\STM32G0xx\FreeRTOS\Source\portable\GCC\ARM_CM0\port.o
                0x08019eb4                pxPortInitialiseStack
 .text.prvTaskExitError
                0x08019f08       0x1e Thirdparty\Middleware\STM32G0xx\FreeRTOS\Source\portable\GCC\ARM_CM0\port.o
 .text.SVC_Handler
                0x08019f26        0xa Thirdparty\Middleware\STM32G0xx\FreeRTOS\Source\portable\GCC\ARM_CM0\port.o
                0x08019f26                SVC_Handler
 .text.vPortStartFirstTask
                0x08019f30       0x38 Thirdparty\Middleware\STM32G0xx\FreeRTOS\Source\portable\GCC\ARM_CM0\port.o
 .text.xPortStartScheduler
                0x08019f68       0x48 Thirdparty\Middleware\STM32G0xx\FreeRTOS\Source\portable\GCC\ARM_CM0\port.o
                0x08019f68                xPortStartScheduler
 .text.vPortYield
                0x08019fb0       0x20 Thirdparty\Middleware\STM32G0xx\FreeRTOS\Source\portable\GCC\ARM_CM0\port.o
                0x08019fb0                vPortYield
 .text.vPortEnterCritical
                0x08019fd0       0x24 Thirdparty\Middleware\STM32G0xx\FreeRTOS\Source\portable\GCC\ARM_CM0\port.o
                0x08019fd0                vPortEnterCritical
 .text.vPortExitCritical
                0x08019ff4       0x24 Thirdparty\Middleware\STM32G0xx\FreeRTOS\Source\portable\GCC\ARM_CM0\port.o
                0x08019ff4                vPortExitCritical
 .text.ulSetInterruptMaskFromISR
                0x0801a018        0xc Thirdparty\Middleware\STM32G0xx\FreeRTOS\Source\portable\GCC\ARM_CM0\port.o
                0x0801a018                ulSetInterruptMaskFromISR
 .text.vClearInterruptMaskFromISR
                0x0801a024        0x8 Thirdparty\Middleware\STM32G0xx\FreeRTOS\Source\portable\GCC\ARM_CM0\port.o
                0x0801a024                vClearInterruptMaskFromISR
 *fill*         0x0801a02c        0x4 
 .text.PendSV_Handler
                0x0801a030       0x48 Thirdparty\Middleware\STM32G0xx\FreeRTOS\Source\portable\GCC\ARM_CM0\port.o
                0x0801a030                PendSV_Handler
 .text.xPortSysTickHandler
                0x0801a078       0x34 Thirdparty\Middleware\STM32G0xx\FreeRTOS\Source\portable\GCC\ARM_CM0\port.o
                0x0801a078                xPortSysTickHandler
 .text.vPortSetupTimerInterrupt
                0x0801a0ac       0x44 Thirdparty\Middleware\STM32G0xx\FreeRTOS\Source\portable\GCC\ARM_CM0\port.o
                0x0801a0ac                vPortSetupTimerInterrupt
 .text.pvPortMalloc
                0x0801a0f0      0x140 Thirdparty\Middleware\STM32G0xx\FreeRTOS\Source\portable\MemMang\heap_4.o
                0x0801a0f0                pvPortMalloc
 .text.vPortFree
                0x0801a230       0x80 Thirdparty\Middleware\STM32G0xx\FreeRTOS\Source\portable\MemMang\heap_4.o
                0x0801a230                vPortFree
 .text.prvHeapInit
                0x0801a2b0       0xc0 Thirdparty\Middleware\STM32G0xx\FreeRTOS\Source\portable\MemMang\heap_4.o
 .text.prvInsertBlockIntoFreeList
                0x0801a370       0xb0 Thirdparty\Middleware\STM32G0xx\FreeRTOS\Source\portable\MemMang\heap_4.o
 .text.xQueueGenericReset
                0x0801a420       0x9e Thirdparty\Middleware\STM32G0xx\FreeRTOS\Source\queue.o
                0x0801a420                xQueueGenericReset
 .text.xQueueGenericCreate
                0x0801a4be       0x52 Thirdparty\Middleware\STM32G0xx\FreeRTOS\Source\queue.o
                0x0801a4be                xQueueGenericCreate
 .text.prvInitialiseNewQueue
                0x0801a510       0x4e Thirdparty\Middleware\STM32G0xx\FreeRTOS\Source\queue.o
 .text.xQueueCreateCountingSemaphore
                0x0801a55e       0x30 Thirdparty\Middleware\STM32G0xx\FreeRTOS\Source\queue.o
                0x0801a55e                xQueueCreateCountingSemaphore
 .text.xQueueGenericSend
                0x0801a58e      0x12a Thirdparty\Middleware\STM32G0xx\FreeRTOS\Source\queue.o
                0x0801a58e                xQueueGenericSend
 .text.xQueueGenericSendFromISR
                0x0801a6b8       0xa6 Thirdparty\Middleware\STM32G0xx\FreeRTOS\Source\queue.o
                0x0801a6b8                xQueueGenericSendFromISR
 .text.xQueueGiveFromISR
                0x0801a75e       0x96 Thirdparty\Middleware\STM32G0xx\FreeRTOS\Source\queue.o
                0x0801a75e                xQueueGiveFromISR
 .text.xQueueReceive
                0x0801a7f4      0x128 Thirdparty\Middleware\STM32G0xx\FreeRTOS\Source\queue.o
                0x0801a7f4                xQueueReceive
 .text.xQueueSemaphoreTake
                0x0801a91c      0x178 Thirdparty\Middleware\STM32G0xx\FreeRTOS\Source\queue.o
                0x0801a91c                xQueueSemaphoreTake
 .text.xQueueReceiveFromISR
                0x0801aa94       0xa0 Thirdparty\Middleware\STM32G0xx\FreeRTOS\Source\queue.o
                0x0801aa94                xQueueReceiveFromISR
 .text.prvGetDisinheritPriorityAfterTimeout
                0x0801ab34       0x2c Thirdparty\Middleware\STM32G0xx\FreeRTOS\Source\queue.o
 .text.prvCopyDataToQueue
                0x0801ab60       0xd6 Thirdparty\Middleware\STM32G0xx\FreeRTOS\Source\queue.o
 .text.prvCopyDataFromQueue
                0x0801ac36       0x4c Thirdparty\Middleware\STM32G0xx\FreeRTOS\Source\queue.o
 .text.prvUnlockQueue
                0x0801ac82       0xbc Thirdparty\Middleware\STM32G0xx\FreeRTOS\Source\queue.o
 .text.prvIsQueueEmpty
                0x0801ad3e       0x2c Thirdparty\Middleware\STM32G0xx\FreeRTOS\Source\queue.o
 .text.prvIsQueueFull
                0x0801ad6a       0x30 Thirdparty\Middleware\STM32G0xx\FreeRTOS\Source\queue.o
 *fill*         0x0801ad9a        0x2 
 .text.vQueueAddToRegistry
                0x0801ad9c       0x50 Thirdparty\Middleware\STM32G0xx\FreeRTOS\Source\queue.o
                0x0801ad9c                vQueueAddToRegistry
 .text.vQueueWaitForMessageRestricted
                0x0801adec       0x66 Thirdparty\Middleware\STM32G0xx\FreeRTOS\Source\queue.o
                0x0801adec                vQueueWaitForMessageRestricted
 .text.xTaskCreate
                0x0801ae52       0x90 Thirdparty\Middleware\STM32G0xx\FreeRTOS\Source\tasks.o
                0x0801ae52                xTaskCreate
 *fill*         0x0801aee2        0x2 
 .text.prvInitialiseNewTask
                0x0801aee4      0x10c Thirdparty\Middleware\STM32G0xx\FreeRTOS\Source\tasks.o
 .text.prvAddNewTaskToReadyList
                0x0801aff0       0xd0 Thirdparty\Middleware\STM32G0xx\FreeRTOS\Source\tasks.o
 .text.vTaskDelay
                0x0801b0c0       0x3a Thirdparty\Middleware\STM32G0xx\FreeRTOS\Source\tasks.o
                0x0801b0c0                vTaskDelay
 *fill*         0x0801b0fa        0x2 
 .text.eTaskGetState
                0x0801b0fc       0xd0 Thirdparty\Middleware\STM32G0xx\FreeRTOS\Source\tasks.o
                0x0801b0fc                eTaskGetState
 .text.uxTaskPriorityGet
                0x0801b1cc       0x34 Thirdparty\Middleware\STM32G0xx\FreeRTOS\Source\tasks.o
                0x0801b1cc                uxTaskPriorityGet
 .text.vTaskPrioritySet
                0x0801b200      0x110 Thirdparty\Middleware\STM32G0xx\FreeRTOS\Source\tasks.o
                0x0801b200                vTaskPrioritySet
 .text.vTaskStartScheduler
                0x0801b310       0x74 Thirdparty\Middleware\STM32G0xx\FreeRTOS\Source\tasks.o
                0x0801b310                vTaskStartScheduler
 .text.vTaskSuspendAll
                0x0801b384       0x18 Thirdparty\Middleware\STM32G0xx\FreeRTOS\Source\tasks.o
                0x0801b384                vTaskSuspendAll
 .text.xTaskResumeAll
                0x0801b39c      0x10c Thirdparty\Middleware\STM32G0xx\FreeRTOS\Source\tasks.o
                0x0801b39c                xTaskResumeAll
 .text.xTaskGetTickCount
                0x0801b4a8       0x1c Thirdparty\Middleware\STM32G0xx\FreeRTOS\Source\tasks.o
                0x0801b4a8                xTaskGetTickCount
 .text.xTaskGetTickCountFromISR
                0x0801b4c4       0x20 Thirdparty\Middleware\STM32G0xx\FreeRTOS\Source\tasks.o
                0x0801b4c4                xTaskGetTickCountFromISR
 .text.uxTaskGetSystemState
                0x0801b4e4      0x120 Thirdparty\Middleware\STM32G0xx\FreeRTOS\Source\tasks.o
                0x0801b4e4                uxTaskGetSystemState
 .text.xTaskIncrementTick
                0x0801b604      0x150 Thirdparty\Middleware\STM32G0xx\FreeRTOS\Source\tasks.o
                0x0801b604                xTaskIncrementTick
 .text.vTaskSwitchContext
                0x0801b754      0x124 Thirdparty\Middleware\STM32G0xx\FreeRTOS\Source\tasks.o
                0x0801b754                vTaskSwitchContext
 .text.vTaskPlaceOnEventList
                0x0801b878       0x34 Thirdparty\Middleware\STM32G0xx\FreeRTOS\Source\tasks.o
                0x0801b878                vTaskPlaceOnEventList
 .text.vTaskPlaceOnEventListRestricted
                0x0801b8ac       0x44 Thirdparty\Middleware\STM32G0xx\FreeRTOS\Source\tasks.o
                0x0801b8ac                vTaskPlaceOnEventListRestricted
 .text.xTaskRemoveFromEventList
                0x0801b8f0       0xb0 Thirdparty\Middleware\STM32G0xx\FreeRTOS\Source\tasks.o
                0x0801b8f0                xTaskRemoveFromEventList
 .text.vTaskInternalSetTimeOutState
                0x0801b9a0       0x28 Thirdparty\Middleware\STM32G0xx\FreeRTOS\Source\tasks.o
                0x0801b9a0                vTaskInternalSetTimeOutState
 .text.xTaskCheckForTimeOut
                0x0801b9c8       0x8c Thirdparty\Middleware\STM32G0xx\FreeRTOS\Source\tasks.o
                0x0801b9c8                xTaskCheckForTimeOut
 .text.vTaskMissedYield
                0x0801ba54       0x14 Thirdparty\Middleware\STM32G0xx\FreeRTOS\Source\tasks.o
                0x0801ba54                vTaskMissedYield
 .text.prvIdleTask
                0x0801ba68       0x20 Thirdparty\Middleware\STM32G0xx\FreeRTOS\Source\tasks.o
 .text.prvInitialiseTaskLists
                0x0801ba88       0x88 Thirdparty\Middleware\STM32G0xx\FreeRTOS\Source\tasks.o
 .text.prvCheckTasksWaitingTermination
                0x0801bb10       0x5c Thirdparty\Middleware\STM32G0xx\FreeRTOS\Source\tasks.o
 .text.vTaskGetInfo
                0x0801bb6c       0xd8 Thirdparty\Middleware\STM32G0xx\FreeRTOS\Source\tasks.o
                0x0801bb6c                vTaskGetInfo
 .text.prvListTasksWithinSingleList
                0x0801bc44       0xa6 Thirdparty\Middleware\STM32G0xx\FreeRTOS\Source\tasks.o
 .text.prvTaskCheckFreeStackSpace
                0x0801bcea       0x34 Thirdparty\Middleware\STM32G0xx\FreeRTOS\Source\tasks.o
 .text.prvDeleteTCB
                0x0801bd1e       0x22 Thirdparty\Middleware\STM32G0xx\FreeRTOS\Source\tasks.o
 .text.prvResetNextTaskUnblockTime
                0x0801bd40       0x3c Thirdparty\Middleware\STM32G0xx\FreeRTOS\Source\tasks.o
 .text.xTaskGetSchedulerState
                0x0801bd7c       0x38 Thirdparty\Middleware\STM32G0xx\FreeRTOS\Source\tasks.o
                0x0801bd7c                xTaskGetSchedulerState
 .text.xTaskPriorityInherit
                0x0801bdb4       0xd0 Thirdparty\Middleware\STM32G0xx\FreeRTOS\Source\tasks.o
                0x0801bdb4                xTaskPriorityInherit
 .text.xTaskPriorityDisinherit
                0x0801be84       0x98 Thirdparty\Middleware\STM32G0xx\FreeRTOS\Source\tasks.o
                0x0801be84                xTaskPriorityDisinherit
 .text.vTaskPriorityDisinheritAfterTimeout
                0x0801bf1c       0xc0 Thirdparty\Middleware\STM32G0xx\FreeRTOS\Source\tasks.o
                0x0801bf1c                vTaskPriorityDisinheritAfterTimeout
 .text.prvWriteNameToBuffer
                0x0801bfdc       0x52 Thirdparty\Middleware\STM32G0xx\FreeRTOS\Source\tasks.o
 *fill*         0x0801c02e        0x2 
 .text.vTaskList
                0x0801c030      0x14c Thirdparty\Middleware\STM32G0xx\FreeRTOS\Source\tasks.o
                0x0801c030                vTaskList
 .text.vTaskGetRunTimeStats
                0x0801c17c      0x118 Thirdparty\Middleware\STM32G0xx\FreeRTOS\Source\tasks.o
                0x0801c17c                vTaskGetRunTimeStats
 .text.pvTaskIncrementMutexHeldCount
                0x0801c294       0x24 Thirdparty\Middleware\STM32G0xx\FreeRTOS\Source\tasks.o
                0x0801c294                pvTaskIncrementMutexHeldCount
 .text.ulTaskNotifyTake
                0x0801c2b8       0x84 Thirdparty\Middleware\STM32G0xx\FreeRTOS\Source\tasks.o
                0x0801c2b8                ulTaskNotifyTake
 .text.xTaskGenericNotify
                0x0801c33c      0x104 Thirdparty\Middleware\STM32G0xx\FreeRTOS\Source\tasks.o
                0x0801c33c                xTaskGenericNotify
 .text.xTaskGenericNotifyFromISR
                0x0801c440      0x140 Thirdparty\Middleware\STM32G0xx\FreeRTOS\Source\tasks.o
                0x0801c440                xTaskGenericNotifyFromISR
 .text.vTaskNotifyGiveFromISR
                0x0801c580       0xd8 Thirdparty\Middleware\STM32G0xx\FreeRTOS\Source\tasks.o
                0x0801c580                vTaskNotifyGiveFromISR
 .text.prvAddCurrentTaskToDelayedList
                0x0801c658       0xa8 Thirdparty\Middleware\STM32G0xx\FreeRTOS\Source\tasks.o
 .text.xTimerCreateTimerTask
                0x0801c700       0x4c Thirdparty\Middleware\STM32G0xx\FreeRTOS\Source\timers.o
                0x0801c700                xTimerCreateTimerTask
 .text.xTimerCreate
                0x0801c74c       0x46 Thirdparty\Middleware\STM32G0xx\FreeRTOS\Source\timers.o
                0x0801c74c                xTimerCreate
 .text.prvInitialiseNewTimer
                0x0801c792       0x5a Thirdparty\Middleware\STM32G0xx\FreeRTOS\Source\timers.o
 .text.xTimerGenericCommand
                0x0801c7ec       0x8c Thirdparty\Middleware\STM32G0xx\FreeRTOS\Source\timers.o
                0x0801c7ec                xTimerGenericCommand
 .text.prvProcessExpiredTimer
                0x0801c878       0x80 Thirdparty\Middleware\STM32G0xx\FreeRTOS\Source\timers.o
 .text.prvTimerTask
                0x0801c8f8       0x28 Thirdparty\Middleware\STM32G0xx\FreeRTOS\Source\timers.o
 .text.prvProcessTimerOrBlockTask
                0x0801c920       0x90 Thirdparty\Middleware\STM32G0xx\FreeRTOS\Source\timers.o
 .text.prvGetNextExpireTime
                0x0801c9b0       0x44 Thirdparty\Middleware\STM32G0xx\FreeRTOS\Source\timers.o
 .text.prvSampleTimeNow
                0x0801c9f4       0x40 Thirdparty\Middleware\STM32G0xx\FreeRTOS\Source\timers.o
 .text.prvInsertTimerInActiveList
                0x0801ca34       0x84 Thirdparty\Middleware\STM32G0xx\FreeRTOS\Source\timers.o
 .text.prvProcessReceivedCommands
                0x0801cab8      0x16c Thirdparty\Middleware\STM32G0xx\FreeRTOS\Source\timers.o
 .text.prvSwitchTimerLists
                0x0801cc24       0xb0 Thirdparty\Middleware\STM32G0xx\FreeRTOS\Source\timers.o
 .text.prvCheckForValidListAndQueue
                0x0801ccd4       0x74 Thirdparty\Middleware\STM32G0xx\FreeRTOS\Source\timers.o
 .text.Powerstep01_AttachErrorHandler
                0x0801cd48       0x1c Thirdparty\PowerStep01-Stepper\powerstep01.o
                0x0801cd48                Powerstep01_AttachErrorHandler
 .text.Powerstep01_AttachFlagInterrupt
                0x0801cd64       0x1c Thirdparty\PowerStep01-Stepper\powerstep01.o
                0x0801cd64                Powerstep01_AttachFlagInterrupt
 .text.Powerstep01_AttachBusyInterrupt
                0x0801cd80       0x1c Thirdparty\PowerStep01-Stepper\powerstep01.o
                0x0801cd80                Powerstep01_AttachBusyInterrupt
 .text.Powerstep01_Init
                0x0801cd9c       0x68 Thirdparty\PowerStep01-Stepper\powerstep01.o
                0x0801cd9c                Powerstep01_Init
 .text.Powerstep01_CheckBusyHw
                0x0801ce04       0x18 Thirdparty\PowerStep01-Stepper\powerstep01.o
                0x0801ce04                Powerstep01_CheckBusyHw
 .text.Powerstep01_CmdGetStatus
                0x0801ce1c      0x160 Thirdparty\PowerStep01-Stepper\powerstep01.o
                0x0801ce1c                Powerstep01_CmdGetStatus
 .text.Powerstep01_CmdHardHiZ
                0x0801cf7c       0x22 Thirdparty\PowerStep01-Stepper\powerstep01.o
                0x0801cf7c                Powerstep01_CmdHardHiZ
 .text.Powerstep01_CmdHardStop
                0x0801cf9e       0x22 Thirdparty\PowerStep01-Stepper\powerstep01.o
                0x0801cf9e                Powerstep01_CmdHardStop
 .text.Powerstep01_CmdMove
                0x0801cfc0       0x32 Thirdparty\PowerStep01-Stepper\powerstep01.o
                0x0801cfc0                Powerstep01_CmdMove
 .text.Powerstep01_CmdRun
                0x0801cff2       0x32 Thirdparty\PowerStep01-Stepper\powerstep01.o
                0x0801cff2                Powerstep01_CmdRun
 .text.Powerstep01_CmdSetParam
                0x0801d024      0x1d8 Thirdparty\PowerStep01-Stepper\powerstep01.o
                0x0801d024                Powerstep01_CmdSetParam
 .text.Powerstep01_CmdSoftStop
                0x0801d1fc       0x22 Thirdparty\PowerStep01-Stepper\powerstep01.o
                0x0801d1fc                Powerstep01_CmdSoftStop
 *fill*         0x0801d21e        0x2 
 .text.Powerstep01_FetchAndClearAllStatus
                0x0801d220       0xc8 Thirdparty\PowerStep01-Stepper\powerstep01.o
                0x0801d220                Powerstep01_FetchAndClearAllStatus
 .text.Powerstep01_IsDeviceBusy
                0x0801d2e8       0x2e Thirdparty\PowerStep01-Stepper\powerstep01.o
                0x0801d2e8                Powerstep01_IsDeviceBusy
 *fill*         0x0801d316        0x2 
 .text.Powerstep01_SetNbDevices
                0x0801d318       0x30 Thirdparty\PowerStep01-Stepper\powerstep01.o
                0x0801d318                Powerstep01_SetNbDevices
 .text.Powerstep01_StopStepClock
                0x0801d348        0xe Thirdparty\PowerStep01-Stepper\powerstep01.o
                0x0801d348                Powerstep01_StopStepClock
 .text.Powerstep01_WaitWhileActive
                0x0801d356       0x26 Thirdparty\PowerStep01-Stepper\powerstep01.o
                0x0801d356                Powerstep01_WaitWhileActive
 .text.Powerstep01_BusyInterruptHandler
                0x0801d37c       0x2c Thirdparty\PowerStep01-Stepper\powerstep01.o
                0x0801d37c                Powerstep01_BusyInterruptHandler
 .text.Powerstep01_ErrorHandler
                0x0801d3a8       0x30 Thirdparty\PowerStep01-Stepper\powerstep01.o
                0x0801d3a8                Powerstep01_ErrorHandler
 .text.Powerstep01_FlagInterruptHandler
                0x0801d3d8       0x2c Thirdparty\PowerStep01-Stepper\powerstep01.o
                0x0801d3d8                Powerstep01_FlagInterruptHandler
 .text.Powerstep01_SendCommand
                0x0801d404      0x1c0 Thirdparty\PowerStep01-Stepper\powerstep01.o
                0x0801d404                Powerstep01_SendCommand
 .text.Powerstep01_SetRegisterToPredefinedValues
                0x0801d5c4      0x384 Thirdparty\PowerStep01-Stepper\powerstep01.o
                0x0801d5c4                Powerstep01_SetRegisterToPredefinedValues
 .text.Powerstep01_SetDeviceParamsToGivenValues
                0x0801d948      0x3e2 Thirdparty\PowerStep01-Stepper\powerstep01.o
                0x0801d948                Powerstep01_SetDeviceParamsToGivenValues
 *fill*         0x0801dd2a        0x2 
 .text.Powerstep01_WriteBytes
                0x0801dd2c       0x50 Thirdparty\PowerStep01-Stepper\powerstep01.o
                0x0801dd2c                Powerstep01_WriteBytes
 .text.Powerstep01_AccDec_Steps_s2_to_RegVal
                0x0801dd7c       0x34 Thirdparty\PowerStep01-Stepper\powerstep01.o
                0x0801dd7c                Powerstep01_AccDec_Steps_s2_to_RegVal
 .text.Powerstep01_BEMFslope_Perc_to_RegVal
                0x0801ddb0       0x34 Thirdparty\PowerStep01-Stepper\powerstep01.o
                0x0801ddb0                Powerstep01_BEMFslope_Perc_to_RegVal
 .text.Powerstep01_FSSpd_Steps_s_to_RegVal
                0x0801dde4       0x28 Thirdparty\PowerStep01-Stepper\powerstep01.o
                0x0801dde4                Powerstep01_FSSpd_Steps_s_to_RegVal
 .text.Powerstep01_IntSpd_Steps_s_to_RegVal
                0x0801de0c       0x34 Thirdparty\PowerStep01-Stepper\powerstep01.o
                0x0801de0c                Powerstep01_IntSpd_Steps_s_to_RegVal
 .text.Powerstep01_KTherm_Comp_to_RegVal
                0x0801de40       0x3e Thirdparty\PowerStep01-Stepper\powerstep01.o
                0x0801de40                Powerstep01_KTherm_Comp_to_RegVal
 *fill*         0x0801de7e        0x2 
 .text.Powerstep01_Kval_Perc_to_RegVal
                0x0801de80       0x34 Thirdparty\PowerStep01-Stepper\powerstep01.o
                0x0801de80                Powerstep01_Kval_Perc_to_RegVal
 .text.Powerstep01_MaxSpd_Steps_s_to_RegVal
                0x0801deb4       0x34 Thirdparty\PowerStep01-Stepper\powerstep01.o
                0x0801deb4                Powerstep01_MaxSpd_Steps_s_to_RegVal
 .text.Powerstep01_MinSpd_Steps_s_to_RegVal
                0x0801dee8       0x34 Thirdparty\PowerStep01-Stepper\powerstep01.o
                0x0801dee8                Powerstep01_MinSpd_Steps_s_to_RegVal
 .text.Powerstep01_StallOcd_Th_to_RegVal
                0x0801df1c       0x44 Thirdparty\PowerStep01-Stepper\powerstep01.o
                0x0801df1c                Powerstep01_StallOcd_Th_to_RegVal
 .text.Powerstep01_Tval_RefVoltage_to_RegVal
                0x0801df60       0x44 Thirdparty\PowerStep01-Stepper\powerstep01.o
                0x0801df60                Powerstep01_Tval_RefVoltage_to_RegVal
 .text.Powerstep01_Tmin_Time_to_RegVal
                0x0801dfa4       0x3c Thirdparty\PowerStep01-Stepper\powerstep01.o
                0x0801dfa4                Powerstep01_Tmin_Time_to_RegVal
 .text.HAL_Init
                0x0801dfe0       0x40 Thirdparty\STM32G0xx_HAL_Driver\Src\stm32g0xx_hal.o
                0x0801dfe0                HAL_Init
 .text.HAL_InitTick
                0x0801e020       0x94 Thirdparty\STM32G0xx_HAL_Driver\Src\stm32g0xx_hal.o
                0x0801e020                HAL_InitTick
 .text.HAL_IncTick
                0x0801e0b4       0x24 Thirdparty\STM32G0xx_HAL_Driver\Src\stm32g0xx_hal.o
                0x0801e0b4                HAL_IncTick
 .text.HAL_GetTick
                0x0801e0d8       0x14 Thirdparty\STM32G0xx_HAL_Driver\Src\stm32g0xx_hal.o
                0x0801e0d8                HAL_GetTick
 .text.HAL_Delay
                0x0801e0ec       0x48 Thirdparty\STM32G0xx_HAL_Driver\Src\stm32g0xx_hal.o
                0x0801e0ec                HAL_Delay
 .text.HAL_GetREVID
                0x0801e134       0x18 Thirdparty\STM32G0xx_HAL_Driver\Src\stm32g0xx_hal.o
                0x0801e134                HAL_GetREVID
 .text.HAL_GetDEVID
                0x0801e14c       0x18 Thirdparty\STM32G0xx_HAL_Driver\Src\stm32g0xx_hal.o
                0x0801e14c                HAL_GetDEVID
 .text.LL_ADC_SetCommonPathInternalCh
                0x0801e164       0x28 Thirdparty\STM32G0xx_HAL_Driver\Src\stm32g0xx_hal_adc.o
 .text.LL_ADC_GetCommonPathInternalCh
                0x0801e18c       0x1a Thirdparty\STM32G0xx_HAL_Driver\Src\stm32g0xx_hal_adc.o
 .text.LL_ADC_SetSamplingTimeCommonChannels
                0x0801e1a6       0x3a Thirdparty\STM32G0xx_HAL_Driver\Src\stm32g0xx_hal_adc.o
 .text.LL_ADC_GetSamplingTimeCommonChannels
                0x0801e1e0       0x2e Thirdparty\STM32G0xx_HAL_Driver\Src\stm32g0xx_hal_adc.o
 .text.LL_ADC_REG_IsTriggerSourceSWStart
                0x0801e20e       0x22 Thirdparty\STM32G0xx_HAL_Driver\Src\stm32g0xx_hal_adc.o
 .text.LL_ADC_REG_SetSequencerRanks
                0x0801e230       0x40 Thirdparty\STM32G0xx_HAL_Driver\Src\stm32g0xx_hal_adc.o
 .text.LL_ADC_REG_SetSequencerChAdd
                0x0801e270       0x22 Thirdparty\STM32G0xx_HAL_Driver\Src\stm32g0xx_hal_adc.o
 .text.LL_ADC_REG_SetSequencerChRem
                0x0801e292       0x24 Thirdparty\STM32G0xx_HAL_Driver\Src\stm32g0xx_hal_adc.o
 *fill*         0x0801e2b6        0x2 
 .text.LL_ADC_SetChannelSamplingTime
                0x0801e2b8       0x38 Thirdparty\STM32G0xx_HAL_Driver\Src\stm32g0xx_hal_adc.o
 .text.LL_ADC_EnableInternalRegulator
                0x0801e2f0       0x28 Thirdparty\STM32G0xx_HAL_Driver\Src\stm32g0xx_hal_adc.o
 .text.LL_ADC_IsInternalRegulatorEnabled
                0x0801e318       0x28 Thirdparty\STM32G0xx_HAL_Driver\Src\stm32g0xx_hal_adc.o
 .text.LL_ADC_Enable
                0x0801e340       0x24 Thirdparty\STM32G0xx_HAL_Driver\Src\stm32g0xx_hal_adc.o
 .text.LL_ADC_Disable
                0x0801e364       0x24 Thirdparty\STM32G0xx_HAL_Driver\Src\stm32g0xx_hal_adc.o
 .text.LL_ADC_IsEnabled
                0x0801e388       0x22 Thirdparty\STM32G0xx_HAL_Driver\Src\stm32g0xx_hal_adc.o
 .text.LL_ADC_IsDisableOngoing
                0x0801e3aa       0x22 Thirdparty\STM32G0xx_HAL_Driver\Src\stm32g0xx_hal_adc.o
 .text.LL_ADC_REG_StartConversion
                0x0801e3cc       0x24 Thirdparty\STM32G0xx_HAL_Driver\Src\stm32g0xx_hal_adc.o
 .text.LL_ADC_REG_StopConversion
                0x0801e3f0       0x24 Thirdparty\STM32G0xx_HAL_Driver\Src\stm32g0xx_hal_adc.o
 .text.LL_ADC_REG_IsConversionOngoing
                0x0801e414       0x22 Thirdparty\STM32G0xx_HAL_Driver\Src\stm32g0xx_hal_adc.o
 *fill*         0x0801e436        0x2 
 .text.HAL_ADC_Init
                0x0801e438      0x350 Thirdparty\STM32G0xx_HAL_Driver\Src\stm32g0xx_hal_adc.o
                0x0801e438                HAL_ADC_Init
 .text.HAL_ADC_Start
                0x0801e788       0x9c Thirdparty\STM32G0xx_HAL_Driver\Src\stm32g0xx_hal_adc.o
                0x0801e788                HAL_ADC_Start
 .text.HAL_ADC_Stop
                0x0801e824       0x78 Thirdparty\STM32G0xx_HAL_Driver\Src\stm32g0xx_hal_adc.o
                0x0801e824                HAL_ADC_Stop
 .text.HAL_ADC_PollForConversion
                0x0801e89c      0x128 Thirdparty\STM32G0xx_HAL_Driver\Src\stm32g0xx_hal_adc.o
                0x0801e89c                HAL_ADC_PollForConversion
 .text.HAL_ADC_GetValue
                0x0801e9c4       0x16 Thirdparty\STM32G0xx_HAL_Driver\Src\stm32g0xx_hal_adc.o
                0x0801e9c4                HAL_ADC_GetValue
 *fill*         0x0801e9da        0x2 
 .text.HAL_ADC_ConfigChannel
                0x0801e9dc      0x3b0 Thirdparty\STM32G0xx_HAL_Driver\Src\stm32g0xx_hal_adc.o
                0x0801e9dc                HAL_ADC_ConfigChannel
 .text.ADC_ConversionStop
                0x0801ed8c       0x84 Thirdparty\STM32G0xx_HAL_Driver\Src\stm32g0xx_hal_adc.o
                0x0801ed8c                ADC_ConversionStop
 .text.ADC_Enable
                0x0801ee10      0x10c Thirdparty\STM32G0xx_HAL_Driver\Src\stm32g0xx_hal_adc.o
                0x0801ee10                ADC_Enable
 .text.ADC_Disable
                0x0801ef1c       0xbc Thirdparty\STM32G0xx_HAL_Driver\Src\stm32g0xx_hal_adc.o
                0x0801ef1c                ADC_Disable
 .text.__NVIC_EnableIRQ
                0x0801efd8       0x34 Thirdparty\STM32G0xx_HAL_Driver\Src\stm32g0xx_hal_cortex.o
 .text.__NVIC_SetPriority
                0x0801f00c       0xdc Thirdparty\STM32G0xx_HAL_Driver\Src\stm32g0xx_hal_cortex.o
 .text.SysTick_Config
                0x0801f0e8       0x48 Thirdparty\STM32G0xx_HAL_Driver\Src\stm32g0xx_hal_cortex.o
 .text.HAL_NVIC_SetPriority
                0x0801f130       0x2a Thirdparty\STM32G0xx_HAL_Driver\Src\stm32g0xx_hal_cortex.o
                0x0801f130                HAL_NVIC_SetPriority
 .text.HAL_NVIC_EnableIRQ
                0x0801f15a       0x20 Thirdparty\STM32G0xx_HAL_Driver\Src\stm32g0xx_hal_cortex.o
                0x0801f15a                HAL_NVIC_EnableIRQ
 .text.HAL_SYSTICK_Config
                0x0801f17a       0x1a Thirdparty\STM32G0xx_HAL_Driver\Src\stm32g0xx_hal_cortex.o
                0x0801f17a                HAL_SYSTICK_Config
 .text.HAL_CRC_Init
                0x0801f194       0xcc Thirdparty\STM32G0xx_HAL_Driver\Src\stm32g0xx_hal_crc.o
                0x0801f194                HAL_CRC_Init
 .text.HAL_CRC_Accumulate
                0x0801f260       0x8e Thirdparty\STM32G0xx_HAL_Driver\Src\stm32g0xx_hal_crc.o
                0x0801f260                HAL_CRC_Accumulate
 .text.HAL_CRC_Calculate
                0x0801f2ee       0x9e Thirdparty\STM32G0xx_HAL_Driver\Src\stm32g0xx_hal_crc.o
                0x0801f2ee                HAL_CRC_Calculate
 .text.CRC_Handle_8
                0x0801f38c      0x122 Thirdparty\STM32G0xx_HAL_Driver\Src\stm32g0xx_hal_crc.o
 .text.CRC_Handle_16
                0x0801f4ae       0x6e Thirdparty\STM32G0xx_HAL_Driver\Src\stm32g0xx_hal_crc.o
 .text.HAL_CRCEx_Polynomial_Set
                0x0801f51c       0xea Thirdparty\STM32G0xx_HAL_Driver\Src\stm32g0xx_hal_crc_ex.o
                0x0801f51c                HAL_CRCEx_Polynomial_Set
 *fill*         0x0801f606        0x2 
 .text.HAL_DMA_Init
                0x0801f608      0x158 Thirdparty\STM32G0xx_HAL_Driver\Src\stm32g0xx_hal_dma.o
                0x0801f608                HAL_DMA_Init
 .text.HAL_DMA_Start_IT
                0x0801f760      0x10c Thirdparty\STM32G0xx_HAL_Driver\Src\stm32g0xx_hal_dma.o
                0x0801f760                HAL_DMA_Start_IT
 .text.HAL_DMA_Abort
                0x0801f86c       0xc0 Thirdparty\STM32G0xx_HAL_Driver\Src\stm32g0xx_hal_dma.o
                0x0801f86c                HAL_DMA_Abort
 .text.HAL_DMA_Abort_IT
                0x0801f92c       0xd0 Thirdparty\STM32G0xx_HAL_Driver\Src\stm32g0xx_hal_dma.o
                0x0801f92c                HAL_DMA_Abort_IT
 .text.HAL_DMA_IRQHandler
                0x0801f9fc      0x188 Thirdparty\STM32G0xx_HAL_Driver\Src\stm32g0xx_hal_dma.o
                0x0801f9fc                HAL_DMA_IRQHandler
 .text.HAL_DMA_GetError
                0x0801fb84       0x14 Thirdparty\STM32G0xx_HAL_Driver\Src\stm32g0xx_hal_dma.o
                0x0801fb84                HAL_DMA_GetError
 .text.DMA_SetConfig
                0x0801fb98       0x78 Thirdparty\STM32G0xx_HAL_Driver\Src\stm32g0xx_hal_dma.o
 .text.DMA_CalcDMAMUXChannelBaseAndMask
                0x0801fc10       0x94 Thirdparty\STM32G0xx_HAL_Driver\Src\stm32g0xx_hal_dma.o
 .text.DMA_CalcDMAMUXRequestGenBaseAndMask
                0x0801fca4       0x48 Thirdparty\STM32G0xx_HAL_Driver\Src\stm32g0xx_hal_dma.o
 .text.HAL_FLASH_Program
                0x0801fcec       0x9c Thirdparty\STM32G0xx_HAL_Driver\Src\stm32g0xx_hal_flash.o
                0x0801fcec                HAL_FLASH_Program
 .text.HAL_FLASH_Unlock
                0x0801fd88       0x48 Thirdparty\STM32G0xx_HAL_Driver\Src\stm32g0xx_hal_flash.o
                0x0801fd88                HAL_FLASH_Unlock
 .text.HAL_FLASH_Lock
                0x0801fdd0       0x44 Thirdparty\STM32G0xx_HAL_Driver\Src\stm32g0xx_hal_flash.o
                0x0801fdd0                HAL_FLASH_Lock
 .text.FLASH_WaitForLastOperation
                0x0801fe14       0x9c Thirdparty\STM32G0xx_HAL_Driver\Src\stm32g0xx_hal_flash.o
                0x0801fe14                FLASH_WaitForLastOperation
 .text.FLASH_Program_DoubleWord
                0x0801feb0       0x40 Thirdparty\STM32G0xx_HAL_Driver\Src\stm32g0xx_hal_flash.o
 .text.HAL_FLASHEx_Erase
                0x0801fef0       0xe0 Thirdparty\STM32G0xx_HAL_Driver\Src\stm32g0xx_hal_flash_ex.o
                0x0801fef0                HAL_FLASHEx_Erase
 .text.FLASH_MassErase
                0x0801ffd0       0x28 Thirdparty\STM32G0xx_HAL_Driver\Src\stm32g0xx_hal_flash_ex.o
 .text.FLASH_PageErase
                0x0801fff8       0x58 Thirdparty\STM32G0xx_HAL_Driver\Src\stm32g0xx_hal_flash_ex.o
                0x0801fff8                FLASH_PageErase
 .text.HAL_GPIO_Init
                0x08020050      0x2d8 Thirdparty\STM32G0xx_HAL_Driver\Src\stm32g0xx_hal_gpio.o
                0x08020050                HAL_GPIO_Init
 .text.HAL_GPIO_ReadPin
                0x08020328       0x3a Thirdparty\STM32G0xx_HAL_Driver\Src\stm32g0xx_hal_gpio.o
                0x08020328                HAL_GPIO_ReadPin
 .text.HAL_GPIO_WritePin
                0x08020362       0x3a Thirdparty\STM32G0xx_HAL_Driver\Src\stm32g0xx_hal_gpio.o
                0x08020362                HAL_GPIO_WritePin
 .text.HAL_GPIO_TogglePin
                0x0802039c       0x36 Thirdparty\STM32G0xx_HAL_Driver\Src\stm32g0xx_hal_gpio.o
                0x0802039c                HAL_GPIO_TogglePin
 *fill*         0x080203d2        0x2 
 .text.HAL_GPIO_EXTI_IRQHandler
                0x080203d4       0x54 Thirdparty\STM32G0xx_HAL_Driver\Src\stm32g0xx_hal_gpio.o
                0x080203d4                HAL_GPIO_EXTI_IRQHandler
 .text.HAL_MspInit
                0x08020428        0xa Thirdparty\STM32G0xx_HAL_Driver\Src\stm32g0xx_hal_msp_template.o
                0x08020428                HAL_MspInit
 *fill*         0x08020432        0x2 
 .text.HAL_PWR_EnableWakeUpPin
                0x08020434       0x40 Thirdparty\STM32G0xx_HAL_Driver\Src\stm32g0xx_hal_pwr.o